Map: /home/nir.miller/wh-rearrangement-CPLEX-main/wh_8x8-5-5-1-3/wh_8x8.map
Solver: NATCBS
Time limit: 60 sec
Scenario: /home/nir.miller/wh-rearrangement-CPLEX-main/wh_8x8-5-5-1-3/wh_8x8-5-5-1-10.scen
Map size: 8x8
Num of agents: 5
Num of obstacles: 5
Num of tasks: 1
Agent start locations: [(7, 7), (2, 7), (7, 5), (7, 1), (0, 7)]
Pickup locations: [(2, 2)]
Delivery locations: [(2, 2)]

Plan:
Agent 0: {0: (7, 7), 1: (7, 6), 2: (7, 5), 3: (7, 6), 4: (7, 6), 5: (7, 6), 6: (6, 6), 7: (6, 6), 8: (6, 6), 9: (6, 5)}
Agent 1: {0: (2, 7), 1: (2, 7), 2: (3, 7), 3: (4, 7), 4: (4, 7), 5: (4, 7), 6: (4, 7), 7: (4, 7), 8: (4, 7), 9: (4, 7)}
Agent 2: {0: (7, 5), 1: (7, 5), 2: (6, 5), 3: (6, 5), 4: (5, 5), 5: (4, 5), 6: (3, 5), 7: (4, 5), 8: (4, 4), 9: (3, 4)}
Agent 3: {0: (7, 1), 1: (7, 1), 2: (6, 1), 3: (7, 1), 4: (7, 0), 5: (6, 0), 6: (5, 0), 7: (5, 0), 8: (4, 0), 9: (3, 0)}
Agent 4: {0: (0, 7), 1: (0, 6), 2: (0, 5), 3: (1, 5), 4: (1, 4), 5: (1, 5), 6: (2, 5), 7: (3, 5), 8: (4, 5), 9: (5, 5)}
Obs 0: {5: (2, 2)}
Obs 1: {3: (0, 4)}
Obs 2: {4: (1, 4), 5: (1, 5), 6: (2, 5), 7: (3, 5), 8: (4, 5), 9: (5, 5)}
Obs 3: {6: (0, 1)}
Obs 4: {3: (5, 4)}
Makespan: 9
Elapsed time: 0.016 sec

