Map: /home/nir.miller/wh-rearrangement-CPLEX-main/wh_8x8-5-5-1-3/wh_8x8.map
Solver: NATCBS
Time limit: 60 sec
Scenario: /home/nir.miller/wh-rearrangement-CPLEX-main/wh_8x8-5-5-1-3/wh_8x8-5-5-1-7.scen
Map size: 8x8
Num of agents: 5
Num of obstacles: 5
Num of tasks: 1
Agent start locations: [(1, 5), (5, 0), (6, 3), (6, 7), (7, 5)]
Pickup locations: [(7, 5)]
Delivery locations: [(0, 1)]

Plan:
Agent 0: {0: (1, 5), 1: (1, 4), 2: (1, 4), 3: (1, 3), 4: (1, 3), 5: (1, 2), 6: (1, 3), 7: (1, 3), 8: (1, 2), 9: (1, 1), 10: (2, 1), 11: (2, 0)}
Agent 1: {0: (5, 0), 1: (5, 0), 2: (4, 0), 3: (4, 0), 4: (4, 1), 5: (4, 1), 6: (4, 1), 7: (3, 1), 8: (3, 2), 9: (4, 2), 10: (5, 2), 11: (4, 2)}
Agent 2: {0: (6, 3), 1: (6, 3), 2: (7, 3), 3: (7, 2), 4: (7, 3), 5: (7, 3), 6: (7, 3), 7: (7, 4), 8: (7, 5), 9: (6, 5), 10: (6, 6), 11: (5, 6)}
Agent 3: {0: (6, 7), 1: (6, 7), 2: (6, 7), 3: (6, 7), 4: (5, 7), 5: (4, 7), 6: (4, 7), 7: (4, 7), 8: (4, 7), 9: (4, 6), 10: (4, 5), 11: (4, 5)}
Agent 4: {0: (7, 5), 1: (6, 5), 2: (5, 5), 3: (4, 5), 4: (4, 4), 5: (3, 4), 6: (3, 3), 7: (2, 3), 8: (1, 3), 9: (1, 2), 10: (1, 1), 11: (0, 1)}
Obs 0: {0: (7, 5), 1: (6, 5), 2: (5, 5), 3: (4, 5), 4: (4, 4), 5: (3, 4), 6: (3, 3), 7: (2, 3), 8: (1, 3), 9: (1, 2), 10: (1, 1), 11: (0, 1)}
Obs 1: {4: (2, 2)}
Obs 2: {1: (6, 4)}
Obs 3: {1: (7, 4)}
Obs 4: {2: (5, 2)}
Makespan: 11
Elapsed time: 0.028 sec

