Map: /home/nir.miller/wh-rearrangement-CPLEX-main/wh_8x8-5-5-1-3/wh_8x8.map
Solver: NATCBS
Time limit: 60 sec
Scenario: /home/nir.miller/wh-rearrangement-CPLEX-main/wh_8x8-5-5-1-3/wh_8x8-5-5-1-0.scen
Map size: 8x8
Num of agents: 5
Num of obstacles: 5
Num of tasks: 1
Agent start locations: [(6, 0), (7, 3), (5, 1), (0, 7), (0, 4)]
Pickup locations: [(0, 4)]
Delivery locations: [(0, 4)]

Plan:
Agent 0: {0: (6, 0), 1: (6, 1), 2: (5, 1), 3: (4, 1), 4: (4, 1), 5: (4, 1), 6: (4, 1)}
Agent 1: {0: (7, 3), 1: (6, 3), 2: (6, 3), 3: (7, 3), 4: (7, 2), 5: (7, 2), 6: (7, 1)}
Agent 2: {0: (5, 1), 1: (5, 1), 2: (4, 1), 3: (4, 0), 4: (4, 0), 5: (5, 0), 6: (5, 0)}
Agent 3: {0: (0, 7), 1: (0, 7), 2: (0, 6), 3: (0, 5), 4: (0, 5), 5: (1, 5), 6: (1, 5)}
Agent 4: {0: (0, 4), 1: (0, 3), 2: (0, 2), 3: (0, 1), 4: (0, 2), 5: (0, 3), 6: (1, 3)}
Obs 0: {0: (0, 4)}
Obs 1: {0: (5, 1)}
Obs 2: {3: (3, 0)}
Obs 3: {3: (0, 1), 4: (0, 2), 5: (0, 3), 6: (1, 3)}
Obs 4: {1: (6, 3)}
Makespan: 6
Elapsed time: 0.006 sec

