Map: /home/nir.miller/wh-rearrangement-CPLEX-main/wh_8x8-5-5-1-3/wh_8x8.map
Solver: NATCBS
Time limit: 60 sec
Scenario: /home/nir.miller/wh-rearrangement-CPLEX-main/wh_8x8-5-5-1-3/wh_8x8-5-5-1-3.scen
Map size: 8x8
Num of agents: 5
Num of obstacles: 5
Num of tasks: 1
Agent start locations: [(0, 5), (3, 0), (5, 1), (6, 5), (3, 5)]
Pickup locations: [(7, 3)]
Delivery locations: [(7, 3)]

Plan:
Agent 0: {0: (0, 5), 1: (1, 5), 2: (1, 6), 3: (1, 6)}
Agent 1: {0: (3, 0), 1: (3, 0), 2: (3, 1), 3: (3, 1)}
Agent 2: {0: (5, 1), 1: (6, 1), 2: (7, 1), 3: (7, 2)}
Agent 3: {0: (6, 5), 1: (6, 5), 2: (6, 6), 3: (6, 6)}
Agent 4: {0: (3, 5), 1: (2, 5), 2: (2, 4), 3: (3, 4)}
Obs 0: {3: (7, 3)}
Obs 1: {2: (1, 4)}
Obs 2: {2: (2, 4), 3: (3, 4)}
Obs 3: {4: (0, 1)}
Obs 4: {2: (6, 0)}
Makespan: 3
Elapsed time: 0.002 sec

