Map: /home/nir.miller/wh-rearrangement-CPLEX-main/wh_8x8-5-5-1-3/wh_8x8.map
Solver: NATCBS
Time limit: 60 sec
Scenario: /home/nir.miller/wh-rearrangement-CPLEX-main/wh_8x8-5-5-1-3/wh_8x8-5-5-1-9.scen
Map size: 8x8
Num of agents: 5
Num of obstacles: 5
Num of tasks: 1
Agent start locations: [(4, 3), (7, 7), (5, 6), (0, 2), (0, 0)]
Pickup locations: [(4, 4)]
Delivery locations: [(4, 4)]

Plan:
Agent 0: {0: (4, 3), 1: (4, 4), 2: (4, 4), 3: (3, 4), 4: (4, 4), 5: (3, 4), 6: (2, 4), 7: (2, 4), 8: (2, 4), 9: (1, 4)}
Agent 1: {0: (7, 7), 1: (6, 7), 2: (6, 6), 3: (6, 6), 4: (5, 6), 5: (4, 6), 6: (4, 7), 7: (4, 6), 8: (5, 6), 9: (5, 7)}
Agent 2: {0: (5, 6), 1: (5, 5), 2: (4, 5), 3: (3, 5), 4: (3, 4), 5: (2, 4), 6: (2, 3), 7: (1, 3), 8: (1, 2), 9: (0, 2)}
Agent 3: {0: (0, 2), 1: (0, 2), 2: (0, 2), 3: (1, 2), 4: (2, 2), 5: (2, 2), 6: (2, 2), 7: (1, 2), 8: (1, 1), 9: (1, 2)}
Agent 4: {0: (0, 0), 1: (0, 0), 2: (0, 0), 3: (0, 0), 4: (0, 1), 5: (0, 1), 6: (0, 2), 7: (0, 2), 8: (0, 2), 9: (0, 3)}
Obs 0: {2: (4, 4), 3: (3, 4), 4: (4, 4)}
Obs 1: {3: (1, 4)}
Obs 2: {3: (4, 0)}
Obs 3: {2: (2, 2)}
Obs 4: {2: (4, 5), 3: (3, 5), 4: (3, 4), 5: (2, 4), 6: (2, 3), 7: (1, 3), 8: (1, 2), 9: (0, 2)}
Makespan: 9
Elapsed time: 0.014 sec

