Map: /home/nir.miller/wh-rearrangement-CPLEX-main/wh_8x8-5-5-1-3/wh_8x8.map
Solver: NATCBS
Time limit: 60 sec
Scenario: /home/nir.miller/wh-rearrangement-CPLEX-main/wh_8x8-5-5-1-3/wh_8x8-5-5-1-1.scen
Map size: 8x8
Num of agents: 5
Num of obstacles: 5
Num of tasks: 1
Agent start locations: [(4, 6), (2, 7), (3, 1), (0, 6), (2, 6)]
Pickup locations: [(3, 1)]
Delivery locations: [(3, 1)]

Plan:
Agent 0: {0: (4, 6), 1: (5, 6), 2: (5, 5), 3: (5, 4), 4: (5, 5)}
Agent 1: {0: (2, 7), 1: (1, 7), 2: (1, 6), 3: (1, 6), 4: (1, 6)}
Agent 2: {0: (3, 1), 1: (2, 1), 2: (2, 1), 3: (2, 1), 4: (2, 1)}
Agent 3: {0: (0, 6), 1: (0, 5), 2: (0, 5), 3: (0, 5), 4: (0, 6)}
Agent 4: {0: (2, 6), 1: (2, 5), 2: (1, 5), 3: (1, 4), 4: (2, 4)}
Obs 0: {0: (3, 1)}
Obs 1: {2: (4, 4)}
Obs 2: {3: (5, 4), 4: (5, 5)}
Obs 3: {3: (5, 0)}
Obs 4: {2: (1, 5)}
Makespan: 4
Elapsed time: 0.003 sec

