Map: /home/nir.miller/wh-rearrangement-CPLEX-main/wh_8x8-5-5-1-3/wh_8x8.map
Solver: NATCBS
Time limit: 60 sec
Scenario: /home/nir.miller/wh-rearrangement-CPLEX-main/wh_8x8-5-5-1-3/wh_8x8-5-5-1-6.scen
Map size: 8x8
Num of agents: 5
Num of obstacles: 5
Num of tasks: 1
Agent start locations: [(4, 1), (4, 6), (4, 0), (1, 1), (6, 2)]
Pickup locations: [(5, 5)]
Delivery locations: [(5, 5)]

Plan:
Agent 0: {0: (4, 1), 1: (4, 1), 2: (4, 1), 3: (5, 1), 4: (5, 2), 5: (6, 2), 6: (7, 2), 7: (7, 1), 8: (6, 1)}
Agent 1: {0: (4, 6), 1: (4, 7), 2: (4, 7), 3: (4, 7), 4: (3, 7), 5: (3, 7), 6: (3, 7), 7: (2, 7), 8: (2, 7)}
Agent 2: {0: (4, 0), 1: (4, 0), 2: (4, 0), 3: (3, 0), 4: (4, 0), 5: (4, 1), 6: (5, 1), 7: (5, 1), 8: (5, 2)}
Agent 3: {0: (1, 1), 1: (2, 1), 2: (2, 2), 3: (2, 3), 4: (1, 3), 5: (1, 4), 6: (1, 5), 7: (1, 6), 8: (1, 7)}
Agent 4: {0: (6, 2), 1: (6, 2), 2: (6, 3), 3: (6, 3), 4: (6, 4), 5: (5, 4), 6: (6, 4), 7: (6, 5), 8: (6, 4)}
Obs 0: {2: (5, 5)}
Obs 1: {2: (2, 2), 3: (2, 3), 4: (1, 3), 5: (1, 4), 6: (1, 5), 7: (1, 6), 8: (1, 7)}
Obs 2: {1: (5, 6)}
Obs 3: {1: (3, 6)}
Obs 4: {0: (4, 6)}
Makespan: 8
Elapsed time: 0.014 sec

