Map: /home/nir.miller/wh-rearrangement-CPLEX-main/wh_8x8-5-5-1-3/wh_8x8.map
Solver: NATCBS
Time limit: 60 sec
Scenario: /home/nir.miller/wh-rearrangement-CPLEX-main/wh_8x8-5-5-1-3/wh_8x8-5-5-1-4.scen
Map size: 8x8
Num of agents: 5
Num of obstacles: 5
Num of tasks: 1
Agent start locations: [(6, 6), (6, 5), (3, 1), (0, 4), (5, 1)]
Pickup locations: [(6, 5)]
Delivery locations: [(6, 5)]

Plan:
Agent 0: {0: (6, 6), 1: (5, 6), 2: (4, 6), 3: (4, 5), 4: (3, 5), 5: (2, 5), 6: (1, 5)}
Agent 1: {0: (6, 5), 1: (6, 5), 2: (6, 6), 3: (6, 7), 4: (6, 7), 5: (7, 7), 6: (7, 6)}
Agent 2: {0: (3, 1), 1: (3, 1), 2: (3, 0), 3: (2, 0), 4: (1, 0), 5: (1, 0), 6: (1, 1)}
Agent 3: {0: (0, 4), 1: (0, 5), 2: (0, 5), 3: (0, 6), 4: (0, 7), 5: (0, 7), 6: (1, 7)}
Agent 4: {0: (5, 1), 1: (4, 1), 2: (4, 1), 3: (5, 1), 4: (5, 2), 5: (5, 3), 6: (4, 3)}
Obs 0: {0: (6, 5)}
Obs 1: {1: (3, 2)}
Obs 2: {2: (4, 6), 3: (4, 5), 4: (3, 5), 5: (2, 5), 6: (1, 5)}
Obs 3: {1: (6, 7)}
Obs 4: {1: (5, 5)}
Makespan: 6
Elapsed time: 0.008 sec

