Map: /home/nir.miller/wh-rearrangement-CPLEX-main/wh_8x8-5-5-1-3/wh_8x8.map
Solver: NATCBS
Time limit: 60 sec
Scenario: /home/nir.miller/wh-rearrangement-CPLEX-main/wh_8x8-5-5-1-3/wh_8x8-5-5-1-8.scen
Map size: 8x8
Num of agents: 5
Num of obstacles: 5
Num of tasks: 1
Agent start locations: [(4, 2), (6, 3), (5, 4), (1, 0), (3, 4)]
Pickup locations: [(1, 3)]
Delivery locations: [(1, 3)]

Plan:
Agent 0: {0: (4, 2), 1: (5, 2), 2: (5, 1), 3: (4, 1), 4: (4, 0), 5: (4, 1), 6: (4, 0), 7: (4, 0)}
Agent 1: {0: (6, 3), 1: (6, 3), 2: (6, 3), 3: (6, 3), 4: (6, 3), 5: (5, 3), 6: (6, 3), 7: (6, 2)}
Agent 2: {0: (5, 4), 1: (6, 4), 2: (6, 4), 3: (6, 4), 4: (7, 4), 5: (7, 4), 6: (7, 3), 7: (7, 2)}
Agent 3: {0: (1, 0), 1: (1, 1), 2: (2, 1), 3: (3, 1), 4: (3, 0), 5: (4, 0), 6: (5, 0), 7: (6, 0)}
Agent 4: {0: (3, 4), 1: (3, 4), 2: (3, 4), 3: (3, 4), 4: (4, 4), 5: (4, 4), 6: (4, 5), 7: (4, 6)}
Obs 0: {3: (1, 3)}
Obs 1: {2: (5, 1)}
Obs 2: {2: (2, 1), 3: (3, 1), 4: (3, 0), 5: (4, 0), 6: (5, 0), 7: (6, 0)}
Obs 3: {4: (4, 0), 5: (4, 1), 6: (4, 0)}
Obs 4: {1: (2, 0)}
Makespan: 7
Elapsed time: 0.010 sec

