Map: /home/nir.miller/wh-rearrangement-CPLEX-main/wh_8x8-5-5-1-3/wh_8x8.map
Solver: NATCBS
Time limit: 60 sec
Scenario: /home/nir.miller/wh-rearrangement-CPLEX-main/wh_8x8-5-5-1-3/wh_8x8-5-5-1-2.scen
Map size: 8x8
Num of agents: 5
Num of obstacles: 5
Num of tasks: 1
Agent start locations: [(1, 4), (0, 6), (2, 1), (0, 5), (2, 4)]
Pickup locations: [(0, 6)]
Delivery locations: [(0, 6)]

Iteration: 1
No obs conflict detected, planning agent paths...
Updating graph from makespan 0 to 12
f ((-1, -1), SOURCE, -1) -> ((1, 4), OUT, 0) 1
f ((-1, -1), SOURCE, -1) -> ((0, 6), OUT, 0) 1
f ((-1, -1), SOURCE, -1) -> ((2, 1), OUT, 0) 1
f ((-1, -1), SOURCE, -1) -> ((0, 5), OUT, 0) 1
f ((-1, -1), SOURCE, -1) -> ((2, 4), OUT, 0) 1
f ((0, 5), OUT, 0) -> ((0, 5), IN, 1) 1
f ((2, 4), OUT, 0) -> ((2, 4), (3, 4), EDGE_IN, 1) 1
f ((2, 4), (3, 4), EDGE_IN, 1) -> ((2, 4), (3, 4), EDGE_OUT, 1) 1
f ((2, 4), (3, 4), EDGE_OUT, 1) -> ((3, 4), IN, 1) 1
f ((0, 6), OUT, 0) -> ((0, 6), (0, 7), EDGE_IN, 1) 1
f ((0, 6), (0, 7), EDGE_IN, 1) -> ((0, 6), (0, 7), EDGE_OUT, 1) 1
f ((0, 6), (0, 7), EDGE_OUT, 1) -> ((0, 7), IN, 1) 1
f ((2, 1), OUT, 0) -> ((2, 1), (2, 2), EDGE_IN, 1) 1
f ((2, 1), (2, 2), EDGE_IN, 1) -> ((2, 1), (2, 2), EDGE_OUT, 1) 1
f ((2, 1), (2, 2), EDGE_OUT, 1) -> ((2, 2), IN, 1) 1
f ((1, 4), OUT, 0) -> ((1, 4), (1, 5), EDGE_IN, 1) 1
f ((1, 4), (1, 5), EDGE_IN, 1) -> ((1, 4), (1, 5), EDGE_OUT, 1) 1
f ((1, 4), (1, 5), EDGE_OUT, 1) -> ((1, 5), IN, 1) 1
f ((0, 5), IN, 1) -> ((0, 5), OUT, 1) 1
f ((3, 4), IN, 1) -> ((3, 4), OUT, 1) 1
f ((0, 7), IN, 1) -> ((0, 7), OUT, 1) 1
f ((2, 2), IN, 1) -> ((2, 2), OUT, 1) 1
f ((1, 5), IN, 1) -> ((1, 5), OUT, 1) 1
f ((0, 7), OUT, 1) -> ((0, 6), (0, 7), EDGE_IN, 2) 1
f ((0, 6), (0, 7), EDGE_IN, 2) -> ((0, 6), (0, 7), EDGE_OUT, 2) 1
f ((0, 6), (0, 7), EDGE_OUT, 2) -> ((0, 6), IN, 2) 1
f ((0, 5), OUT, 1) -> ((0, 4), (0, 5), EDGE_IN, 2) 1
f ((0, 4), (0, 5), EDGE_IN, 2) -> ((0, 4), (0, 5), EDGE_OUT, 2) 1
f ((0, 4), (0, 5), EDGE_OUT, 2) -> ((0, 4), IN, 2) 1
f ((1, 5), OUT, 1) -> ((1, 5), (1, 6), EDGE_IN, 2) 1
f ((1, 5), (1, 6), EDGE_IN, 2) -> ((1, 5), (1, 6), EDGE_OUT, 2) 1
f ((1, 5), (1, 6), EDGE_OUT, 2) -> ((1, 6), IN, 2) 1
f ((3, 4), OUT, 1) -> ((3, 4), (3, 5), EDGE_IN, 2) 1
f ((3, 4), (3, 5), EDGE_IN, 2) -> ((3, 4), (3, 5), EDGE_OUT, 2) 1
f ((3, 4), (3, 5), EDGE_OUT, 2) -> ((3, 5), IN, 2) 1
f ((2, 2), OUT, 1) -> ((1, 2), (2, 2), EDGE_IN, 2) 1
f ((1, 2), (2, 2), EDGE_IN, 2) -> ((1, 2), (2, 2), EDGE_OUT, 2) 1
f ((1, 2), (2, 2), EDGE_OUT, 2) -> ((1, 2), IN, 2) 1
f ((0, 6), IN, 2) -> ((0, 6), OUT, 2) 1
f ((1, 6), IN, 2) -> ((1, 6), OUT, 2) 1
f ((0, 4), IN, 2) -> ((0, 4), OUT, 2) 1
f ((1, 2), IN, 2) -> ((1, 2), OUT, 2) 1
f ((3, 5), IN, 2) -> ((3, 5), OUT, 2) 1
f ((0, 6), OUT, 2) -> ((0, 6), (1, 6), EDGE_IN, 3) 1
f ((0, 6), (1, 6), EDGE_IN, 3) -> ((0, 6), (1, 6), EDGE_OUT, 3) 1
f ((0, 6), (1, 6), EDGE_OUT, 3) -> ((1, 6), IN, 3) 1
f ((0, 4), OUT, 2) -> ((0, 4), (1, 4), EDGE_IN, 3) 1
f ((0, 4), (1, 4), EDGE_IN, 3) -> ((0, 4), (1, 4), EDGE_OUT, 3) 1
f ((0, 4), (1, 4), EDGE_OUT, 3) -> ((1, 4), IN, 3) 1
f ((1, 2), OUT, 2) -> ((1, 2), (2, 2), EDGE_IN, 3) 1
f ((1, 2), (2, 2), EDGE_IN, 3) -> ((1, 2), (2, 2), EDGE_OUT, 3) 1
f ((1, 2), (2, 2), EDGE_OUT, 3) -> ((2, 2), IN, 3) 1
f ((1, 6), OUT, 2) -> ((1, 6), (1, 7), EDGE_IN, 3) 1
f ((1, 6), (1, 7), EDGE_IN, 3) -> ((1, 6), (1, 7), EDGE_OUT, 3) 1
f ((1, 6), (1, 7), EDGE_OUT, 3) -> ((1, 7), IN, 3) 1
f ((3, 5), OUT, 2) -> ((3, 5), (4, 5), EDGE_IN, 3) 1
f ((3, 5), (4, 5), EDGE_IN, 3) -> ((3, 5), (4, 5), EDGE_OUT, 3) 1
f ((3, 5), (4, 5), EDGE_OUT, 3) -> ((4, 5), IN, 3) 1
f ((1, 4), IN, 3) -> ((1, 4), OUT, 3) 1
f ((1, 6), IN, 3) -> ((1, 6), OUT, 3) 1
f ((2, 2), IN, 3) -> ((2, 2), OUT, 3) 1
f ((1, 7), IN, 3) -> ((1, 7), OUT, 3) 1
f ((4, 5), IN, 3) -> ((4, 5), OUT, 3) 1
f ((2, 2), OUT, 3) -> ((2, 1), (2, 2), EDGE_IN, 4) 1
f ((2, 1), (2, 2), EDGE_IN, 4) -> ((2, 1), (2, 2), EDGE_OUT, 4) 1
f ((2, 1), (2, 2), EDGE_OUT, 4) -> ((2, 2), IN, 4) 1
f ((1, 4), OUT, 3) -> ((1, 3), (1, 4), EDGE_IN, 4) 1
f ((1, 3), (1, 4), EDGE_IN, 4) -> ((1, 3), (1, 4), EDGE_OUT, 4) 1
f ((1, 3), (1, 4), EDGE_OUT, 4) -> ((1, 3), IN, 4) 1
f ((1, 7), OUT, 3) -> ((1, 6), (1, 7), EDGE_IN, 4) 1
f ((1, 6), (1, 7), EDGE_IN, 4) -> ((1, 6), (1, 7), EDGE_OUT, 4) 1
f ((1, 6), (1, 7), EDGE_OUT, 4) -> ((1, 7), IN, 4) 1
f ((1, 6), OUT, 3) -> ((1, 6), (2, 6), EDGE_IN, 4) 1
f ((1, 6), (2, 6), EDGE_IN, 4) -> ((1, 6), (2, 6), EDGE_OUT, 4) 1
f ((1, 6), (2, 6), EDGE_OUT, 4) -> ((2, 6), IN, 4) 1
f ((4, 5), OUT, 3) -> ((4, 5), (5, 5), EDGE_IN, 4) 1
f ((4, 5), (5, 5), EDGE_IN, 4) -> ((4, 5), (5, 5), EDGE_OUT, 4) 1
f ((4, 5), (5, 5), EDGE_OUT, 4) -> ((5, 5), IN, 4) 1
f ((2, 2), IN, 4) -> ((2, 2), OUT, 4) 1
f ((1, 3), IN, 4) -> ((1, 3), OUT, 4) 1
f ((1, 7), IN, 4) -> ((1, 7), OUT, 4) 1
f ((2, 6), IN, 4) -> ((2, 6), OUT, 4) 1
f ((5, 5), IN, 4) -> ((5, 5), OUT, 4) 1
f ((1, 3), OUT, 4) -> ((0, 3), (1, 3), EDGE_IN, 5) 1
f ((0, 3), (1, 3), EDGE_IN, 5) -> ((0, 3), (1, 3), EDGE_OUT, 5) 1
f ((0, 3), (1, 3), EDGE_OUT, 5) -> ((0, 3), IN, 5) 1
f ((2, 2), OUT, 4) -> ((2, 2), (3, 2), EDGE_IN, 5) 1
f ((2, 2), (3, 2), EDGE_IN, 5) -> ((2, 2), (3, 2), EDGE_OUT, 5) 1
f ((2, 2), (3, 2), EDGE_OUT, 5) -> ((3, 2), IN, 5) 1
f ((1, 7), OUT, 4) -> ((1, 7), (2, 7), EDGE_IN, 5) 1
f ((1, 7), (2, 7), EDGE_IN, 5) -> ((1, 7), (2, 7), EDGE_OUT, 5) 1
f ((1, 7), (2, 7), EDGE_OUT, 5) -> ((1, 7), IN, 5) 1
f ((2, 6), OUT, 4) -> ((2, 6), (3, 6), EDGE_IN, 5) 1
f ((2, 6), (3, 6), EDGE_IN, 5) -> ((2, 6), (3, 6), EDGE_OUT, 5) 1
f ((2, 6), (3, 6), EDGE_OUT, 5) -> ((2, 6), IN, 5) 1
f ((5, 5), OUT, 4) -> ((5, 5), (6, 5), EDGE_IN, 5) 1
f ((5, 5), (6, 5), EDGE_IN, 5) -> ((5, 5), (6, 5), EDGE_OUT, 5) 1
f ((5, 5), (6, 5), EDGE_OUT, 5) -> ((6, 5), IN, 5) 1
f ((1, 7), IN, 5) -> ((1, 7), OUT, 5) 1
f ((0, 3), IN, 5) -> ((0, 3), OUT, 5) 1
f ((3, 2), IN, 5) -> ((3, 2), OUT, 5) 1
f ((2, 6), IN, 5) -> ((2, 6), OUT, 5) 1
f ((6, 5), IN, 5) -> ((6, 5), OUT, 5) 1
f ((1, 7), OUT, 5) -> ((0, 7), (1, 7), EDGE_IN, 6) 1
f ((0, 7), (1, 7), EDGE_IN, 6) -> ((0, 7), (1, 7), EDGE_OUT, 6) 1
f ((0, 7), (1, 7), EDGE_OUT, 6) -> ((0, 7), IN, 6) 1
f ((3, 2), OUT, 5) -> ((2, 2), (3, 2), EDGE_IN, 6) 1
f ((2, 2), (3, 2), EDGE_IN, 6) -> ((2, 2), (3, 2), EDGE_OUT, 6) 1
f ((2, 2), (3, 2), EDGE_OUT, 6) -> ((3, 2), IN, 6) 1
f ((2, 6), OUT, 5) -> ((2, 6), (2, 7), EDGE_IN, 6) 1
f ((2, 6), (2, 7), EDGE_IN, 6) -> ((2, 6), (2, 7), EDGE_OUT, 6) 1
f ((2, 6), (2, 7), EDGE_OUT, 6) -> ((2, 7), IN, 6) 1
f ((0, 3), OUT, 5) -> ((0, 2), (0, 3), EDGE_IN, 6) 1
f ((0, 2), (0, 3), EDGE_IN, 6) -> ((0, 2), (0, 3), EDGE_OUT, 6) 1
f ((0, 2), (0, 3), EDGE_OUT, 6) -> ((0, 3), IN, 6) 1
f ((6, 5), OUT, 5) -> ((6, 5), (6, 6), EDGE_IN, 6) 1
f ((6, 5), (6, 6), EDGE_IN, 6) -> ((6, 5), (6, 6), EDGE_OUT, 6) 1
f ((6, 5), (6, 6), EDGE_OUT, 6) -> ((6, 6), IN, 6) 1
f ((0, 7), IN, 6) -> ((0, 7), OUT, 6) 1
f ((0, 3), IN, 6) -> ((0, 3), OUT, 6) 1
f ((3, 2), IN, 6) -> ((3, 2), OUT, 6) 1
f ((2, 7), IN, 6) -> ((2, 7), OUT, 6) 1
f ((6, 6), IN, 6) -> ((6, 6), OUT, 6) 1
f ((0, 7), OUT, 6) -> ((0, 7), (1, 7), EDGE_IN, 7) 1
f ((0, 7), (1, 7), EDGE_IN, 7) -> ((0, 7), (1, 7), EDGE_OUT, 7) 1
f ((0, 7), (1, 7), EDGE_OUT, 7) -> ((1, 7), IN, 7) 1
f ((0, 3), OUT, 6) -> ((0, 3), (0, 4), EDGE_IN, 7) 1
f ((0, 3), (0, 4), EDGE_IN, 7) -> ((0, 3), (0, 4), EDGE_OUT, 7) 1
f ((0, 3), (0, 4), EDGE_OUT, 7) -> ((0, 4), IN, 7) 1
f ((3, 2), OUT, 6) -> ((3, 2), (4, 2), EDGE_IN, 7) 1
f ((3, 2), (4, 2), EDGE_IN, 7) -> ((3, 2), (4, 2), EDGE_OUT, 7) 1
f ((3, 2), (4, 2), EDGE_OUT, 7) -> ((4, 2), IN, 7) 1
f ((2, 7), OUT, 6) -> ((2, 7), (3, 7), EDGE_IN, 7) 1
f ((2, 7), (3, 7), EDGE_IN, 7) -> ((2, 7), (3, 7), EDGE_OUT, 7) 1
f ((2, 7), (3, 7), EDGE_OUT, 7) -> ((3, 7), IN, 7) 1
f ((6, 6), OUT, 6) -> ((6, 5), (6, 6), EDGE_IN, 7) 1
f ((6, 5), (6, 6), EDGE_IN, 7) -> ((6, 5), (6, 6), EDGE_OUT, 7) 1
f ((6, 5), (6, 6), EDGE_OUT, 7) -> ((6, 5), IN, 7) 1
f ((0, 4), IN, 7) -> ((0, 4), OUT, 7) 1
f ((1, 7), IN, 7) -> ((1, 7), OUT, 7) 1
f ((4, 2), IN, 7) -> ((4, 2), OUT, 7) 1
f ((3, 7), IN, 7) -> ((3, 7), OUT, 7) 1
f ((6, 5), IN, 7) -> ((6, 5), OUT, 7) 1
f ((0, 4), OUT, 7) -> ((0, 4), IN, 8) 1
f ((1, 7), OUT, 7) -> ((0, 7), (1, 7), EDGE_IN, 8) 1
f ((0, 7), (1, 7), EDGE_IN, 8) -> ((0, 7), (1, 7), EDGE_OUT, 8) 1
f ((0, 7), (1, 7), EDGE_OUT, 8) -> ((1, 7), IN, 8) 1
f ((4, 2), OUT, 7) -> ((4, 2), (5, 2), EDGE_IN, 8) 1
f ((4, 2), (5, 2), EDGE_IN, 8) -> ((4, 2), (5, 2), EDGE_OUT, 8) 1
f ((4, 2), (5, 2), EDGE_OUT, 8) -> ((5, 2), IN, 8) 1
f ((3, 7), OUT, 7) -> ((3, 7), (4, 7), EDGE_IN, 8) 1
f ((3, 7), (4, 7), EDGE_IN, 8) -> ((3, 7), (4, 7), EDGE_OUT, 8) 1
f ((3, 7), (4, 7), EDGE_OUT, 8) -> ((3, 7), IN, 8) 1
f ((6, 5), OUT, 7) -> ((6, 4), (6, 5), EDGE_IN, 8) 1
f ((6, 4), (6, 5), EDGE_IN, 8) -> ((6, 4), (6, 5), EDGE_OUT, 8) 1
f ((6, 4), (6, 5), EDGE_OUT, 8) -> ((6, 4), IN, 8) 1
f ((0, 4), IN, 8) -> ((0, 4), OUT, 8) 1
f ((1, 7), IN, 8) -> ((1, 7), OUT, 8) 1
f ((6, 4), IN, 8) -> ((6, 4), OUT, 8) 1
f ((5, 2), IN, 8) -> ((5, 2), OUT, 8) 1
f ((3, 7), IN, 8) -> ((3, 7), OUT, 8) 1
f ((0, 4), OUT, 8) -> ((0, 4), IN, 9) 1
f ((1, 7), OUT, 8) -> ((1, 7), IN, 9) 1
f ((3, 7), OUT, 8) -> ((3, 6), (3, 7), EDGE_IN, 9) 1
f ((3, 6), (3, 7), EDGE_IN, 9) -> ((3, 6), (3, 7), EDGE_OUT, 9) 1
f ((3, 6), (3, 7), EDGE_OUT, 9) -> ((3, 6), IN, 9) 1
f ((5, 2), OUT, 8) -> ((5, 1), (5, 2), EDGE_IN, 9) 1
f ((5, 1), (5, 2), EDGE_IN, 9) -> ((5, 1), (5, 2), EDGE_OUT, 9) 1
f ((5, 1), (5, 2), EDGE_OUT, 9) -> ((5, 1), IN, 9) 1
f ((6, 4), OUT, 8) -> ((6, 3), (6, 4), EDGE_IN, 9) 1
f ((6, 3), (6, 4), EDGE_IN, 9) -> ((6, 3), (6, 4), EDGE_OUT, 9) 1
f ((6, 3), (6, 4), EDGE_OUT, 9) -> ((6, 3), IN, 9) 1
f ((0, 4), IN, 9) -> ((0, 4), OUT, 9) 1
f ((1, 7), IN, 9) -> ((1, 7), OUT, 9) 1
f ((3, 6), IN, 9) -> ((3, 6), OUT, 9) 1
f ((5, 1), IN, 9) -> ((5, 1), OUT, 9) 1
f ((6, 3), IN, 9) -> ((6, 3), OUT, 9) 1
f ((0, 4), OUT, 9) -> ((0, 4), (1, 4), EDGE_IN, 10) 1
f ((0, 4), (1, 4), EDGE_IN, 10) -> ((0, 4), (1, 4), EDGE_OUT, 10) 1
f ((0, 4), (1, 4), EDGE_OUT, 10) -> ((0, 4), IN, 10) 1
f ((1, 7), OUT, 9) -> ((1, 7), (2, 7), EDGE_IN, 10) 1
f ((1, 7), (2, 7), EDGE_IN, 10) -> ((1, 7), (2, 7), EDGE_OUT, 10) 1
f ((1, 7), (2, 7), EDGE_OUT, 10) -> ((2, 7), IN, 10) 1
f ((5, 1), OUT, 9) -> ((4, 1), (5, 1), EDGE_IN, 10) 1
f ((4, 1), (5, 1), EDGE_IN, 10) -> ((4, 1), (5, 1), EDGE_OUT, 10) 1
f ((4, 1), (5, 1), EDGE_OUT, 10) -> ((5, 1), IN, 10) 1
f ((3, 6), OUT, 9) -> ((3, 6), (4, 6), EDGE_IN, 10) 1
f ((3, 6), (4, 6), EDGE_IN, 10) -> ((3, 6), (4, 6), EDGE_OUT, 10) 1
f ((3, 6), (4, 6), EDGE_OUT, 10) -> ((4, 6), IN, 10) 1
f ((6, 3), OUT, 9) -> ((6, 2), (6, 3), EDGE_IN, 10) 1
f ((6, 2), (6, 3), EDGE_IN, 10) -> ((6, 2), (6, 3), EDGE_OUT, 10) 1
f ((6, 2), (6, 3), EDGE_OUT, 10) -> ((6, 2), IN, 10) 1
f ((0, 4), IN, 10) -> ((0, 4), OUT, 10) 1
f ((2, 7), IN, 10) -> ((2, 7), OUT, 10) 1
f ((5, 1), IN, 10) -> ((5, 1), OUT, 10) 1
f ((4, 6), IN, 10) -> ((4, 6), OUT, 10) 1
f ((6, 2), IN, 10) -> ((6, 2), OUT, 10) 1
f ((0, 4), OUT, 10) -> ((0, 4), (0, 5), EDGE_IN, 11) 1
f ((0, 4), (0, 5), EDGE_IN, 11) -> ((0, 4), (0, 5), EDGE_OUT, 11) 1
f ((0, 4), (0, 5), EDGE_OUT, 11) -> ((0, 5), IN, 11) 1
f ((2, 7), OUT, 10) -> ((1, 7), (2, 7), EDGE_IN, 11) 1
f ((1, 7), (2, 7), EDGE_IN, 11) -> ((1, 7), (2, 7), EDGE_OUT, 11) 1
f ((1, 7), (2, 7), EDGE_OUT, 11) -> ((2, 7), IN, 11) 1
f ((4, 6), OUT, 10) -> ((4, 5), (4, 6), EDGE_IN, 11) 1
f ((4, 5), (4, 6), EDGE_IN, 11) -> ((4, 5), (4, 6), EDGE_OUT, 11) 1
f ((4, 5), (4, 6), EDGE_OUT, 11) -> ((4, 5), IN, 11) 1
f ((5, 1), OUT, 10) -> ((5, 0), (5, 1), EDGE_IN, 11) 1
f ((5, 0), (5, 1), EDGE_IN, 11) -> ((5, 0), (5, 1), EDGE_OUT, 11) 1
f ((5, 0), (5, 1), EDGE_OUT, 11) -> ((5, 0), IN, 11) 1
f ((6, 2), OUT, 10) -> ((6, 1), (6, 2), EDGE_IN, 11) 1
f ((6, 1), (6, 2), EDGE_IN, 11) -> ((6, 1), (6, 2), EDGE_OUT, 11) 1
f ((6, 1), (6, 2), EDGE_OUT, 11) -> ((6, 1), IN, 11) 1
f ((0, 5), IN, 11) -> ((0, 5), OUT, 11) 1
f ((2, 7), IN, 11) -> ((2, 7), OUT, 11) 1
f ((4, 5), IN, 11) -> ((4, 5), OUT, 11) 1
f ((5, 0), IN, 11) -> ((5, 0), OUT, 11) 1
f ((6, 1), IN, 11) -> ((6, 1), OUT, 11) 1
f ((0, 5), OUT, 11) -> ((0, 5), (0, 6), EDGE_IN, 12) 1
f ((0, 5), (0, 6), EDGE_IN, 12) -> ((0, 5), (0, 6), EDGE_OUT, 12) 1
f ((0, 5), (0, 6), EDGE_OUT, 12) -> ((0, 6), IN, 12) 1
f ((4, 5), OUT, 11) -> ((4, 5), (5, 5), EDGE_IN, 12) 1
f ((4, 5), (5, 5), EDGE_IN, 12) -> ((4, 5), (5, 5), EDGE_OUT, 12) 1
f ((4, 5), (5, 5), EDGE_OUT, 12) -> ((4, 5), IN, 12) 1
f ((2, 7), OUT, 11) -> ((2, 7), (3, 7), EDGE_IN, 12) 1
f ((2, 7), (3, 7), EDGE_IN, 12) -> ((2, 7), (3, 7), EDGE_OUT, 12) 1
f ((2, 7), (3, 7), EDGE_OUT, 12) -> ((3, 7), IN, 12) 1
f ((6, 1), OUT, 11) -> ((5, 1), (6, 1), EDGE_IN, 12) 1
f ((5, 1), (6, 1), EDGE_IN, 12) -> ((5, 1), (6, 1), EDGE_OUT, 12) 1
f ((5, 1), (6, 1), EDGE_OUT, 12) -> ((5, 1), IN, 12) 1
f ((5, 0), OUT, 11) -> ((5, 0), (5, 1), EDGE_IN, 12) 1
f ((5, 0), (5, 1), EDGE_IN, 12) -> ((5, 0), (5, 1), EDGE_OUT, 12) 1
f ((5, 0), (5, 1), EDGE_OUT, 12) -> ((5, 0), IN, 12) 1
f ((0, 6), IN, 12) -> ((0, 6), OUT, 12) 1
f ((5, 1), IN, 12) -> ((5, 1), OUT, 12) 1
f ((4, 5), IN, 12) -> ((4, 5), OUT, 12) 1
f ((3, 7), IN, 12) -> ((3, 7), OUT, 12) 1
f ((5, 0), IN, 12) -> ((5, 0), OUT, 12) 1
f ((0, 6), OUT, 12) -> ((-1, -1), SINK, -1) 1
f ((5, 1), OUT, 12) -> ((-1, -1), SINK, -1) 1
f ((4, 5), OUT, 12) -> ((-1, -1), SINK, -1) 1
f ((3, 7), OUT, 12) -> ((-1, -1), SINK, -1) 1
f ((5, 0), OUT, 12) -> ((-1, -1), SINK, -1) 1
Minimum cost_type flow: 54
---- Agent 0 ----
Cost     Flow
[1]  ((1, 4), OUT, 0) -> E(1, 4)-(1, 5) -> ((1, 5), IN, 1)
[1]  ((1, 5), OUT, 1) -> E(1, 5)-(1, 6) -> ((1, 6), IN, 2)
[1]  ((1, 6), OUT, 2) -> E(1, 6)-(1, 7) -> ((1, 7), IN, 3)
[1]  ((1, 7), OUT, 3) -> E(1, 6)-(1, 7) -> ((1, 7), IN, 4)
[1]  ((1, 7), OUT, 4) -> E(1, 7)-(2, 7) -> ((1, 7), IN, 5)
[1]  ((1, 7), OUT, 5) -> E(0, 7)-(1, 7) -> ((0, 7), IN, 6)
[1]  ((0, 7), OUT, 6) -> E(0, 7)-(1, 7) -> ((1, 7), IN, 7)
[1]  ((1, 7), OUT, 7) -> E(0, 7)-(1, 7) -> ((1, 7), IN, 8)
[1]  ((1, 7), OUT, 8) -> ((1, 7), IN, 9)
[1]  ((1, 7), OUT, 9) -> E(1, 7)-(2, 7) -> ((2, 7), IN, 10)
[1]  ((2, 7), OUT, 10) -> E(1, 7)-(2, 7) -> ((2, 7), IN, 11)
[1]  ((2, 7), OUT, 11) -> E(2, 7)-(3, 7) -> ((3, 7), IN, 12)
[*]  ((3, 7), OUT, 12) -> SINK * DONE

---- Agent 1 ----
Cost     Flow
[1]  ((0, 6), OUT, 0) -> E(0, 6)-(0, 7) -> ((0, 7), IN, 1)
[1]  ((0, 7), OUT, 1) -> E(0, 6)-(0, 7) -> ((0, 6), IN, 2)
[1]  ((0, 6), OUT, 2) -> E(0, 6)-(1, 6) -> ((1, 6), IN, 3)
[1]  ((1, 6), OUT, 3) -> E(1, 6)-(2, 6) -> ((2, 6), IN, 4)
[1]  ((2, 6), OUT, 4) -> E(2, 6)-(3, 6) -> ((2, 6), IN, 5)
[1]  ((2, 6), OUT, 5) -> E(2, 6)-(2, 7) -> ((2, 7), IN, 6)
[1]  ((2, 7), OUT, 6) -> E(2, 7)-(3, 7) -> ((3, 7), IN, 7)
[1]  ((3, 7), OUT, 7) -> E(3, 7)-(4, 7) -> ((3, 7), IN, 8)
[1]  ((3, 7), OUT, 8) -> E(3, 6)-(3, 7) -> ((3, 6), IN, 9)
[1]  ((3, 6), OUT, 9) -> E(3, 6)-(4, 6) -> ((4, 6), IN, 10)
[1]  ((4, 6), OUT, 10) -> E(4, 5)-(4, 6) -> ((4, 5), IN, 11)
[1]  ((4, 5), OUT, 11) -> E(4, 5)-(5, 5) -> ((4, 5), IN, 12)
[*]  ((4, 5), OUT, 12) -> SINK * DONE

---- Agent 2 ----
Cost     Flow
[1]  ((2, 1), OUT, 0) -> E(2, 1)-(2, 2) -> ((2, 2), IN, 1)
[1]  ((2, 2), OUT, 1) -> E(1, 2)-(2, 2) -> ((1, 2), IN, 2)
[1]  ((1, 2), OUT, 2) -> E(1, 2)-(2, 2) -> ((2, 2), IN, 3)
[1]  ((2, 2), OUT, 3) -> E(2, 1)-(2, 2) -> ((2, 2), IN, 4)
[1]  ((2, 2), OUT, 4) -> E(2, 2)-(3, 2) -> ((3, 2), IN, 5)
[1]  ((3, 2), OUT, 5) -> E(2, 2)-(3, 2) -> ((3, 2), IN, 6)
[1]  ((3, 2), OUT, 6) -> E(3, 2)-(4, 2) -> ((4, 2), IN, 7)
[1]  ((4, 2), OUT, 7) -> E(4, 2)-(5, 2) -> ((5, 2), IN, 8)
[1]  ((5, 2), OUT, 8) -> E(5, 1)-(5, 2) -> ((5, 1), IN, 9)
[1]  ((5, 1), OUT, 9) -> E(4, 1)-(5, 1) -> ((5, 1), IN, 10)
[1]  ((5, 1), OUT, 10) -> E(5, 0)-(5, 1) -> ((5, 0), IN, 11)
[1]  ((5, 0), OUT, 11) -> E(5, 0)-(5, 1) -> ((5, 0), IN, 12)
[*]  ((5, 0), OUT, 12) -> SINK * DONE

---- Agent 3 ----
Cost     Flow
[1]  ((0, 5), OUT, 0) -> ((0, 5), IN, 1)
[1]  ((0, 5), OUT, 1) -> E(0, 4)-(0, 5) -> ((0, 4), IN, 2)
[1]  ((0, 4), OUT, 2) -> E(0, 4)-(1, 4) -> ((1, 4), IN, 3)
[1]  ((1, 4), OUT, 3) -> E(1, 3)-(1, 4) -> ((1, 3), IN, 4)
[1]  ((1, 3), OUT, 4) -> E(0, 3)-(1, 3) -> ((0, 3), IN, 5)
[1]  ((0, 3), OUT, 5) -> E(0, 2)-(0, 3) -> ((0, 3), IN, 6)
[1]  ((0, 3), OUT, 6) -> E(0, 3)-(0, 4) -> ((0, 4), IN, 7)
[1]  ((0, 4), OUT, 7) -> ((0, 4), IN, 8)
[1]  ((0, 4), OUT, 8) -> ((0, 4), IN, 9)
[1]  ((0, 4), OUT, 9) -> E(0, 4)-(1, 4) -> ((0, 4), IN, 10)
[1]  ((0, 4), OUT, 10) -> E(0, 4)-(0, 5) -> ((0, 5), IN, 11)
[1]  ((0, 5), OUT, 11) -> E(0, 5)-(0, 6) -> ((0, 6), IN, 12)
[*]  ((0, 6), OUT, 12) -> SINK * DONE

---- Agent 4 ----
Cost     Flow
[1]  ((2, 4), OUT, 0) -> E(2, 4)-(3, 4) -> ((3, 4), IN, 1)
[1]  ((3, 4), OUT, 1) -> E(3, 4)-(3, 5) -> ((3, 5), IN, 2)
[1]  ((3, 5), OUT, 2) -> E(3, 5)-(4, 5) -> ((4, 5), IN, 3)
[1]  ((4, 5), OUT, 3) -> E(4, 5)-(5, 5) -> ((5, 5), IN, 4)
[1]  ((5, 5), OUT, 4) -> E(5, 5)-(6, 5) -> ((6, 5), IN, 5)
[1]  ((6, 5), OUT, 5) -> E(6, 5)-(6, 6) -> ((6, 6), IN, 6)
[0]  ((6, 6), OUT, 6) -> E(6, 5)-(6, 6) -> ((6, 5), IN, 7)
[0]  ((6, 5), OUT, 7) -> E(6, 4)-(6, 5) -> ((6, 4), IN, 8)
[0]  ((6, 4), OUT, 8) -> E(6, 3)-(6, 4) -> ((6, 3), IN, 9)
[0]  ((6, 3), OUT, 9) -> E(6, 2)-(6, 3) -> ((6, 2), IN, 10)
[0]  ((6, 2), OUT, 10) -> E(6, 1)-(6, 2) -> ((6, 1), IN, 11)
[0]  ((6, 1), OUT, 11) -> E(5, 1)-(6, 1) -> ((5, 1), IN, 12)
[*]  ((5, 1), OUT, 12) -> SINK * DONE

No realization conflict detected, returning plan
Plan:
Agent 0: {0: (1, 4), 1: (1, 5), 2: (1, 6), 3: (1, 7), 4: (1, 7), 5: (1, 7), 6: (0, 7), 7: (1, 7), 8: (1, 7), 9: (1, 7), 10: (2, 7), 11: (2, 7), 12: (3, 7)}
Agent 1: {0: (0, 6), 1: (0, 7), 2: (0, 6), 3: (1, 6), 4: (2, 6), 5: (2, 6), 6: (2, 7), 7: (3, 7), 8: (3, 7), 9: (3, 6), 10: (4, 6), 11: (4, 5), 12: (4, 5)}
Agent 2: {0: (2, 1), 1: (2, 2), 2: (1, 2), 3: (2, 2), 4: (2, 2), 5: (3, 2), 6: (3, 2), 7: (4, 2), 8: (5, 2), 9: (5, 1), 10: (5, 1), 11: (5, 0), 12: (5, 0)}
Agent 3: {0: (0, 5), 1: (0, 5), 2: (0, 4), 3: (1, 4), 4: (1, 3), 5: (0, 3), 6: (0, 3), 7: (0, 4), 8: (0, 4), 9: (0, 4), 10: (0, 4), 11: (0, 5), 12: (0, 6)}
Agent 4: {0: (2, 4), 1: (3, 4), 2: (3, 5), 3: (4, 5), 4: (5, 5), 5: (6, 5), 6: (6, 6), 7: (6, 5), 8: (6, 4), 9: (6, 3), 10: (6, 2), 11: (6, 1), 12: (5, 1)}
Obs 0: {0: (0, 6)}
Obs 1: {1: (0, 4)}
Obs 2: {6: (7, 0)}
Obs 3: {2: (1, 2)}
Obs 4: {6: (6, 6), 7: (6, 5), 8: (6, 4), 9: (6, 3), 10: (6, 2), 11: (6, 1), 12: (5, 1)}
Makespan: 12
Elapsed time: 0.038 sec

