Map: /home/nir.miller/wh-rearrangement-CPLEX-main/wh_8x8-5-5-1-3/wh_8x8.map
Solver: NATCBS
Time limit: 60 sec
Scenario: /home/nir.miller/wh-rearrangement-CPLEX-main/wh_8x8-5-5-1-3/wh_8x8-5-5-1-5.scen
Map size: 8x8
Num of agents: 5
Num of obstacles: 5
Num of tasks: 1
Agent start locations: [(1, 6), (6, 5), (0, 4), (3, 6), (6, 3)]
Pickup locations: [(6, 7)]
Delivery locations: [(6, 7)]

Iteration: 1
Obs conflict detected: VertexConflict(t=11, a=1, a2=2, v=(1, 1))
Iteration: 2
Obs conflict detected: VertexConflict(t=11, a=1, a2=3, v=(1, 2))
Iteration: 3
No obs conflict detected, planning agent paths...
Updating graph from makespan 0 to 13
f ((-1, -1), SOURCE, -1) -> ((1, 6), OUT, 0) 1
f ((-1, -1), SOURCE, -1) -> ((6, 5), OUT, 0) 1
f ((-1, -1), SOURCE, -1) -> ((0, 4), OUT, 0) 1
f ((-1, -1), SOURCE, -1) -> ((3, 6), OUT, 0) 1
f ((-1, -1), SOURCE, -1) -> ((6, 3), OUT, 0) 1
f ((0, 4), OUT, 0) -> ((0, 4), IN, 1) 1
f ((6, 3), OUT, 0) -> ((6, 3), IN, 1) 1
f ((3, 6), OUT, 0) -> ((3, 6), (3, 7), EDGE_IN, 1) 1
f ((3, 6), (3, 7), EDGE_IN, 1) -> ((3, 6), (3, 7), EDGE_OUT, 1) 1
f ((3, 6), (3, 7), EDGE_OUT, 1) -> ((3, 7), IN, 1) 1
f ((1, 6), OUT, 0) -> ((1, 5), (1, 6), EDGE_IN, 1) 1
f ((1, 5), (1, 6), EDGE_IN, 1) -> ((1, 5), (1, 6), EDGE_OUT, 1) 1
f ((1, 5), (1, 6), EDGE_OUT, 1) -> ((1, 6), IN, 1) 1
f ((6, 5), OUT, 0) -> ((6, 4), (6, 5), EDGE_IN, 1) 1
f ((6, 4), (6, 5), EDGE_IN, 1) -> ((6, 4), (6, 5), EDGE_OUT, 1) 1
f ((6, 4), (6, 5), EDGE_OUT, 1) -> ((6, 4), IN, 1) 1
f ((1, 6), IN, 1) -> ((1, 6), OUT, 1) 1
f ((0, 4), IN, 1) -> ((0, 4), OUT, 1) 1
f ((6, 3), IN, 1) -> ((6, 3), OUT, 1) 1
f ((3, 7), IN, 1) -> ((3, 7), OUT, 1) 1
f ((6, 4), IN, 1) -> ((6, 4), OUT, 1) 1
f ((6, 3), OUT, 1) -> ((6, 3), IN, 2) 1
f ((3, 7), OUT, 1) -> ((3, 6), (3, 7), EDGE_IN, 2) 1
f ((3, 6), (3, 7), EDGE_IN, 2) -> ((3, 6), (3, 7), EDGE_OUT, 2) 1
f ((3, 6), (3, 7), EDGE_OUT, 2) -> ((3, 7), IN, 2) 1
f ((0, 4), OUT, 1) -> ((0, 4), (0, 5), EDGE_IN, 2) 1
f ((0, 4), (0, 5), EDGE_IN, 2) -> ((0, 4), (0, 5), EDGE_OUT, 2) 1
f ((0, 4), (0, 5), EDGE_OUT, 2) -> ((0, 5), IN, 2) 1
f ((1, 6), OUT, 1) -> ((1, 6), (2, 6), EDGE_IN, 2) 1
f ((1, 6), (2, 6), EDGE_IN, 2) -> ((1, 6), (2, 6), EDGE_OUT, 2) 1
f ((1, 6), (2, 6), EDGE_OUT, 2) -> ((2, 6), IN, 2) 1
f ((6, 4), OUT, 1) -> ((6, 4), (7, 4), EDGE_IN, 2) 1
f ((6, 4), (7, 4), EDGE_IN, 2) -> ((6, 4), (7, 4), EDGE_OUT, 2) 1
f ((6, 4), (7, 4), EDGE_OUT, 2) -> ((7, 4), IN, 2) 1
f ((6, 3), IN, 2) -> ((6, 3), OUT, 2) 1
f ((3, 7), IN, 2) -> ((3, 7), OUT, 2) 1
f ((2, 6), IN, 2) -> ((2, 6), OUT, 2) 1
f ((0, 5), IN, 2) -> ((0, 5), OUT, 2) 1
f ((7, 4), IN, 2) -> ((7, 4), OUT, 2) 1
f ((6, 3), OUT, 2) -> ((6, 2), (6, 3), EDGE_IN, 3) 1
f ((6, 2), (6, 3), EDGE_IN, 3) -> ((6, 2), (6, 3), EDGE_OUT, 3) 1
f ((6, 2), (6, 3), EDGE_OUT, 3) -> ((6, 2), IN, 3) 1
f ((0, 5), OUT, 2) -> ((0, 5), (1, 5), EDGE_IN, 3) 1
f ((0, 5), (1, 5), EDGE_IN, 3) -> ((0, 5), (1, 5), EDGE_OUT, 3) 1
f ((0, 5), (1, 5), EDGE_OUT, 3) -> ((0, 5), IN, 3) 1
f ((2, 6), OUT, 2) -> ((2, 6), (2, 7), EDGE_IN, 3) 1
f ((2, 6), (2, 7), EDGE_IN, 3) -> ((2, 6), (2, 7), EDGE_OUT, 3) 1
f ((2, 6), (2, 7), EDGE_OUT, 3) -> ((2, 6), IN, 3) 1
f ((7, 4), OUT, 2) -> ((6, 4), (7, 4), EDGE_IN, 3) 1
f ((6, 4), (7, 4), EDGE_IN, 3) -> ((6, 4), (7, 4), EDGE_OUT, 3) 1
f ((6, 4), (7, 4), EDGE_OUT, 3) -> ((6, 4), IN, 3) 1
f ((3, 7), OUT, 2) -> ((2, 7), (3, 7), EDGE_IN, 3) 1
f ((2, 7), (3, 7), EDGE_IN, 3) -> ((2, 7), (3, 7), EDGE_OUT, 3) 1
f ((2, 7), (3, 7), EDGE_OUT, 3) -> ((2, 7), IN, 3) 1
f ((2, 6), IN, 3) -> ((2, 6), OUT, 3) 1
f ((0, 5), IN, 3) -> ((0, 5), OUT, 3) 1
f ((6, 4), IN, 3) -> ((6, 4), OUT, 3) 1
f ((6, 2), IN, 3) -> ((6, 2), OUT, 3) 1
f ((2, 7), IN, 3) -> ((2, 7), OUT, 3) 1
f ((2, 6), OUT, 3) -> ((2, 6), IN, 4) 1
f ((6, 2), OUT, 3) -> ((6, 2), (6, 3), EDGE_IN, 4) 1
f ((6, 2), (6, 3), EDGE_IN, 4) -> ((6, 2), (6, 3), EDGE_OUT, 4) 1
f ((6, 2), (6, 3), EDGE_OUT, 4) -> ((6, 2), IN, 4) 1
f ((0, 5), OUT, 3) -> ((0, 5), (0, 6), EDGE_IN, 4) 1
f ((0, 5), (0, 6), EDGE_IN, 4) -> ((0, 5), (0, 6), EDGE_OUT, 4) 1
f ((0, 5), (0, 6), EDGE_OUT, 4) -> ((0, 6), IN, 4) 1
f ((6, 4), OUT, 3) -> ((5, 4), (6, 4), EDGE_IN, 4) 1
f ((5, 4), (6, 4), EDGE_IN, 4) -> ((5, 4), (6, 4), EDGE_OUT, 4) 1
f ((5, 4), (6, 4), EDGE_OUT, 4) -> ((5, 4), IN, 4) 1
f ((2, 7), OUT, 3) -> ((2, 7), (3, 7), EDGE_IN, 4) 1
f ((2, 7), (3, 7), EDGE_IN, 4) -> ((2, 7), (3, 7), EDGE_OUT, 4) 1
f ((2, 7), (3, 7), EDGE_OUT, 4) -> ((3, 7), IN, 4) 1
f ((3, 7), IN, 4) -> ((3, 7), OUT, 4) 1
f ((2, 6), IN, 4) -> ((2, 6), OUT, 4) 1
f ((0, 6), IN, 4) -> ((0, 6), OUT, 4) 1
f ((6, 2), IN, 4) -> ((6, 2), OUT, 4) 1
f ((5, 4), IN, 4) -> ((5, 4), OUT, 4) 1
f ((2, 6), OUT, 4) -> ((2, 6), IN, 5) 1
f ((6, 2), OUT, 4) -> ((6, 2), (6, 3), EDGE_IN, 5) 1
f ((6, 2), (6, 3), EDGE_IN, 5) -> ((6, 2), (6, 3), EDGE_OUT, 5) 1
f ((6, 2), (6, 3), EDGE_OUT, 5) -> ((6, 3), IN, 5) 1
f ((0, 6), OUT, 4) -> ((0, 5), (0, 6), EDGE_IN, 5) 1
f ((0, 5), (0, 6), EDGE_IN, 5) -> ((0, 5), (0, 6), EDGE_OUT, 5) 1
f ((0, 5), (0, 6), EDGE_OUT, 5) -> ((0, 5), IN, 5) 1
f ((3, 7), OUT, 4) -> ((2, 7), (3, 7), EDGE_IN, 5) 1
f ((2, 7), (3, 7), EDGE_IN, 5) -> ((2, 7), (3, 7), EDGE_OUT, 5) 1
f ((2, 7), (3, 7), EDGE_OUT, 5) -> ((2, 7), IN, 5) 1
f ((5, 4), OUT, 4) -> ((4, 4), (5, 4), EDGE_IN, 5) 1
f ((4, 4), (5, 4), EDGE_IN, 5) -> ((4, 4), (5, 4), EDGE_OUT, 5) 1
f ((4, 4), (5, 4), EDGE_OUT, 5) -> ((4, 4), IN, 5) 1
f ((6, 3), IN, 5) -> ((6, 3), OUT, 5) 1
f ((2, 6), IN, 5) -> ((2, 6), OUT, 5) 1
f ((0, 5), IN, 5) -> ((0, 5), OUT, 5) 1
f ((2, 7), IN, 5) -> ((2, 7), OUT, 5) 1
f ((4, 4), IN, 5) -> ((4, 4), OUT, 5) 1
f ((2, 6), OUT, 5) -> ((2, 6), IN, 6) 1
f ((6, 3), OUT, 5) -> ((6, 3), (6, 4), EDGE_IN, 6) 1
f ((6, 3), (6, 4), EDGE_IN, 6) -> ((6, 3), (6, 4), EDGE_OUT, 6) 1
f ((6, 3), (6, 4), EDGE_OUT, 6) -> ((6, 4), IN, 6) 1
f ((0, 5), OUT, 5) -> ((0, 5), (1, 5), EDGE_IN, 6) 1
f ((0, 5), (1, 5), EDGE_IN, 6) -> ((0, 5), (1, 5), EDGE_OUT, 6) 1
f ((0, 5), (1, 5), EDGE_OUT, 6) -> ((0, 5), IN, 6) 1
f ((2, 7), OUT, 5) -> ((1, 7), (2, 7), EDGE_IN, 6) 1
f ((1, 7), (2, 7), EDGE_IN, 6) -> ((1, 7), (2, 7), EDGE_OUT, 6) 1
f ((1, 7), (2, 7), EDGE_OUT, 6) -> ((1, 7), IN, 6) 1
f ((4, 4), OUT, 5) -> ((3, 4), (4, 4), EDGE_IN, 6) 1
f ((3, 4), (4, 4), EDGE_IN, 6) -> ((3, 4), (4, 4), EDGE_OUT, 6) 1
f ((3, 4), (4, 4), EDGE_OUT, 6) -> ((3, 4), IN, 6) 1
f ((2, 6), IN, 6) -> ((2, 6), OUT, 6) 1
f ((0, 5), IN, 6) -> ((0, 5), OUT, 6) 1
f ((1, 7), IN, 6) -> ((1, 7), OUT, 6) 1
f ((6, 4), IN, 6) -> ((6, 4), OUT, 6) 1
f ((3, 4), IN, 6) -> ((3, 4), OUT, 6) 1
f ((0, 5), OUT, 6) -> ((0, 4), (0, 5), EDGE_IN, 7) 1
f ((0, 4), (0, 5), EDGE_IN, 7) -> ((0, 4), (0, 5), EDGE_OUT, 7) 1
f ((0, 4), (0, 5), EDGE_OUT, 7) -> ((0, 4), IN, 7) 1
f ((1, 7), OUT, 6) -> ((0, 7), (1, 7), EDGE_IN, 7) 1
f ((0, 7), (1, 7), EDGE_IN, 7) -> ((0, 7), (1, 7), EDGE_OUT, 7) 1
f ((0, 7), (1, 7), EDGE_OUT, 7) -> ((1, 7), IN, 7) 1
f ((2, 6), OUT, 6) -> ((2, 6), (2, 7), EDGE_IN, 7) 1
f ((2, 6), (2, 7), EDGE_IN, 7) -> ((2, 6), (2, 7), EDGE_OUT, 7) 1
f ((2, 6), (2, 7), EDGE_OUT, 7) -> ((2, 6), IN, 7) 1
f ((6, 4), OUT, 6) -> ((5, 4), (6, 4), EDGE_IN, 7) 1
f ((5, 4), (6, 4), EDGE_IN, 7) -> ((5, 4), (6, 4), EDGE_OUT, 7) 1
f ((5, 4), (6, 4), EDGE_OUT, 7) -> ((5, 4), IN, 7) 1
f ((3, 4), OUT, 6) -> ((2, 4), (3, 4), EDGE_IN, 7) 1
f ((2, 4), (3, 4), EDGE_IN, 7) -> ((2, 4), (3, 4), EDGE_OUT, 7) 1
f ((2, 4), (3, 4), EDGE_OUT, 7) -> ((2, 4), IN, 7) 1
f ((0, 4), IN, 7) -> ((0, 4), OUT, 7) 1
f ((2, 6), IN, 7) -> ((2, 6), OUT, 7) 1
f ((1, 7), IN, 7) -> ((1, 7), OUT, 7) 1
f ((5, 4), IN, 7) -> ((5, 4), OUT, 7) 1
f ((2, 4), IN, 7) -> ((2, 4), OUT, 7) 1
f ((0, 4), OUT, 7) -> ((0, 4), (0, 5), EDGE_IN, 8) 1
f ((0, 4), (0, 5), EDGE_IN, 8) -> ((0, 4), (0, 5), EDGE_OUT, 8) 1
f ((0, 4), (0, 5), EDGE_OUT, 8) -> ((0, 5), IN, 8) 1
f ((1, 7), OUT, 7) -> ((1, 6), (1, 7), EDGE_IN, 8) 1
f ((1, 6), (1, 7), EDGE_IN, 8) -> ((1, 6), (1, 7), EDGE_OUT, 8) 1
f ((1, 6), (1, 7), EDGE_OUT, 8) -> ((1, 6), IN, 8) 1
f ((2, 6), OUT, 7) -> ((2, 6), (2, 7), EDGE_IN, 8) 1
f ((2, 6), (2, 7), EDGE_IN, 8) -> ((2, 6), (2, 7), EDGE_OUT, 8) 1
f ((2, 6), (2, 7), EDGE_OUT, 8) -> ((2, 7), IN, 8) 1
f ((2, 4), OUT, 7) -> ((2, 3), (2, 4), EDGE_IN, 8) 1
f ((2, 3), (2, 4), EDGE_IN, 8) -> ((2, 3), (2, 4), EDGE_OUT, 8) 1
f ((2, 3), (2, 4), EDGE_OUT, 8) -> ((2, 3), IN, 8) 1
f ((5, 4), OUT, 7) -> ((4, 4), (5, 4), EDGE_IN, 8) 1
f ((4, 4), (5, 4), EDGE_IN, 8) -> ((4, 4), (5, 4), EDGE_OUT, 8) 1
f ((4, 4), (5, 4), EDGE_OUT, 8) -> ((5, 4), IN, 8) 1
f ((1, 6), IN, 8) -> ((1, 6), OUT, 8) 1
f ((0, 5), IN, 8) -> ((0, 5), OUT, 8) 1
f ((5, 4), IN, 8) -> ((5, 4), OUT, 8) 1
f ((2, 7), IN, 8) -> ((2, 7), OUT, 8) 1
f ((2, 3), IN, 8) -> ((2, 3), OUT, 8) 1
f ((0, 5), OUT, 8) -> ((0, 4), (0, 5), EDGE_IN, 9) 1
f ((0, 4), (0, 5), EDGE_IN, 9) -> ((0, 4), (0, 5), EDGE_OUT, 9) 1
f ((0, 4), (0, 5), EDGE_OUT, 9) -> ((0, 4), IN, 9) 1
f ((1, 6), OUT, 8) -> ((0, 6), (1, 6), EDGE_IN, 9) 1
f ((0, 6), (1, 6), EDGE_IN, 9) -> ((0, 6), (1, 6), EDGE_OUT, 9) 1
f ((0, 6), (1, 6), EDGE_OUT, 9) -> ((1, 6), IN, 9) 1
f ((5, 4), OUT, 8) -> ((5, 3), (5, 4), EDGE_IN, 9) 1
f ((5, 3), (5, 4), EDGE_IN, 9) -> ((5, 3), (5, 4), EDGE_OUT, 9) 1
f ((5, 3), (5, 4), EDGE_OUT, 9) -> ((5, 3), IN, 9) 1
f ((2, 7), OUT, 8) -> ((2, 7), (3, 7), EDGE_IN, 9) 1
f ((2, 7), (3, 7), EDGE_IN, 9) -> ((2, 7), (3, 7), EDGE_OUT, 9) 1
f ((2, 7), (3, 7), EDGE_OUT, 9) -> ((3, 7), IN, 9) 1
f ((2, 3), OUT, 8) -> ((2, 2), (2, 3), EDGE_IN, 9) 1
f ((2, 2), (2, 3), EDGE_IN, 9) -> ((2, 2), (2, 3), EDGE_OUT, 9) 1
f ((2, 2), (2, 3), EDGE_OUT, 9) -> ((2, 2), IN, 9) 1
f ((1, 6), IN, 9) -> ((1, 6), OUT, 9) 1
f ((0, 4), IN, 9) -> ((0, 4), OUT, 9) 1
f ((3, 7), IN, 9) -> ((3, 7), OUT, 9) 1
f ((5, 3), IN, 9) -> ((5, 3), OUT, 9) 1
f ((2, 2), IN, 9) -> ((2, 2), OUT, 9) 1
f ((0, 4), OUT, 9) -> ((0, 4), (0, 5), EDGE_IN, 10) 1
f ((0, 4), (0, 5), EDGE_IN, 10) -> ((0, 4), (0, 5), EDGE_OUT, 10) 1
f ((0, 4), (0, 5), EDGE_OUT, 10) -> ((0, 4), IN, 10) 1
f ((1, 6), OUT, 9) -> ((0, 6), (1, 6), EDGE_IN, 10) 1
f ((0, 6), (1, 6), EDGE_IN, 10) -> ((0, 6), (1, 6), EDGE_OUT, 10) 1
f ((0, 6), (1, 6), EDGE_OUT, 10) -> ((0, 6), IN, 10) 1
f ((5, 3), OUT, 9) -> ((5, 3), (6, 3), EDGE_IN, 10) 1
f ((5, 3), (6, 3), EDGE_IN, 10) -> ((5, 3), (6, 3), EDGE_OUT, 10) 1
f ((5, 3), (6, 3), EDGE_OUT, 10) -> ((6, 3), IN, 10) 1
f ((3, 7), OUT, 9) -> ((2, 7), (3, 7), EDGE_IN, 10) 1
f ((2, 7), (3, 7), EDGE_IN, 10) -> ((2, 7), (3, 7), EDGE_OUT, 10) 1
f ((2, 7), (3, 7), EDGE_OUT, 10) -> ((2, 7), IN, 10) 1
f ((2, 2), OUT, 9) -> ((2, 1), (2, 2), EDGE_IN, 10) 1
f ((2, 1), (2, 2), EDGE_IN, 10) -> ((2, 1), (2, 2), EDGE_OUT, 10) 1
f ((2, 1), (2, 2), EDGE_OUT, 10) -> ((2, 1), IN, 10) 1
f ((0, 4), IN, 10) -> ((0, 4), OUT, 10) 1
f ((6, 3), IN, 10) -> ((6, 3), OUT, 10) 1
f ((0, 6), IN, 10) -> ((0, 6), OUT, 10) 1
f ((2, 7), IN, 10) -> ((2, 7), OUT, 10) 1
f ((2, 1), IN, 10) -> ((2, 1), OUT, 10) 1
f ((0, 4), OUT, 10) -> ((0, 4), (0, 5), EDGE_IN, 11) 1
f ((0, 4), (0, 5), EDGE_IN, 11) -> ((0, 4), (0, 5), EDGE_OUT, 11) 1
f ((0, 4), (0, 5), EDGE_OUT, 11) -> ((0, 4), IN, 11) 1
f ((6, 3), OUT, 10) -> ((5, 3), (6, 3), EDGE_IN, 11) 1
f ((5, 3), (6, 3), EDGE_IN, 11) -> ((5, 3), (6, 3), EDGE_OUT, 11) 1
f ((5, 3), (6, 3), EDGE_OUT, 11) -> ((6, 3), IN, 11) 1
f ((2, 7), OUT, 10) -> ((1, 7), (2, 7), EDGE_IN, 11) 1
f ((1, 7), (2, 7), EDGE_IN, 11) -> ((1, 7), (2, 7), EDGE_OUT, 11) 1
f ((1, 7), (2, 7), EDGE_OUT, 11) -> ((1, 7), IN, 11) 1
f ((0, 6), OUT, 10) -> ((0, 6), (0, 7), EDGE_IN, 11) 1
f ((0, 6), (0, 7), EDGE_IN, 11) -> ((0, 6), (0, 7), EDGE_OUT, 11) 1
f ((0, 6), (0, 7), EDGE_OUT, 11) -> ((0, 7), IN, 11) 1
f ((2, 1), OUT, 10) -> ((2, 0), (2, 1), EDGE_IN, 11) 1
f ((2, 0), (2, 1), EDGE_IN, 11) -> ((2, 0), (2, 1), EDGE_OUT, 11) 1
f ((2, 0), (2, 1), EDGE_OUT, 11) -> ((2, 0), IN, 11) 1
f ((0, 4), IN, 11) -> ((0, 4), OUT, 11) 1
f ((6, 3), IN, 11) -> ((6, 3), OUT, 11) 1
f ((1, 7), IN, 11) -> ((1, 7), OUT, 11) 1
f ((0, 7), IN, 11) -> ((0, 7), OUT, 11) 1
f ((2, 0), IN, 11) -> ((2, 0), OUT, 11) 1
f ((0, 4), OUT, 11) -> ((0, 4), (1, 4), EDGE_IN, 12) 1
f ((0, 4), (1, 4), EDGE_IN, 12) -> ((0, 4), (1, 4), EDGE_OUT, 12) 1
f ((0, 4), (1, 4), EDGE_OUT, 12) -> ((0, 4), IN, 12) 1
f ((1, 7), OUT, 11) -> ((1, 6), (1, 7), EDGE_IN, 12) 1
f ((1, 6), (1, 7), EDGE_IN, 12) -> ((1, 6), (1, 7), EDGE_OUT, 12) 1
f ((1, 6), (1, 7), EDGE_OUT, 12) -> ((1, 6), IN, 12) 1
f ((6, 3), OUT, 11) -> ((5, 3), (6, 3), EDGE_IN, 12) 1
f ((5, 3), (6, 3), EDGE_IN, 12) -> ((5, 3), (6, 3), EDGE_OUT, 12) 1
f ((5, 3), (6, 3), EDGE_OUT, 12) -> ((5, 3), IN, 12) 1
f ((0, 7), OUT, 11) -> ((0, 7), (1, 7), EDGE_IN, 12) 1
f ((0, 7), (1, 7), EDGE_IN, 12) -> ((0, 7), (1, 7), EDGE_OUT, 12) 1
f ((0, 7), (1, 7), EDGE_OUT, 12) -> ((1, 7), IN, 12) 1
f ((2, 0), OUT, 11) -> ((1, 0), (2, 0), EDGE_IN, 12) 1
f ((1, 0), (2, 0), EDGE_IN, 12) -> ((1, 0), (2, 0), EDGE_OUT, 12) 1
f ((1, 0), (2, 0), EDGE_OUT, 12) -> ((1, 0), IN, 12) 1
f ((1, 6), IN, 12) -> ((1, 6), OUT, 12) 1
f ((0, 4), IN, 12) -> ((0, 4), OUT, 12) 1
f ((1, 7), IN, 12) -> ((1, 7), OUT, 12) 1
f ((5, 3), IN, 12) -> ((5, 3), OUT, 12) 1
f ((1, 0), IN, 12) -> ((1, 0), OUT, 12) 1
f ((0, 4), OUT, 12) -> ((0, 4), (0, 5), EDGE_IN, 13) 1
f ((0, 4), (0, 5), EDGE_IN, 13) -> ((0, 4), (0, 5), EDGE_OUT, 13) 1
f ((0, 4), (0, 5), EDGE_OUT, 13) -> ((0, 5), IN, 13) 1
f ((1, 6), OUT, 12) -> ((1, 6), (1, 7), EDGE_IN, 13) 1
f ((1, 6), (1, 7), EDGE_IN, 13) -> ((1, 6), (1, 7), EDGE_OUT, 13) 1
f ((1, 6), (1, 7), EDGE_OUT, 13) -> ((1, 6), IN, 13) 1
f ((5, 3), OUT, 12) -> ((5, 3), (5, 4), EDGE_IN, 13) 1
f ((5, 3), (5, 4), EDGE_IN, 13) -> ((5, 3), (5, 4), EDGE_OUT, 13) 1
f ((5, 3), (5, 4), EDGE_OUT, 13) -> ((5, 4), IN, 13) 1
f ((1, 7), OUT, 12) -> ((1, 7), (2, 7), EDGE_IN, 13) 1
f ((1, 7), (2, 7), EDGE_IN, 13) -> ((1, 7), (2, 7), EDGE_OUT, 13) 1
f ((1, 7), (2, 7), EDGE_OUT, 13) -> ((2, 7), IN, 13) 1
f ((1, 0), OUT, 12) -> ((0, 0), (1, 0), EDGE_IN, 13) 1
f ((0, 0), (1, 0), EDGE_IN, 13) -> ((0, 0), (1, 0), EDGE_OUT, 13) 1
f ((0, 0), (1, 0), EDGE_OUT, 13) -> ((0, 0), IN, 13) 1
f ((1, 6), IN, 13) -> ((1, 6), OUT, 13) 1
f ((0, 5), IN, 13) -> ((0, 5), OUT, 13) 1
f ((5, 4), IN, 13) -> ((5, 4), OUT, 13) 1
f ((2, 7), IN, 13) -> ((2, 7), OUT, 13) 1
f ((0, 0), IN, 13) -> ((0, 0), OUT, 13) 1
f ((1, 6), OUT, 13) -> ((-1, -1), SINK, -1) 1
f ((0, 5), OUT, 13) -> ((-1, -1), SINK, -1) 1
f ((5, 4), OUT, 13) -> ((-1, -1), SINK, -1) 1
f ((2, 7), OUT, 13) -> ((-1, -1), SINK, -1) 1
f ((0, 0), OUT, 13) -> ((-1, -1), SINK, -1) 1
Minimum cost_type flow: 54
---- Agent 0 ----
Cost     Flow
[1]  ((1, 6), OUT, 0) -> E(1, 5)-(1, 6) -> ((1, 6), IN, 1)
[1]  ((1, 6), OUT, 1) -> E(1, 6)-(2, 6) -> ((2, 6), IN, 2)
[1]  ((2, 6), OUT, 2) -> E(2, 6)-(2, 7) -> ((2, 6), IN, 3)
[1]  ((2, 6), OUT, 3) -> ((2, 6), IN, 4)
[1]  ((2, 6), OUT, 4) -> ((2, 6), IN, 5)
[1]  ((2, 6), OUT, 5) -> ((2, 6), IN, 6)
[1]  ((2, 6), OUT, 6) -> E(2, 6)-(2, 7) -> ((2, 6), IN, 7)
[1]  ((2, 6), OUT, 7) -> E(2, 6)-(2, 7) -> ((2, 7), IN, 8)
[1]  ((2, 7), OUT, 8) -> E(2, 7)-(3, 7) -> ((3, 7), IN, 9)
[1]  ((3, 7), OUT, 9) -> E(2, 7)-(3, 7) -> ((2, 7), IN, 10)
[1]  ((2, 7), OUT, 10) -> E(1, 7)-(2, 7) -> ((1, 7), IN, 11)
[1]  ((1, 7), OUT, 11) -> E(1, 6)-(1, 7) -> ((1, 6), IN, 12)
[1]  ((1, 6), OUT, 12) -> E(1, 6)-(1, 7) -> ((1, 6), IN, 13)
[*]  ((1, 6), OUT, 13) -> SINK * DONE

---- Agent 1 ----
Cost     Flow
[1]  ((6, 5), OUT, 0) -> E(6, 4)-(6, 5) -> ((6, 4), IN, 1)
[1]  ((6, 4), OUT, 1) -> E(6, 4)-(7, 4) -> ((7, 4), IN, 2)
[0]  ((7, 4), OUT, 2) -> E(6, 4)-(7, 4) -> ((6, 4), IN, 3)
[0]  ((6, 4), OUT, 3) -> E(5, 4)-(6, 4) -> ((5, 4), IN, 4)
[0]  ((5, 4), OUT, 4) -> E(4, 4)-(5, 4) -> ((4, 4), IN, 5)
[0]  ((4, 4), OUT, 5) -> E(3, 4)-(4, 4) -> ((3, 4), IN, 6)
[0]  ((3, 4), OUT, 6) -> E(2, 4)-(3, 4) -> ((2, 4), IN, 7)
[0]  ((2, 4), OUT, 7) -> E(2, 3)-(2, 4) -> ((2, 3), IN, 8)
[0]  ((2, 3), OUT, 8) -> E(2, 2)-(2, 3) -> ((2, 2), IN, 9)
[0]  ((2, 2), OUT, 9) -> E(2, 1)-(2, 2) -> ((2, 1), IN, 10)
[0]  ((2, 1), OUT, 10) -> E(2, 0)-(2, 1) -> ((2, 0), IN, 11)
[0]  ((2, 0), OUT, 11) -> E(1, 0)-(2, 0) -> ((1, 0), IN, 12)
[0]  ((1, 0), OUT, 12) -> E(0, 0)-(1, 0) -> ((0, 0), IN, 13)
[*]  ((0, 0), OUT, 13) -> SINK * DONE

---- Agent 2 ----
Cost     Flow
[1]  ((0, 4), OUT, 0) -> ((0, 4), IN, 1)
[1]  ((0, 4), OUT, 1) -> E(0, 4)-(0, 5) -> ((0, 5), IN, 2)
[1]  ((0, 5), OUT, 2) -> E(0, 5)-(1, 5) -> ((0, 5), IN, 3)
[1]  ((0, 5), OUT, 3) -> E(0, 5)-(0, 6) -> ((0, 6), IN, 4)
[1]  ((0, 6), OUT, 4) -> E(0, 5)-(0, 6) -> ((0, 5), IN, 5)
[1]  ((0, 5), OUT, 5) -> E(0, 5)-(1, 5) -> ((0, 5), IN, 6)
[1]  ((0, 5), OUT, 6) -> E(0, 4)-(0, 5) -> ((0, 4), IN, 7)
[1]  ((0, 4), OUT, 7) -> E(0, 4)-(0, 5) -> ((0, 5), IN, 8)
[1]  ((0, 5), OUT, 8) -> E(0, 4)-(0, 5) -> ((0, 4), IN, 9)
[1]  ((0, 4), OUT, 9) -> E(0, 4)-(0, 5) -> ((0, 4), IN, 10)
[1]  ((0, 4), OUT, 10) -> E(0, 4)-(0, 5) -> ((0, 4), IN, 11)
[1]  ((0, 4), OUT, 11) -> E(0, 4)-(1, 4) -> ((0, 4), IN, 12)
[1]  ((0, 4), OUT, 12) -> E(0, 4)-(0, 5) -> ((0, 5), IN, 13)
[*]  ((0, 5), OUT, 13) -> SINK * DONE

---- Agent 3 ----
Cost     Flow
[1]  ((3, 6), OUT, 0) -> E(3, 6)-(3, 7) -> ((3, 7), IN, 1)
[1]  ((3, 7), OUT, 1) -> E(3, 6)-(3, 7) -> ((3, 7), IN, 2)
[1]  ((3, 7), OUT, 2) -> E(2, 7)-(3, 7) -> ((2, 7), IN, 3)
[1]  ((2, 7), OUT, 3) -> E(2, 7)-(3, 7) -> ((3, 7), IN, 4)
[1]  ((3, 7), OUT, 4) -> E(2, 7)-(3, 7) -> ((2, 7), IN, 5)
[1]  ((2, 7), OUT, 5) -> E(1, 7)-(2, 7) -> ((1, 7), IN, 6)
[1]  ((1, 7), OUT, 6) -> E(0, 7)-(1, 7) -> ((1, 7), IN, 7)
[1]  ((1, 7), OUT, 7) -> E(1, 6)-(1, 7) -> ((1, 6), IN, 8)
[1]  ((1, 6), OUT, 8) -> E(0, 6)-(1, 6) -> ((1, 6), IN, 9)
[1]  ((1, 6), OUT, 9) -> E(0, 6)-(1, 6) -> ((0, 6), IN, 10)
[1]  ((0, 6), OUT, 10) -> E(0, 6)-(0, 7) -> ((0, 7), IN, 11)
[1]  ((0, 7), OUT, 11) -> E(0, 7)-(1, 7) -> ((1, 7), IN, 12)
[1]  ((1, 7), OUT, 12) -> E(1, 7)-(2, 7) -> ((2, 7), IN, 13)
[*]  ((2, 7), OUT, 13) -> SINK * DONE

---- Agent 4 ----
Cost     Flow
[1]  ((6, 3), OUT, 0) -> ((6, 3), IN, 1)
[1]  ((6, 3), OUT, 1) -> ((6, 3), IN, 2)
[1]  ((6, 3), OUT, 2) -> E(6, 2)-(6, 3) -> ((6, 2), IN, 3)
[1]  ((6, 2), OUT, 3) -> E(6, 2)-(6, 3) -> ((6, 2), IN, 4)
[1]  ((6, 2), OUT, 4) -> E(6, 2)-(6, 3) -> ((6, 3), IN, 5)
[1]  ((6, 3), OUT, 5) -> E(6, 3)-(6, 4) -> ((6, 4), IN, 6)
[1]  ((6, 4), OUT, 6) -> E(5, 4)-(6, 4) -> ((5, 4), IN, 7)
[1]  ((5, 4), OUT, 7) -> E(4, 4)-(5, 4) -> ((5, 4), IN, 8)
[1]  ((5, 4), OUT, 8) -> E(5, 3)-(5, 4) -> ((5, 3), IN, 9)
[1]  ((5, 3), OUT, 9) -> E(5, 3)-(6, 3) -> ((6, 3), IN, 10)
[1]  ((6, 3), OUT, 10) -> E(5, 3)-(6, 3) -> ((6, 3), IN, 11)
[1]  ((6, 3), OUT, 11) -> E(5, 3)-(6, 3) -> ((5, 3), IN, 12)
[1]  ((5, 3), OUT, 12) -> E(5, 3)-(5, 4) -> ((5, 4), IN, 13)
[*]  ((5, 4), OUT, 13) -> SINK * DONE

No realization conflict detected, returning plan
Plan:
Agent 0: {0: (1, 6), 1: (1, 6), 2: (2, 6), 3: (2, 6), 4: (2, 6), 5: (2, 6), 6: (2, 6), 7: (2, 6), 8: (2, 7), 9: (3, 7), 10: (2, 7), 11: (1, 7), 12: (1, 6), 13: (1, 6)}
Agent 1: {0: (6, 5), 1: (6, 4), 2: (7, 4), 3: (6, 4), 4: (5, 4), 5: (4, 4), 6: (3, 4), 7: (2, 4), 8: (2, 3), 9: (2, 2), 10: (2, 1), 11: (2, 0), 12: (1, 0), 13: (0, 0)}
Agent 2: {0: (0, 4), 1: (0, 4), 2: (0, 5), 3: (0, 5), 4: (0, 6), 5: (0, 5), 6: (0, 5), 7: (0, 4), 8: (0, 5), 9: (0, 4), 10: (0, 4), 11: (0, 4), 12: (0, 4), 13: (0, 5)}
Agent 3: {0: (3, 6), 1: (3, 7), 2: (3, 7), 3: (2, 7), 4: (3, 7), 5: (2, 7), 6: (1, 7), 7: (1, 7), 8: (1, 6), 9: (1, 6), 10: (0, 6), 11: (0, 7), 12: (1, 7), 13: (2, 7)}
Agent 4: {0: (6, 3), 1: (6, 3), 2: (6, 3), 3: (6, 2), 4: (6, 2), 5: (6, 3), 6: (6, 4), 7: (5, 4), 8: (5, 4), 9: (5, 3), 10: (6, 3), 11: (6, 3), 12: (5, 3), 13: (5, 4)}
Obs 0: {2: (6, 7)}
Obs 1: {4: (1, 1)}
Obs 2: {2: (7, 4), 3: (6, 4), 4: (5, 4), 5: (4, 4), 6: (3, 4), 7: (2, 4), 8: (2, 3), 9: (2, 2), 10: (2, 1), 11: (2, 0), 12: (1, 0), 13: (0, 0)}
Obs 3: {3: (1, 2)}
Obs 4: {0: (3, 6)}
Makespan: 13
Elapsed time: 0.048 sec

