Map: /home/nir.miller/wh-rearrangement-CPLEX-main/wh_8x8-5-5-1-3/wh_8x8.map
Solver: NATCBS
Time limit: 60 sec
Scenario: /home/nir.miller/wh-rearrangement-CPLEX-main/wh_8x8-5-5-1-3/wh_8x8-5-5-1-1.scen
Map size: 8x8
Num of agents: 5
Num of obstacles: 5
Num of tasks: 1
Agent start locations: [(4, 6), (2, 7), (3, 1), (0, 6), (2, 6)]
Pickup locations: [(3, 1)]
Delivery locations: [(3, 1)]

Iteration: 1
No obs conflict detected, planning agent paths...
Updating graph from makespan 0 to 4
f ((-1, -1), SOURCE, -1) -> ((4, 6), OUT, 0) 1
f ((-1, -1), SOURCE, -1) -> ((2, 7), OUT, 0) 1
f ((-1, -1), SOURCE, -1) -> ((3, 1), OUT, 0) 1
f ((-1, -1), SOURCE, -1) -> ((0, 6), OUT, 0) 1
f ((-1, -1), SOURCE, -1) -> ((2, 6), OUT, 0) 1
f ((2, 6), OUT, 0) -> ((2, 5), (2, 6), EDGE_IN, 1) 1
f ((2, 5), (2, 6), EDGE_IN, 1) -> ((2, 5), (2, 6), EDGE_OUT, 1) 1
f ((2, 5), (2, 6), EDGE_OUT, 1) -> ((2, 5), IN, 1) 1
f ((0, 6), OUT, 0) -> ((0, 5), (0, 6), EDGE_IN, 1) 1
f ((0, 5), (0, 6), EDGE_IN, 1) -> ((0, 5), (0, 6), EDGE_OUT, 1) 1
f ((0, 5), (0, 6), EDGE_OUT, 1) -> ((0, 5), IN, 1) 1
f ((3, 1), OUT, 0) -> ((2, 1), (3, 1), EDGE_IN, 1) 1
f ((2, 1), (3, 1), EDGE_IN, 1) -> ((2, 1), (3, 1), EDGE_OUT, 1) 1
f ((2, 1), (3, 1), EDGE_OUT, 1) -> ((2, 1), IN, 1) 1
f ((2, 7), OUT, 0) -> ((1, 7), (2, 7), EDGE_IN, 1) 1
f ((1, 7), (2, 7), EDGE_IN, 1) -> ((1, 7), (2, 7), EDGE_OUT, 1) 1
f ((1, 7), (2, 7), EDGE_OUT, 1) -> ((1, 7), IN, 1) 1
f ((4, 6), OUT, 0) -> ((4, 6), (5, 6), EDGE_IN, 1) 1
f ((4, 6), (5, 6), EDGE_IN, 1) -> ((4, 6), (5, 6), EDGE_OUT, 1) 1
f ((4, 6), (5, 6), EDGE_OUT, 1) -> ((5, 6), IN, 1) 1
f ((2, 5), IN, 1) -> ((2, 5), OUT, 1) 1
f ((0, 5), IN, 1) -> ((0, 5), OUT, 1) 1
f ((2, 1), IN, 1) -> ((2, 1), OUT, 1) 1
f ((1, 7), IN, 1) -> ((1, 7), OUT, 1) 1
f ((5, 6), IN, 1) -> ((5, 6), OUT, 1) 1
f ((0, 5), OUT, 1) -> ((0, 5), IN, 2) 1
f ((2, 1), OUT, 1) -> ((2, 1), IN, 2) 1
f ((1, 7), OUT, 1) -> ((1, 6), (1, 7), EDGE_IN, 2) 1
f ((1, 6), (1, 7), EDGE_IN, 2) -> ((1, 6), (1, 7), EDGE_OUT, 2) 1
f ((1, 6), (1, 7), EDGE_OUT, 2) -> ((1, 6), IN, 2) 1
f ((5, 6), OUT, 1) -> ((5, 5), (5, 6), EDGE_IN, 2) 1
f ((5, 5), (5, 6), EDGE_IN, 2) -> ((5, 5), (5, 6), EDGE_OUT, 2) 1
f ((5, 5), (5, 6), EDGE_OUT, 2) -> ((5, 5), IN, 2) 1
f ((2, 5), OUT, 1) -> ((1, 5), (2, 5), EDGE_IN, 2) 1
f ((1, 5), (2, 5), EDGE_IN, 2) -> ((1, 5), (2, 5), EDGE_OUT, 2) 1
f ((1, 5), (2, 5), EDGE_OUT, 2) -> ((1, 5), IN, 2) 1
f ((1, 6), IN, 2) -> ((1, 6), OUT, 2) 1
f ((0, 5), IN, 2) -> ((0, 5), OUT, 2) 1
f ((2, 1), IN, 2) -> ((2, 1), OUT, 2) 1
f ((5, 5), IN, 2) -> ((5, 5), OUT, 2) 1
f ((1, 5), IN, 2) -> ((1, 5), OUT, 2) 1
f ((1, 6), OUT, 2) -> ((1, 6), IN, 3) 1
f ((2, 1), OUT, 2) -> ((2, 1), (2, 2), EDGE_IN, 3) 1
f ((2, 1), (2, 2), EDGE_IN, 3) -> ((2, 1), (2, 2), EDGE_OUT, 3) 1
f ((2, 1), (2, 2), EDGE_OUT, 3) -> ((2, 1), IN, 3) 1
f ((0, 5), OUT, 2) -> ((0, 5), (1, 5), EDGE_IN, 3) 1
f ((0, 5), (1, 5), EDGE_IN, 3) -> ((0, 5), (1, 5), EDGE_OUT, 3) 1
f ((0, 5), (1, 5), EDGE_OUT, 3) -> ((0, 5), IN, 3) 1
f ((1, 5), OUT, 2) -> ((1, 4), (1, 5), EDGE_IN, 3) 1
f ((1, 4), (1, 5), EDGE_IN, 3) -> ((1, 4), (1, 5), EDGE_OUT, 3) 1
f ((1, 4), (1, 5), EDGE_OUT, 3) -> ((1, 4), IN, 3) 1
f ((5, 5), OUT, 2) -> ((5, 4), (5, 5), EDGE_IN, 3) 1
f ((5, 4), (5, 5), EDGE_IN, 3) -> ((5, 4), (5, 5), EDGE_OUT, 3) 1
f ((5, 4), (5, 5), EDGE_OUT, 3) -> ((5, 4), IN, 3) 1
f ((1, 6), IN, 3) -> ((1, 6), OUT, 3) 1
f ((0, 5), IN, 3) -> ((0, 5), OUT, 3) 1
f ((2, 1), IN, 3) -> ((2, 1), OUT, 3) 1
f ((1, 4), IN, 3) -> ((1, 4), OUT, 3) 1
f ((5, 4), IN, 3) -> ((5, 4), OUT, 3) 1
f ((1, 6), OUT, 3) -> ((1, 6), IN, 4) 1
f ((0, 5), OUT, 3) -> ((0, 5), (0, 6), EDGE_IN, 4) 1
f ((0, 5), (0, 6), EDGE_IN, 4) -> ((0, 5), (0, 6), EDGE_OUT, 4) 1
f ((0, 5), (0, 6), EDGE_OUT, 4) -> ((0, 6), IN, 4) 1
f ((2, 1), OUT, 3) -> ((1, 1), (2, 1), EDGE_IN, 4) 1
f ((1, 1), (2, 1), EDGE_IN, 4) -> ((1, 1), (2, 1), EDGE_OUT, 4) 1
f ((1, 1), (2, 1), EDGE_OUT, 4) -> ((2, 1), IN, 4) 1
f ((1, 4), OUT, 3) -> ((1, 4), (2, 4), EDGE_IN, 4) 1
f ((1, 4), (2, 4), EDGE_IN, 4) -> ((1, 4), (2, 4), EDGE_OUT, 4) 1
f ((1, 4), (2, 4), EDGE_OUT, 4) -> ((2, 4), IN, 4) 1
f ((5, 4), OUT, 3) -> ((5, 4), (5, 5), EDGE_IN, 4) 1
f ((5, 4), (5, 5), EDGE_IN, 4) -> ((5, 4), (5, 5), EDGE_OUT, 4) 1
f ((5, 4), (5, 5), EDGE_OUT, 4) -> ((5, 5), IN, 4) 1
f ((0, 6), IN, 4) -> ((0, 6), OUT, 4) 1
f ((1, 6), IN, 4) -> ((1, 6), OUT, 4) 1
f ((2, 1), IN, 4) -> ((2, 1), OUT, 4) 1
f ((5, 5), IN, 4) -> ((5, 5), OUT, 4) 1
f ((2, 4), IN, 4) -> ((2, 4), OUT, 4) 1
f ((0, 6), OUT, 4) -> ((-1, -1), SINK, -1) 1
f ((1, 6), OUT, 4) -> ((-1, -1), SINK, -1) 1
f ((2, 1), OUT, 4) -> ((-1, -1), SINK, -1) 1
f ((5, 5), OUT, 4) -> ((-1, -1), SINK, -1) 1
f ((2, 4), OUT, 4) -> ((-1, -1), SINK, -1) 1
Minimum cost_type flow: 19
---- Agent 0 ----
Cost     Flow
[1]  ((4, 6), OUT, 0) -> E(4, 6)-(5, 6) -> ((5, 6), IN, 1)
[1]  ((5, 6), OUT, 1) -> E(5, 5)-(5, 6) -> ((5, 5), IN, 2)
[1]  ((5, 5), OUT, 2) -> E(5, 4)-(5, 5) -> ((5, 4), IN, 3)
[0]  ((5, 4), OUT, 3) -> E(5, 4)-(5, 5) -> ((5, 5), IN, 4)
[*]  ((5, 5), OUT, 4) -> SINK * DONE

---- Agent 1 ----
Cost     Flow
[1]  ((2, 7), OUT, 0) -> E(1, 7)-(2, 7) -> ((1, 7), IN, 1)
[1]  ((1, 7), OUT, 1) -> E(1, 6)-(1, 7) -> ((1, 6), IN, 2)
[1]  ((1, 6), OUT, 2) -> ((1, 6), IN, 3)
[1]  ((1, 6), OUT, 3) -> ((1, 6), IN, 4)
[*]  ((1, 6), OUT, 4) -> SINK * DONE

---- Agent 2 ----
Cost     Flow
[1]  ((3, 1), OUT, 0) -> E(2, 1)-(3, 1) -> ((2, 1), IN, 1)
[1]  ((2, 1), OUT, 1) -> ((2, 1), IN, 2)
[1]  ((2, 1), OUT, 2) -> E(2, 1)-(2, 2) -> ((2, 1), IN, 3)
[1]  ((2, 1), OUT, 3) -> E(1, 1)-(2, 1) -> ((2, 1), IN, 4)
[*]  ((2, 1), OUT, 4) -> SINK * DONE

---- Agent 3 ----
Cost     Flow
[1]  ((0, 6), OUT, 0) -> E(0, 5)-(0, 6) -> ((0, 5), IN, 1)
[1]  ((0, 5), OUT, 1) -> ((0, 5), IN, 2)
[1]  ((0, 5), OUT, 2) -> E(0, 5)-(1, 5) -> ((0, 5), IN, 3)
[1]  ((0, 5), OUT, 3) -> E(0, 5)-(0, 6) -> ((0, 6), IN, 4)
[*]  ((0, 6), OUT, 4) -> SINK * DONE

---- Agent 4 ----
Cost     Flow
[1]  ((2, 6), OUT, 0) -> E(2, 5)-(2, 6) -> ((2, 5), IN, 1)
[1]  ((2, 5), OUT, 1) -> E(1, 5)-(2, 5) -> ((1, 5), IN, 2)
[1]  ((1, 5), OUT, 2) -> E(1, 4)-(1, 5) -> ((1, 4), IN, 3)
[1]  ((1, 4), OUT, 3) -> E(1, 4)-(2, 4) -> ((2, 4), IN, 4)
[*]  ((2, 4), OUT, 4) -> SINK * DONE

No realization conflict detected, returning plan
Plan:
Agent 0: {0: (4, 6), 1: (5, 6), 2: (5, 5), 3: (5, 4), 4: (5, 5)}
Agent 1: {0: (2, 7), 1: (1, 7), 2: (1, 6), 3: (1, 6), 4: (1, 6)}
Agent 2: {0: (3, 1), 1: (2, 1), 2: (2, 1), 3: (2, 1), 4: (2, 1)}
Agent 3: {0: (0, 6), 1: (0, 5), 2: (0, 5), 3: (0, 5), 4: (0, 6)}
Agent 4: {0: (2, 6), 1: (2, 5), 2: (1, 5), 3: (1, 4), 4: (2, 4)}
Obs 0: {0: (3, 1)}
Obs 1: {2: (4, 4)}
Obs 2: {3: (5, 4), 4: (5, 5)}
Obs 3: {3: (5, 0)}
Obs 4: {2: (1, 5)}
Makespan: 4
Elapsed time: 0.009 sec

