Map: /home/nir.miller/wh-rearrangement-CPLEX-main/wh_8x8-5-5-1-3/wh_8x8.map
Solver: NATCBS
Time limit: 60 sec
Scenario: /home/nir.miller/wh-rearrangement-CPLEX-main/wh_8x8-5-5-1-3/wh_8x8-5-5-1-6.scen
Map size: 8x8
Num of agents: 5
Num of obstacles: 5
Num of tasks: 1
Agent start locations: [(4, 1), (4, 6), (4, 0), (1, 1), (6, 2)]
Pickup locations: [(5, 5)]
Delivery locations: [(5, 5)]

Iteration: 1
No obs conflict detected, planning agent paths...
Updating graph from makespan 0 to 8
f ((-1, -1), SOURCE, -1) -> ((4, 1), OUT, 0) 1
f ((-1, -1), SOURCE, -1) -> ((4, 6), OUT, 0) 1
f ((-1, -1), SOURCE, -1) -> ((4, 0), OUT, 0) 1
f ((-1, -1), SOURCE, -1) -> ((1, 1), OUT, 0) 1
f ((-1, -1), SOURCE, -1) -> ((6, 2), OUT, 0) 1
f ((1, 1), OUT, 0) -> ((1, 1), (2, 1), EDGE_IN, 1) 1
f ((1, 1), (2, 1), EDGE_IN, 1) -> ((1, 1), (2, 1), EDGE_OUT, 1) 1
f ((1, 1), (2, 1), EDGE_OUT, 1) -> ((2, 1), IN, 1) 1
f ((4, 0), OUT, 0) -> ((4, 0), (4, 1), EDGE_IN, 1) 1
f ((4, 0), (4, 1), EDGE_IN, 1) -> ((4, 0), (4, 1), EDGE_OUT, 1) 1
f ((4, 0), (4, 1), EDGE_OUT, 1) -> ((4, 0), IN, 1) 1
f ((6, 2), OUT, 0) -> ((6, 2), (7, 2), EDGE_IN, 1) 1
f ((6, 2), (7, 2), EDGE_IN, 1) -> ((6, 2), (7, 2), EDGE_OUT, 1) 1
f ((6, 2), (7, 2), EDGE_OUT, 1) -> ((6, 2), IN, 1) 1
f ((4, 1), OUT, 0) -> ((4, 1), (5, 1), EDGE_IN, 1) 1
f ((4, 1), (5, 1), EDGE_IN, 1) -> ((4, 1), (5, 1), EDGE_OUT, 1) 1
f ((4, 1), (5, 1), EDGE_OUT, 1) -> ((4, 1), IN, 1) 1
f ((4, 6), OUT, 0) -> ((4, 6), (4, 7), EDGE_IN, 1) 1
f ((4, 6), (4, 7), EDGE_IN, 1) -> ((4, 6), (4, 7), EDGE_OUT, 1) 1
f ((4, 6), (4, 7), EDGE_OUT, 1) -> ((4, 7), IN, 1) 1
f ((4, 1), IN, 1) -> ((4, 1), OUT, 1) 1
f ((4, 0), IN, 1) -> ((4, 0), OUT, 1) 1
f ((6, 2), IN, 1) -> ((6, 2), OUT, 1) 1
f ((2, 1), IN, 1) -> ((2, 1), OUT, 1) 1
f ((4, 7), IN, 1) -> ((4, 7), OUT, 1) 1
f ((4, 7), OUT, 1) -> ((4, 7), IN, 2) 1
f ((4, 0), OUT, 1) -> ((4, 0), (4, 1), EDGE_IN, 2) 1
f ((4, 0), (4, 1), EDGE_IN, 2) -> ((4, 0), (4, 1), EDGE_OUT, 2) 1
f ((4, 0), (4, 1), EDGE_OUT, 2) -> ((4, 0), IN, 2) 1
f ((6, 2), OUT, 1) -> ((6, 2), (6, 3), EDGE_IN, 2) 1
f ((6, 2), (6, 3), EDGE_IN, 2) -> ((6, 2), (6, 3), EDGE_OUT, 2) 1
f ((6, 2), (6, 3), EDGE_OUT, 2) -> ((6, 3), IN, 2) 1
f ((4, 1), OUT, 1) -> ((4, 1), (4, 2), EDGE_IN, 2) 1
f ((4, 1), (4, 2), EDGE_IN, 2) -> ((4, 1), (4, 2), EDGE_OUT, 2) 1
f ((4, 1), (4, 2), EDGE_OUT, 2) -> ((4, 1), IN, 2) 1
f ((2, 1), OUT, 1) -> ((2, 1), (2, 2), EDGE_IN, 2) 1
f ((2, 1), (2, 2), EDGE_IN, 2) -> ((2, 1), (2, 2), EDGE_OUT, 2) 1
f ((2, 1), (2, 2), EDGE_OUT, 2) -> ((2, 2), IN, 2) 1
f ((4, 1), IN, 2) -> ((4, 1), OUT, 2) 1
f ((4, 0), IN, 2) -> ((4, 0), OUT, 2) 1
f ((6, 3), IN, 2) -> ((6, 3), OUT, 2) 1
f ((4, 7), IN, 2) -> ((4, 7), OUT, 2) 1
f ((2, 2), IN, 2) -> ((2, 2), OUT, 2) 1
f ((6, 3), OUT, 2) -> ((6, 3), IN, 3) 1
f ((4, 0), OUT, 2) -> ((3, 0), (4, 0), EDGE_IN, 3) 1
f ((3, 0), (4, 0), EDGE_IN, 3) -> ((3, 0), (4, 0), EDGE_OUT, 3) 1
f ((3, 0), (4, 0), EDGE_OUT, 3) -> ((3, 0), IN, 3) 1
f ((4, 1), OUT, 2) -> ((4, 1), (5, 1), EDGE_IN, 3) 1
f ((4, 1), (5, 1), EDGE_IN, 3) -> ((4, 1), (5, 1), EDGE_OUT, 3) 1
f ((4, 1), (5, 1), EDGE_OUT, 3) -> ((5, 1), IN, 3) 1
f ((4, 7), OUT, 2) -> ((4, 7), (5, 7), EDGE_IN, 3) 1
f ((4, 7), (5, 7), EDGE_IN, 3) -> ((4, 7), (5, 7), EDGE_OUT, 3) 1
f ((4, 7), (5, 7), EDGE_OUT, 3) -> ((4, 7), IN, 3) 1
f ((2, 2), OUT, 2) -> ((2, 2), (2, 3), EDGE_IN, 3) 1
f ((2, 2), (2, 3), EDGE_IN, 3) -> ((2, 2), (2, 3), EDGE_OUT, 3) 1
f ((2, 2), (2, 3), EDGE_OUT, 3) -> ((2, 3), IN, 3) 1
f ((3, 0), IN, 3) -> ((3, 0), OUT, 3) 1
f ((6, 3), IN, 3) -> ((6, 3), OUT, 3) 1
f ((5, 1), IN, 3) -> ((5, 1), OUT, 3) 1
f ((4, 7), IN, 3) -> ((4, 7), OUT, 3) 1
f ((2, 3), IN, 3) -> ((2, 3), OUT, 3) 1
f ((3, 0), OUT, 3) -> ((3, 0), (4, 0), EDGE_IN, 4) 1
f ((3, 0), (4, 0), EDGE_IN, 4) -> ((3, 0), (4, 0), EDGE_OUT, 4) 1
f ((3, 0), (4, 0), EDGE_OUT, 4) -> ((4, 0), IN, 4) 1
f ((4, 7), OUT, 3) -> ((3, 7), (4, 7), EDGE_IN, 4) 1
f ((3, 7), (4, 7), EDGE_IN, 4) -> ((3, 7), (4, 7), EDGE_OUT, 4) 1
f ((3, 7), (4, 7), EDGE_OUT, 4) -> ((3, 7), IN, 4) 1
f ((5, 1), OUT, 3) -> ((5, 1), (5, 2), EDGE_IN, 4) 1
f ((5, 1), (5, 2), EDGE_IN, 4) -> ((5, 1), (5, 2), EDGE_OUT, 4) 1
f ((5, 1), (5, 2), EDGE_OUT, 4) -> ((5, 2), IN, 4) 1
f ((6, 3), OUT, 3) -> ((6, 3), (6, 4), EDGE_IN, 4) 1
f ((6, 3), (6, 4), EDGE_IN, 4) -> ((6, 3), (6, 4), EDGE_OUT, 4) 1
f ((6, 3), (6, 4), EDGE_OUT, 4) -> ((6, 4), IN, 4) 1
f ((2, 3), OUT, 3) -> ((1, 3), (2, 3), EDGE_IN, 4) 1
f ((1, 3), (2, 3), EDGE_IN, 4) -> ((1, 3), (2, 3), EDGE_OUT, 4) 1
f ((1, 3), (2, 3), EDGE_OUT, 4) -> ((1, 3), IN, 4) 1
f ((4, 0), IN, 4) -> ((4, 0), OUT, 4) 1
f ((5, 2), IN, 4) -> ((5, 2), OUT, 4) 1
f ((3, 7), IN, 4) -> ((3, 7), OUT, 4) 1
f ((1, 3), IN, 4) -> ((1, 3), OUT, 4) 1
f ((6, 4), IN, 4) -> ((6, 4), OUT, 4) 1
f ((3, 7), OUT, 4) -> ((3, 7), IN, 5) 1
f ((4, 0), OUT, 4) -> ((4, 0), (4, 1), EDGE_IN, 5) 1
f ((4, 0), (4, 1), EDGE_IN, 5) -> ((4, 0), (4, 1), EDGE_OUT, 5) 1
f ((4, 0), (4, 1), EDGE_OUT, 5) -> ((4, 1), IN, 5) 1
f ((5, 2), OUT, 4) -> ((5, 2), (6, 2), EDGE_IN, 5) 1
f ((5, 2), (6, 2), EDGE_IN, 5) -> ((5, 2), (6, 2), EDGE_OUT, 5) 1
f ((5, 2), (6, 2), EDGE_OUT, 5) -> ((6, 2), IN, 5) 1
f ((1, 3), OUT, 4) -> ((1, 3), (1, 4), EDGE_IN, 5) 1
f ((1, 3), (1, 4), EDGE_IN, 5) -> ((1, 3), (1, 4), EDGE_OUT, 5) 1
f ((1, 3), (1, 4), EDGE_OUT, 5) -> ((1, 4), IN, 5) 1
f ((6, 4), OUT, 4) -> ((5, 4), (6, 4), EDGE_IN, 5) 1
f ((5, 4), (6, 4), EDGE_IN, 5) -> ((5, 4), (6, 4), EDGE_OUT, 5) 1
f ((5, 4), (6, 4), EDGE_OUT, 5) -> ((5, 4), IN, 5) 1
f ((4, 1), IN, 5) -> ((4, 1), OUT, 5) 1
f ((6, 2), IN, 5) -> ((6, 2), OUT, 5) 1
f ((3, 7), IN, 5) -> ((3, 7), OUT, 5) 1
f ((1, 4), IN, 5) -> ((1, 4), OUT, 5) 1
f ((5, 4), IN, 5) -> ((5, 4), OUT, 5) 1
f ((6, 2), OUT, 5) -> ((6, 2), (7, 2), EDGE_IN, 6) 1
f ((6, 2), (7, 2), EDGE_IN, 6) -> ((6, 2), (7, 2), EDGE_OUT, 6) 1
f ((6, 2), (7, 2), EDGE_OUT, 6) -> ((7, 2), IN, 6) 1
f ((4, 1), OUT, 5) -> ((4, 1), (5, 1), EDGE_IN, 6) 1
f ((4, 1), (5, 1), EDGE_IN, 6) -> ((4, 1), (5, 1), EDGE_OUT, 6) 1
f ((4, 1), (5, 1), EDGE_OUT, 6) -> ((5, 1), IN, 6) 1
f ((3, 7), OUT, 5) -> ((3, 7), (4, 7), EDGE_IN, 6) 1
f ((3, 7), (4, 7), EDGE_IN, 6) -> ((3, 7), (4, 7), EDGE_OUT, 6) 1
f ((3, 7), (4, 7), EDGE_OUT, 6) -> ((3, 7), IN, 6) 1
f ((5, 4), OUT, 5) -> ((5, 4), (6, 4), EDGE_IN, 6) 1
f ((5, 4), (6, 4), EDGE_IN, 6) -> ((5, 4), (6, 4), EDGE_OUT, 6) 1
f ((5, 4), (6, 4), EDGE_OUT, 6) -> ((6, 4), IN, 6) 1
f ((1, 4), OUT, 5) -> ((1, 4), (1, 5), EDGE_IN, 6) 1
f ((1, 4), (1, 5), EDGE_IN, 6) -> ((1, 4), (1, 5), EDGE_OUT, 6) 1
f ((1, 4), (1, 5), EDGE_OUT, 6) -> ((1, 5), IN, 6) 1
f ((7, 2), IN, 6) -> ((7, 2), OUT, 6) 1
f ((5, 1), IN, 6) -> ((5, 1), OUT, 6) 1
f ((3, 7), IN, 6) -> ((3, 7), OUT, 6) 1
f ((6, 4), IN, 6) -> ((6, 4), OUT, 6) 1
f ((1, 5), IN, 6) -> ((1, 5), OUT, 6) 1
f ((5, 1), OUT, 6) -> ((5, 1), IN, 7) 1
f ((7, 2), OUT, 6) -> ((7, 1), (7, 2), EDGE_IN, 7) 1
f ((7, 1), (7, 2), EDGE_IN, 7) -> ((7, 1), (7, 2), EDGE_OUT, 7) 1
f ((7, 1), (7, 2), EDGE_OUT, 7) -> ((7, 1), IN, 7) 1
f ((3, 7), OUT, 6) -> ((2, 7), (3, 7), EDGE_IN, 7) 1
f ((2, 7), (3, 7), EDGE_IN, 7) -> ((2, 7), (3, 7), EDGE_OUT, 7) 1
f ((2, 7), (3, 7), EDGE_OUT, 7) -> ((2, 7), IN, 7) 1
f ((6, 4), OUT, 6) -> ((6, 4), (6, 5), EDGE_IN, 7) 1
f ((6, 4), (6, 5), EDGE_IN, 7) -> ((6, 4), (6, 5), EDGE_OUT, 7) 1
f ((6, 4), (6, 5), EDGE_OUT, 7) -> ((6, 5), IN, 7) 1
f ((1, 5), OUT, 6) -> ((1, 5), (1, 6), EDGE_IN, 7) 1
f ((1, 5), (1, 6), EDGE_IN, 7) -> ((1, 5), (1, 6), EDGE_OUT, 7) 1
f ((1, 5), (1, 6), EDGE_OUT, 7) -> ((1, 6), IN, 7) 1
f ((5, 1), IN, 7) -> ((5, 1), OUT, 7) 1
f ((7, 1), IN, 7) -> ((7, 1), OUT, 7) 1
f ((2, 7), IN, 7) -> ((2, 7), OUT, 7) 1
f ((1, 6), IN, 7) -> ((1, 6), OUT, 7) 1
f ((6, 5), IN, 7) -> ((6, 5), OUT, 7) 1
f ((2, 7), OUT, 7) -> ((2, 7), IN, 8) 1
f ((5, 1), OUT, 7) -> ((5, 1), (5, 2), EDGE_IN, 8) 1
f ((5, 1), (5, 2), EDGE_IN, 8) -> ((5, 1), (5, 2), EDGE_OUT, 8) 1
f ((5, 1), (5, 2), EDGE_OUT, 8) -> ((5, 2), IN, 8) 1
f ((7, 1), OUT, 7) -> ((6, 1), (7, 1), EDGE_IN, 8) 1
f ((6, 1), (7, 1), EDGE_IN, 8) -> ((6, 1), (7, 1), EDGE_OUT, 8) 1
f ((6, 1), (7, 1), EDGE_OUT, 8) -> ((6, 1), IN, 8) 1
f ((6, 5), OUT, 7) -> ((6, 4), (6, 5), EDGE_IN, 8) 1
f ((6, 4), (6, 5), EDGE_IN, 8) -> ((6, 4), (6, 5), EDGE_OUT, 8) 1
f ((6, 4), (6, 5), EDGE_OUT, 8) -> ((6, 4), IN, 8) 1
f ((1, 6), OUT, 7) -> ((1, 6), (1, 7), EDGE_IN, 8) 1
f ((1, 6), (1, 7), EDGE_IN, 8) -> ((1, 6), (1, 7), EDGE_OUT, 8) 1
f ((1, 6), (1, 7), EDGE_OUT, 8) -> ((1, 7), IN, 8) 1
f ((6, 1), IN, 8) -> ((6, 1), OUT, 8) 1
f ((5, 2), IN, 8) -> ((5, 2), OUT, 8) 1
f ((6, 4), IN, 8) -> ((6, 4), OUT, 8) 1
f ((2, 7), IN, 8) -> ((2, 7), OUT, 8) 1
f ((1, 7), IN, 8) -> ((1, 7), OUT, 8) 1
f ((6, 1), OUT, 8) -> ((-1, -1), SINK, -1) 1
f ((5, 2), OUT, 8) -> ((-1, -1), SINK, -1) 1
f ((6, 4), OUT, 8) -> ((-1, -1), SINK, -1) 1
f ((2, 7), OUT, 8) -> ((-1, -1), SINK, -1) 1
f ((1, 7), OUT, 8) -> ((-1, -1), SINK, -1) 1
Minimum cost_type flow: 34
---- Agent 0 ----
Cost     Flow
[1]  ((4, 1), OUT, 0) -> E(4, 1)-(5, 1) -> ((4, 1), IN, 1)
[1]  ((4, 1), OUT, 1) -> E(4, 1)-(4, 2) -> ((4, 1), IN, 2)
[1]  ((4, 1), OUT, 2) -> E(4, 1)-(5, 1) -> ((5, 1), IN, 3)
[1]  ((5, 1), OUT, 3) -> E(5, 1)-(5, 2) -> ((5, 2), IN, 4)
[1]  ((5, 2), OUT, 4) -> E(5, 2)-(6, 2) -> ((6, 2), IN, 5)
[1]  ((6, 2), OUT, 5) -> E(6, 2)-(7, 2) -> ((7, 2), IN, 6)
[1]  ((7, 2), OUT, 6) -> E(7, 1)-(7, 2) -> ((7, 1), IN, 7)
[1]  ((7, 1), OUT, 7) -> E(6, 1)-(7, 1) -> ((6, 1), IN, 8)
[*]  ((6, 1), OUT, 8) -> SINK * DONE

---- Agent 1 ----
Cost     Flow
[1]  ((4, 6), OUT, 0) -> E(4, 6)-(4, 7) -> ((4, 7), IN, 1)
[1]  ((4, 7), OUT, 1) -> ((4, 7), IN, 2)
[1]  ((4, 7), OUT, 2) -> E(4, 7)-(5, 7) -> ((4, 7), IN, 3)
[1]  ((4, 7), OUT, 3) -> E(3, 7)-(4, 7) -> ((3, 7), IN, 4)
[1]  ((3, 7), OUT, 4) -> ((3, 7), IN, 5)
[1]  ((3, 7), OUT, 5) -> E(3, 7)-(4, 7) -> ((3, 7), IN, 6)
[1]  ((3, 7), OUT, 6) -> E(2, 7)-(3, 7) -> ((2, 7), IN, 7)
[1]  ((2, 7), OUT, 7) -> ((2, 7), IN, 8)
[*]  ((2, 7), OUT, 8) -> SINK * DONE

---- Agent 2 ----
Cost     Flow
[1]  ((4, 0), OUT, 0) -> E(4, 0)-(4, 1) -> ((4, 0), IN, 1)
[1]  ((4, 0), OUT, 1) -> E(4, 0)-(4, 1) -> ((4, 0), IN, 2)
[1]  ((4, 0), OUT, 2) -> E(3, 0)-(4, 0) -> ((3, 0), IN, 3)
[1]  ((3, 0), OUT, 3) -> E(3, 0)-(4, 0) -> ((4, 0), IN, 4)
[1]  ((4, 0), OUT, 4) -> E(4, 0)-(4, 1) -> ((4, 1), IN, 5)
[1]  ((4, 1), OUT, 5) -> E(4, 1)-(5, 1) -> ((5, 1), IN, 6)
[1]  ((5, 1), OUT, 6) -> ((5, 1), IN, 7)
[1]  ((5, 1), OUT, 7) -> E(5, 1)-(5, 2) -> ((5, 2), IN, 8)
[*]  ((5, 2), OUT, 8) -> SINK * DONE

---- Agent 3 ----
Cost     Flow
[1]  ((1, 1), OUT, 0) -> E(1, 1)-(2, 1) -> ((2, 1), IN, 1)
[1]  ((2, 1), OUT, 1) -> E(2, 1)-(2, 2) -> ((2, 2), IN, 2)
[0]  ((2, 2), OUT, 2) -> E(2, 2)-(2, 3) -> ((2, 3), IN, 3)
[0]  ((2, 3), OUT, 3) -> E(1, 3)-(2, 3) -> ((1, 3), IN, 4)
[0]  ((1, 3), OUT, 4) -> E(1, 3)-(1, 4) -> ((1, 4), IN, 5)
[0]  ((1, 4), OUT, 5) -> E(1, 4)-(1, 5) -> ((1, 5), IN, 6)
[0]  ((1, 5), OUT, 6) -> E(1, 5)-(1, 6) -> ((1, 6), IN, 7)
[0]  ((1, 6), OUT, 7) -> E(1, 6)-(1, 7) -> ((1, 7), IN, 8)
[*]  ((1, 7), OUT, 8) -> SINK * DONE

---- Agent 4 ----
Cost     Flow
[1]  ((6, 2), OUT, 0) -> E(6, 2)-(7, 2) -> ((6, 2), IN, 1)
[1]  ((6, 2), OUT, 1) -> E(6, 2)-(6, 3) -> ((6, 3), IN, 2)
[1]  ((6, 3), OUT, 2) -> ((6, 3), IN, 3)
[1]  ((6, 3), OUT, 3) -> E(6, 3)-(6, 4) -> ((6, 4), IN, 4)
[1]  ((6, 4), OUT, 4) -> E(5, 4)-(6, 4) -> ((5, 4), IN, 5)
[1]  ((5, 4), OUT, 5) -> E(5, 4)-(6, 4) -> ((6, 4), IN, 6)
[1]  ((6, 4), OUT, 6) -> E(6, 4)-(6, 5) -> ((6, 5), IN, 7)
[1]  ((6, 5), OUT, 7) -> E(6, 4)-(6, 5) -> ((6, 4), IN, 8)
[*]  ((6, 4), OUT, 8) -> SINK * DONE

No realization conflict detected, returning plan
Plan:
Agent 0: {0: (4, 1), 1: (4, 1), 2: (4, 1), 3: (5, 1), 4: (5, 2), 5: (6, 2), 6: (7, 2), 7: (7, 1), 8: (6, 1)}
Agent 1: {0: (4, 6), 1: (4, 7), 2: (4, 7), 3: (4, 7), 4: (3, 7), 5: (3, 7), 6: (3, 7), 7: (2, 7), 8: (2, 7)}
Agent 2: {0: (4, 0), 1: (4, 0), 2: (4, 0), 3: (3, 0), 4: (4, 0), 5: (4, 1), 6: (5, 1), 7: (5, 1), 8: (5, 2)}
Agent 3: {0: (1, 1), 1: (2, 1), 2: (2, 2), 3: (2, 3), 4: (1, 3), 5: (1, 4), 6: (1, 5), 7: (1, 6), 8: (1, 7)}
Agent 4: {0: (6, 2), 1: (6, 2), 2: (6, 3), 3: (6, 3), 4: (6, 4), 5: (5, 4), 6: (6, 4), 7: (6, 5), 8: (6, 4)}
Obs 0: {2: (5, 5)}
Obs 1: {2: (2, 2), 3: (2, 3), 4: (1, 3), 5: (1, 4), 6: (1, 5), 7: (1, 6), 8: (1, 7)}
Obs 2: {1: (5, 6)}
Obs 3: {1: (3, 6)}
Obs 4: {0: (4, 6)}
Makespan: 8
Elapsed time: 0.014 sec

