Map: /home/nir.miller/wh-rearrangement-CPLEX-main/wh_8x8-5-5-1-3/wh_8x8.map
Solver: NATCBS
Time limit: 60 sec
Scenario: /home/nir.miller/wh-rearrangement-CPLEX-main/wh_8x8-5-5-1-3/wh_8x8-5-5-1-3.scen
Map size: 8x8
Num of agents: 5
Num of obstacles: 5
Num of tasks: 1
Agent start locations: [(0, 5), (3, 0), (5, 1), (6, 5), (3, 5)]
Pickup locations: [(7, 3)]
Delivery locations: [(7, 3)]

Iteration: 1
No obs conflict detected, planning agent paths...
Updating graph from makespan 0 to 3
f ((-1, -1), SOURCE, -1) -> ((0, 5), OUT, 0) 1
f ((-1, -1), SOURCE, -1) -> ((3, 0), OUT, 0) 1
f ((-1, -1), SOURCE, -1) -> ((5, 1), OUT, 0) 1
f ((-1, -1), SOURCE, -1) -> ((6, 5), OUT, 0) 1
f ((-1, -1), SOURCE, -1) -> ((3, 5), OUT, 0) 1
f ((3, 0), OUT, 0) -> ((3, 0), IN, 1) 1
f ((6, 5), OUT, 0) -> ((6, 5), IN, 1) 1
f ((5, 1), OUT, 0) -> ((5, 1), (6, 1), EDGE_IN, 1) 1
f ((5, 1), (6, 1), EDGE_IN, 1) -> ((5, 1), (6, 1), EDGE_OUT, 1) 1
f ((5, 1), (6, 1), EDGE_OUT, 1) -> ((6, 1), IN, 1) 1
f ((3, 5), OUT, 0) -> ((2, 5), (3, 5), EDGE_IN, 1) 1
f ((2, 5), (3, 5), EDGE_IN, 1) -> ((2, 5), (3, 5), EDGE_OUT, 1) 1
f ((2, 5), (3, 5), EDGE_OUT, 1) -> ((2, 5), IN, 1) 1
f ((0, 5), OUT, 0) -> ((0, 5), (1, 5), EDGE_IN, 1) 1
f ((0, 5), (1, 5), EDGE_IN, 1) -> ((0, 5), (1, 5), EDGE_OUT, 1) 1
f ((0, 5), (1, 5), EDGE_OUT, 1) -> ((1, 5), IN, 1) 1
f ((3, 0), IN, 1) -> ((3, 0), OUT, 1) 1
f ((6, 5), IN, 1) -> ((6, 5), OUT, 1) 1
f ((6, 1), IN, 1) -> ((6, 1), OUT, 1) 1
f ((2, 5), IN, 1) -> ((2, 5), OUT, 1) 1
f ((1, 5), IN, 1) -> ((1, 5), OUT, 1) 1
f ((3, 0), OUT, 1) -> ((3, 0), (3, 1), EDGE_IN, 2) 1
f ((3, 0), (3, 1), EDGE_IN, 2) -> ((3, 0), (3, 1), EDGE_OUT, 2) 1
f ((3, 0), (3, 1), EDGE_OUT, 2) -> ((3, 1), IN, 2) 1
f ((6, 5), OUT, 1) -> ((6, 5), (6, 6), EDGE_IN, 2) 1
f ((6, 5), (6, 6), EDGE_IN, 2) -> ((6, 5), (6, 6), EDGE_OUT, 2) 1
f ((6, 5), (6, 6), EDGE_OUT, 2) -> ((6, 6), IN, 2) 1
f ((1, 5), OUT, 1) -> ((1, 5), (1, 6), EDGE_IN, 2) 1
f ((1, 5), (1, 6), EDGE_IN, 2) -> ((1, 5), (1, 6), EDGE_OUT, 2) 1
f ((1, 5), (1, 6), EDGE_OUT, 2) -> ((1, 6), IN, 2) 1
f ((2, 5), OUT, 1) -> ((2, 4), (2, 5), EDGE_IN, 2) 1
f ((2, 4), (2, 5), EDGE_IN, 2) -> ((2, 4), (2, 5), EDGE_OUT, 2) 1
f ((2, 4), (2, 5), EDGE_OUT, 2) -> ((2, 4), IN, 2) 1
f ((6, 1), OUT, 1) -> ((6, 1), (7, 1), EDGE_IN, 2) 1
f ((6, 1), (7, 1), EDGE_IN, 2) -> ((6, 1), (7, 1), EDGE_OUT, 2) 1
f ((6, 1), (7, 1), EDGE_OUT, 2) -> ((7, 1), IN, 2) 1
f ((3, 1), IN, 2) -> ((3, 1), OUT, 2) 1
f ((6, 6), IN, 2) -> ((6, 6), OUT, 2) 1
f ((1, 6), IN, 2) -> ((1, 6), OUT, 2) 1
f ((2, 4), IN, 2) -> ((2, 4), OUT, 2) 1
f ((7, 1), IN, 2) -> ((7, 1), OUT, 2) 1
f ((6, 6), OUT, 2) -> ((6, 6), IN, 3) 1
f ((1, 6), OUT, 2) -> ((1, 6), IN, 3) 1
f ((2, 4), OUT, 2) -> ((2, 4), (3, 4), EDGE_IN, 3) 1
f ((2, 4), (3, 4), EDGE_IN, 3) -> ((2, 4), (3, 4), EDGE_OUT, 3) 1
f ((2, 4), (3, 4), EDGE_OUT, 3) -> ((3, 4), IN, 3) 1
f ((3, 1), OUT, 2) -> ((3, 1), (4, 1), EDGE_IN, 3) 1
f ((3, 1), (4, 1), EDGE_IN, 3) -> ((3, 1), (4, 1), EDGE_OUT, 3) 1
f ((3, 1), (4, 1), EDGE_OUT, 3) -> ((3, 1), IN, 3) 1
f ((7, 1), OUT, 2) -> ((7, 1), (7, 2), EDGE_IN, 3) 1
f ((7, 1), (7, 2), EDGE_IN, 3) -> ((7, 1), (7, 2), EDGE_OUT, 3) 1
f ((7, 1), (7, 2), EDGE_OUT, 3) -> ((7, 2), IN, 3) 1
f ((3, 1), IN, 3) -> ((3, 1), OUT, 3) 1
f ((3, 4), IN, 3) -> ((3, 4), OUT, 3) 1
f ((6, 6), IN, 3) -> ((6, 6), OUT, 3) 1
f ((1, 6), IN, 3) -> ((1, 6), OUT, 3) 1
f ((7, 2), IN, 3) -> ((7, 2), OUT, 3) 1
f ((3, 1), OUT, 3) -> ((-1, -1), SINK, -1) 1
f ((3, 4), OUT, 3) -> ((-1, -1), SINK, -1) 1
f ((6, 6), OUT, 3) -> ((-1, -1), SINK, -1) 1
f ((1, 6), OUT, 3) -> ((-1, -1), SINK, -1) 1
f ((7, 2), OUT, 3) -> ((-1, -1), SINK, -1) 1
Minimum cost_type flow: 14
---- Agent 0 ----
Cost     Flow
[1]  ((0, 5), OUT, 0) -> E(0, 5)-(1, 5) -> ((1, 5), IN, 1)
[1]  ((1, 5), OUT, 1) -> E(1, 5)-(1, 6) -> ((1, 6), IN, 2)
[1]  ((1, 6), OUT, 2) -> ((1, 6), IN, 3)
[*]  ((1, 6), OUT, 3) -> SINK * DONE

---- Agent 1 ----
Cost     Flow
[1]  ((3, 0), OUT, 0) -> ((3, 0), IN, 1)
[1]  ((3, 0), OUT, 1) -> E(3, 0)-(3, 1) -> ((3, 1), IN, 2)
[1]  ((3, 1), OUT, 2) -> E(3, 1)-(4, 1) -> ((3, 1), IN, 3)
[*]  ((3, 1), OUT, 3) -> SINK * DONE

---- Agent 2 ----
Cost     Flow
[1]  ((5, 1), OUT, 0) -> E(5, 1)-(6, 1) -> ((6, 1), IN, 1)
[1]  ((6, 1), OUT, 1) -> E(6, 1)-(7, 1) -> ((7, 1), IN, 2)
[1]  ((7, 1), OUT, 2) -> E(7, 1)-(7, 2) -> ((7, 2), IN, 3)
[*]  ((7, 2), OUT, 3) -> SINK * DONE

---- Agent 3 ----
Cost     Flow
[1]  ((6, 5), OUT, 0) -> ((6, 5), IN, 1)
[1]  ((6, 5), OUT, 1) -> E(6, 5)-(6, 6) -> ((6, 6), IN, 2)
[1]  ((6, 6), OUT, 2) -> ((6, 6), IN, 3)
[*]  ((6, 6), OUT, 3) -> SINK * DONE

---- Agent 4 ----
Cost     Flow
[1]  ((3, 5), OUT, 0) -> E(2, 5)-(3, 5) -> ((2, 5), IN, 1)
[1]  ((2, 5), OUT, 1) -> E(2, 4)-(2, 5) -> ((2, 4), IN, 2)
[0]  ((2, 4), OUT, 2) -> E(2, 4)-(3, 4) -> ((3, 4), IN, 3)
[*]  ((3, 4), OUT, 3) -> SINK * DONE

No realization conflict detected, returning plan
Plan:
Agent 0: {0: (0, 5), 1: (1, 5), 2: (1, 6), 3: (1, 6)}
Agent 1: {0: (3, 0), 1: (3, 0), 2: (3, 1), 3: (3, 1)}
Agent 2: {0: (5, 1), 1: (6, 1), 2: (7, 1), 3: (7, 2)}
Agent 3: {0: (6, 5), 1: (6, 5), 2: (6, 6), 3: (6, 6)}
Agent 4: {0: (3, 5), 1: (2, 5), 2: (2, 4), 3: (3, 4)}
Obs 0: {3: (7, 3)}
Obs 1: {2: (1, 4)}
Obs 2: {2: (2, 4), 3: (3, 4)}
Obs 3: {4: (0, 1)}
Obs 4: {2: (6, 0)}
Makespan: 3
Elapsed time: 0.002 sec

