Map: /home/nir.miller/wh-rearrangement-CPLEX-main/wh_8x8-5-5-1-3/wh_8x8.map
Solver: NATCBS
Time limit: 60 sec
Scenario: /home/nir.miller/wh-rearrangement-CPLEX-main/wh_8x8-5-5-1-3/wh_8x8-5-5-1-8.scen
Map size: 8x8
Num of agents: 5
Num of obstacles: 5
Num of tasks: 1
Agent start locations: [(4, 2), (6, 3), (5, 4), (1, 0), (3, 4)]
Pickup locations: [(1, 3)]
Delivery locations: [(1, 3)]

Iteration: 1
Obs conflict detected: VertexConflict(t=5, a=2, a2=3, v=(4, 0))
Iteration: 2
Obs conflict detected: VertexConflict(t=5, a=1, a2=2, v=(5, 1))
Iteration: 3
No obs conflict detected, planning agent paths...
Updating graph from makespan 0 to 7
f ((-1, -1), SOURCE, -1) -> ((4, 2), OUT, 0) 1
f ((-1, -1), SOURCE, -1) -> ((6, 3), OUT, 0) 1
f ((-1, -1), SOURCE, -1) -> ((5, 4), OUT, 0) 1
f ((-1, -1), SOURCE, -1) -> ((1, 0), OUT, 0) 1
f ((-1, -1), SOURCE, -1) -> ((3, 4), OUT, 0) 1
f ((6, 3), OUT, 0) -> ((6, 3), IN, 1) 1
f ((3, 4), OUT, 0) -> ((3, 4), IN, 1) 1
f ((4, 2), OUT, 0) -> ((4, 2), (5, 2), EDGE_IN, 1) 1
f ((4, 2), (5, 2), EDGE_IN, 1) -> ((4, 2), (5, 2), EDGE_OUT, 1) 1
f ((4, 2), (5, 2), EDGE_OUT, 1) -> ((5, 2), IN, 1) 1
f ((5, 4), OUT, 0) -> ((5, 4), (6, 4), EDGE_IN, 1) 1
f ((5, 4), (6, 4), EDGE_IN, 1) -> ((5, 4), (6, 4), EDGE_OUT, 1) 1
f ((5, 4), (6, 4), EDGE_OUT, 1) -> ((6, 4), IN, 1) 1
f ((1, 0), OUT, 0) -> ((1, 0), (1, 1), EDGE_IN, 1) 1
f ((1, 0), (1, 1), EDGE_IN, 1) -> ((1, 0), (1, 1), EDGE_OUT, 1) 1
f ((1, 0), (1, 1), EDGE_OUT, 1) -> ((1, 1), IN, 1) 1
f ((6, 3), IN, 1) -> ((6, 3), OUT, 1) 1
f ((3, 4), IN, 1) -> ((3, 4), OUT, 1) 1
f ((5, 2), IN, 1) -> ((5, 2), OUT, 1) 1
f ((6, 4), IN, 1) -> ((6, 4), OUT, 1) 1
f ((1, 1), IN, 1) -> ((1, 1), OUT, 1) 1
f ((6, 3), OUT, 1) -> ((6, 3), IN, 2) 1
f ((3, 4), OUT, 1) -> ((3, 3), (3, 4), EDGE_IN, 2) 1
f ((3, 3), (3, 4), EDGE_IN, 2) -> ((3, 3), (3, 4), EDGE_OUT, 2) 1
f ((3, 3), (3, 4), EDGE_OUT, 2) -> ((3, 4), IN, 2) 1
f ((1, 1), OUT, 1) -> ((1, 1), (2, 1), EDGE_IN, 2) 1
f ((1, 1), (2, 1), EDGE_IN, 2) -> ((1, 1), (2, 1), EDGE_OUT, 2) 1
f ((1, 1), (2, 1), EDGE_OUT, 2) -> ((2, 1), IN, 2) 1
f ((6, 4), OUT, 1) -> ((6, 4), (6, 5), EDGE_IN, 2) 1
f ((6, 4), (6, 5), EDGE_IN, 2) -> ((6, 4), (6, 5), EDGE_OUT, 2) 1
f ((6, 4), (6, 5), EDGE_OUT, 2) -> ((6, 4), IN, 2) 1
f ((5, 2), OUT, 1) -> ((5, 1), (5, 2), EDGE_IN, 2) 1
f ((5, 1), (5, 2), EDGE_IN, 2) -> ((5, 1), (5, 2), EDGE_OUT, 2) 1
f ((5, 1), (5, 2), EDGE_OUT, 2) -> ((5, 1), IN, 2) 1
f ((6, 3), IN, 2) -> ((6, 3), OUT, 2) 1
f ((3, 4), IN, 2) -> ((3, 4), OUT, 2) 1
f ((6, 4), IN, 2) -> ((6, 4), OUT, 2) 1
f ((2, 1), IN, 2) -> ((2, 1), OUT, 2) 1
f ((5, 1), IN, 2) -> ((5, 1), OUT, 2) 1
f ((3, 4), OUT, 2) -> ((2, 4), (3, 4), EDGE_IN, 3) 1
f ((2, 4), (3, 4), EDGE_IN, 3) -> ((2, 4), (3, 4), EDGE_OUT, 3) 1
f ((2, 4), (3, 4), EDGE_OUT, 3) -> ((3, 4), IN, 3) 1
f ((6, 4), OUT, 2) -> ((5, 4), (6, 4), EDGE_IN, 3) 1
f ((5, 4), (6, 4), EDGE_IN, 3) -> ((5, 4), (6, 4), EDGE_OUT, 3) 1
f ((5, 4), (6, 4), EDGE_OUT, 3) -> ((6, 4), IN, 3) 1
f ((6, 3), OUT, 2) -> ((6, 3), (7, 3), EDGE_IN, 3) 1
f ((6, 3), (7, 3), EDGE_IN, 3) -> ((6, 3), (7, 3), EDGE_OUT, 3) 1
f ((6, 3), (7, 3), EDGE_OUT, 3) -> ((6, 3), IN, 3) 1
f ((5, 1), OUT, 2) -> ((4, 1), (5, 1), EDGE_IN, 3) 1
f ((4, 1), (5, 1), EDGE_IN, 3) -> ((4, 1), (5, 1), EDGE_OUT, 3) 1
f ((4, 1), (5, 1), EDGE_OUT, 3) -> ((4, 1), IN, 3) 1
f ((2, 1), OUT, 2) -> ((2, 1), (3, 1), EDGE_IN, 3) 1
f ((2, 1), (3, 1), EDGE_IN, 3) -> ((2, 1), (3, 1), EDGE_OUT, 3) 1
f ((2, 1), (3, 1), EDGE_OUT, 3) -> ((3, 1), IN, 3) 1
f ((6, 3), IN, 3) -> ((6, 3), OUT, 3) 1
f ((3, 4), IN, 3) -> ((3, 4), OUT, 3) 1
f ((4, 1), IN, 3) -> ((4, 1), OUT, 3) 1
f ((6, 4), IN, 3) -> ((6, 4), OUT, 3) 1
f ((3, 1), IN, 3) -> ((3, 1), OUT, 3) 1
f ((6, 3), OUT, 3) -> ((6, 3), IN, 4) 1
f ((3, 4), OUT, 3) -> ((3, 4), (4, 4), EDGE_IN, 4) 1
f ((3, 4), (4, 4), EDGE_IN, 4) -> ((3, 4), (4, 4), EDGE_OUT, 4) 1
f ((3, 4), (4, 4), EDGE_OUT, 4) -> ((4, 4), IN, 4) 1
f ((6, 4), OUT, 3) -> ((6, 4), (7, 4), EDGE_IN, 4) 1
f ((6, 4), (7, 4), EDGE_IN, 4) -> ((6, 4), (7, 4), EDGE_OUT, 4) 1
f ((6, 4), (7, 4), EDGE_OUT, 4) -> ((7, 4), IN, 4) 1
f ((4, 1), OUT, 3) -> ((4, 0), (4, 1), EDGE_IN, 4) 1
f ((4, 0), (4, 1), EDGE_IN, 4) -> ((4, 0), (4, 1), EDGE_OUT, 4) 1
f ((4, 0), (4, 1), EDGE_OUT, 4) -> ((4, 0), IN, 4) 1
f ((3, 1), OUT, 3) -> ((3, 0), (3, 1), EDGE_IN, 4) 1
f ((3, 0), (3, 1), EDGE_IN, 4) -> ((3, 0), (3, 1), EDGE_OUT, 4) 1
f ((3, 0), (3, 1), EDGE_OUT, 4) -> ((3, 0), IN, 4) 1
f ((6, 3), IN, 4) -> ((6, 3), OUT, 4) 1
f ((4, 4), IN, 4) -> ((4, 4), OUT, 4) 1
f ((7, 4), IN, 4) -> ((7, 4), OUT, 4) 1
f ((3, 0), IN, 4) -> ((3, 0), OUT, 4) 1
f ((4, 0), IN, 4) -> ((4, 0), OUT, 4) 1
f ((6, 3), OUT, 4) -> ((5, 3), (6, 3), EDGE_IN, 5) 1
f ((5, 3), (6, 3), EDGE_IN, 5) -> ((5, 3), (6, 3), EDGE_OUT, 5) 1
f ((5, 3), (6, 3), EDGE_OUT, 5) -> ((5, 3), IN, 5) 1
f ((4, 4), OUT, 4) -> ((4, 3), (4, 4), EDGE_IN, 5) 1
f ((4, 3), (4, 4), EDGE_IN, 5) -> ((4, 3), (4, 4), EDGE_OUT, 5) 1
f ((4, 3), (4, 4), EDGE_OUT, 5) -> ((4, 4), IN, 5) 1
f ((4, 0), OUT, 4) -> ((4, 0), (4, 1), EDGE_IN, 5) 1
f ((4, 0), (4, 1), EDGE_IN, 5) -> ((4, 0), (4, 1), EDGE_OUT, 5) 1
f ((4, 0), (4, 1), EDGE_OUT, 5) -> ((4, 1), IN, 5) 1
f ((7, 4), OUT, 4) -> ((7, 4), (7, 5), EDGE_IN, 5) 1
f ((7, 4), (7, 5), EDGE_IN, 5) -> ((7, 4), (7, 5), EDGE_OUT, 5) 1
f ((7, 4), (7, 5), EDGE_OUT, 5) -> ((7, 4), IN, 5) 1
f ((3, 0), OUT, 4) -> ((3, 0), (4, 0), EDGE_IN, 5) 1
f ((3, 0), (4, 0), EDGE_IN, 5) -> ((3, 0), (4, 0), EDGE_OUT, 5) 1
f ((3, 0), (4, 0), EDGE_OUT, 5) -> ((4, 0), IN, 5) 1
f ((4, 1), IN, 5) -> ((4, 1), OUT, 5) 1
f ((4, 4), IN, 5) -> ((4, 4), OUT, 5) 1
f ((5, 3), IN, 5) -> ((5, 3), OUT, 5) 1
f ((7, 4), IN, 5) -> ((7, 4), OUT, 5) 1
f ((4, 0), IN, 5) -> ((4, 0), OUT, 5) 1
f ((5, 3), OUT, 5) -> ((5, 3), (6, 3), EDGE_IN, 6) 1
f ((5, 3), (6, 3), EDGE_IN, 6) -> ((5, 3), (6, 3), EDGE_OUT, 6) 1
f ((5, 3), (6, 3), EDGE_OUT, 6) -> ((6, 3), IN, 6) 1
f ((7, 4), OUT, 5) -> ((7, 3), (7, 4), EDGE_IN, 6) 1
f ((7, 3), (7, 4), EDGE_IN, 6) -> ((7, 3), (7, 4), EDGE_OUT, 6) 1
f ((7, 3), (7, 4), EDGE_OUT, 6) -> ((7, 3), IN, 6) 1
f ((4, 4), OUT, 5) -> ((4, 4), (4, 5), EDGE_IN, 6) 1
f ((4, 4), (4, 5), EDGE_IN, 6) -> ((4, 4), (4, 5), EDGE_OUT, 6) 1
f ((4, 4), (4, 5), EDGE_OUT, 6) -> ((4, 5), IN, 6) 1
f ((4, 1), OUT, 5) -> ((4, 0), (4, 1), EDGE_IN, 6) 1
f ((4, 0), (4, 1), EDGE_IN, 6) -> ((4, 0), (4, 1), EDGE_OUT, 6) 1
f ((4, 0), (4, 1), EDGE_OUT, 6) -> ((4, 0), IN, 6) 1
f ((4, 0), OUT, 5) -> ((4, 0), (5, 0), EDGE_IN, 6) 1
f ((4, 0), (5, 0), EDGE_IN, 6) -> ((4, 0), (5, 0), EDGE_OUT, 6) 1
f ((4, 0), (5, 0), EDGE_OUT, 6) -> ((5, 0), IN, 6) 1
f ((6, 3), IN, 6) -> ((6, 3), OUT, 6) 1
f ((7, 3), IN, 6) -> ((7, 3), OUT, 6) 1
f ((4, 5), IN, 6) -> ((4, 5), OUT, 6) 1
f ((4, 0), IN, 6) -> ((4, 0), OUT, 6) 1
f ((5, 0), IN, 6) -> ((5, 0), OUT, 6) 1
f ((4, 0), OUT, 6) -> ((4, 0), IN, 7) 1
f ((6, 3), OUT, 6) -> ((6, 2), (6, 3), EDGE_IN, 7) 1
f ((6, 2), (6, 3), EDGE_IN, 7) -> ((6, 2), (6, 3), EDGE_OUT, 7) 1
f ((6, 2), (6, 3), EDGE_OUT, 7) -> ((6, 2), IN, 7) 1
f ((7, 3), OUT, 6) -> ((7, 2), (7, 3), EDGE_IN, 7) 1
f ((7, 2), (7, 3), EDGE_IN, 7) -> ((7, 2), (7, 3), EDGE_OUT, 7) 1
f ((7, 2), (7, 3), EDGE_OUT, 7) -> ((7, 2), IN, 7) 1
f ((4, 5), OUT, 6) -> ((4, 5), (4, 6), EDGE_IN, 7) 1
f ((4, 5), (4, 6), EDGE_IN, 7) -> ((4, 5), (4, 6), EDGE_OUT, 7) 1
f ((4, 5), (4, 6), EDGE_OUT, 7) -> ((4, 6), IN, 7) 1
f ((5, 0), OUT, 6) -> ((5, 0), (6, 0), EDGE_IN, 7) 1
f ((5, 0), (6, 0), EDGE_IN, 7) -> ((5, 0), (6, 0), EDGE_OUT, 7) 1
f ((5, 0), (6, 0), EDGE_OUT, 7) -> ((6, 0), IN, 7) 1
f ((6, 2), IN, 7) -> ((6, 2), OUT, 7) 1
f ((7, 2), IN, 7) -> ((7, 2), OUT, 7) 1
f ((4, 0), IN, 7) -> ((4, 0), OUT, 7) 1
f ((4, 6), IN, 7) -> ((4, 6), OUT, 7) 1
f ((6, 0), IN, 7) -> ((6, 0), OUT, 7) 1
f ((6, 2), OUT, 7) -> ((-1, -1), SINK, -1) 1
f ((7, 2), OUT, 7) -> ((-1, -1), SINK, -1) 1
f ((4, 0), OUT, 7) -> ((-1, -1), SINK, -1) 1
f ((4, 6), OUT, 7) -> ((-1, -1), SINK, -1) 1
f ((6, 0), OUT, 7) -> ((-1, -1), SINK, -1) 1
Minimum cost_type flow: 28
---- Agent 0 ----
Cost     Flow
[1]  ((4, 2), OUT, 0) -> E(4, 2)-(5, 2) -> ((5, 2), IN, 1)
[1]  ((5, 2), OUT, 1) -> E(5, 1)-(5, 2) -> ((5, 1), IN, 2)
[1]  ((5, 1), OUT, 2) -> E(4, 1)-(5, 1) -> ((4, 1), IN, 3)
[1]  ((4, 1), OUT, 3) -> E(4, 0)-(4, 1) -> ((4, 0), IN, 4)
[0]  ((4, 0), OUT, 4) -> E(4, 0)-(4, 1) -> ((4, 1), IN, 5)
[0]  ((4, 1), OUT, 5) -> E(4, 0)-(4, 1) -> ((4, 0), IN, 6)
[1]  ((4, 0), OUT, 6) -> ((4, 0), IN, 7)
[*]  ((4, 0), OUT, 7) -> SINK * DONE

---- Agent 1 ----
Cost     Flow
[1]  ((6, 3), OUT, 0) -> ((6, 3), IN, 1)
[1]  ((6, 3), OUT, 1) -> ((6, 3), IN, 2)
[1]  ((6, 3), OUT, 2) -> E(6, 3)-(7, 3) -> ((6, 3), IN, 3)
[1]  ((6, 3), OUT, 3) -> ((6, 3), IN, 4)
[1]  ((6, 3), OUT, 4) -> E(5, 3)-(6, 3) -> ((5, 3), IN, 5)
[1]  ((5, 3), OUT, 5) -> E(5, 3)-(6, 3) -> ((6, 3), IN, 6)
[1]  ((6, 3), OUT, 6) -> E(6, 2)-(6, 3) -> ((6, 2), IN, 7)
[*]  ((6, 2), OUT, 7) -> SINK * DONE

---- Agent 2 ----
Cost     Flow
[1]  ((5, 4), OUT, 0) -> E(5, 4)-(6, 4) -> ((6, 4), IN, 1)
[1]  ((6, 4), OUT, 1) -> E(6, 4)-(6, 5) -> ((6, 4), IN, 2)
[1]  ((6, 4), OUT, 2) -> E(5, 4)-(6, 4) -> ((6, 4), IN, 3)
[1]  ((6, 4), OUT, 3) -> E(6, 4)-(7, 4) -> ((7, 4), IN, 4)
[1]  ((7, 4), OUT, 4) -> E(7, 4)-(7, 5) -> ((7, 4), IN, 5)
[1]  ((7, 4), OUT, 5) -> E(7, 3)-(7, 4) -> ((7, 3), IN, 6)
[1]  ((7, 3), OUT, 6) -> E(7, 2)-(7, 3) -> ((7, 2), IN, 7)
[*]  ((7, 2), OUT, 7) -> SINK * DONE

---- Agent 3 ----
Cost     Flow
[1]  ((1, 0), OUT, 0) -> E(1, 0)-(1, 1) -> ((1, 1), IN, 1)
[1]  ((1, 1), OUT, 1) -> E(1, 1)-(2, 1) -> ((2, 1), IN, 2)
[0]  ((2, 1), OUT, 2) -> E(2, 1)-(3, 1) -> ((3, 1), IN, 3)
[0]  ((3, 1), OUT, 3) -> E(3, 0)-(3, 1) -> ((3, 0), IN, 4)
[0]  ((3, 0), OUT, 4) -> E(3, 0)-(4, 0) -> ((4, 0), IN, 5)
[0]  ((4, 0), OUT, 5) -> E(4, 0)-(5, 0) -> ((5, 0), IN, 6)
[0]  ((5, 0), OUT, 6) -> E(5, 0)-(6, 0) -> ((6, 0), IN, 7)
[*]  ((6, 0), OUT, 7) -> SINK * DONE

---- Agent 4 ----
Cost     Flow
[1]  ((3, 4), OUT, 0) -> ((3, 4), IN, 1)
[1]  ((3, 4), OUT, 1) -> E(3, 3)-(3, 4) -> ((3, 4), IN, 2)
[1]  ((3, 4), OUT, 2) -> E(2, 4)-(3, 4) -> ((3, 4), IN, 3)
[1]  ((3, 4), OUT, 3) -> E(3, 4)-(4, 4) -> ((4, 4), IN, 4)
[1]  ((4, 4), OUT, 4) -> E(4, 3)-(4, 4) -> ((4, 4), IN, 5)
[1]  ((4, 4), OUT, 5) -> E(4, 4)-(4, 5) -> ((4, 5), IN, 6)
[1]  ((4, 5), OUT, 6) -> E(4, 5)-(4, 6) -> ((4, 6), IN, 7)
[*]  ((4, 6), OUT, 7) -> SINK * DONE

No realization conflict detected, returning plan
Plan:
Agent 0: {0: (4, 2), 1: (5, 2), 2: (5, 1), 3: (4, 1), 4: (4, 0), 5: (4, 1), 6: (4, 0), 7: (4, 0)}
Agent 1: {0: (6, 3), 1: (6, 3), 2: (6, 3), 3: (6, 3), 4: (6, 3), 5: (5, 3), 6: (6, 3), 7: (6, 2)}
Agent 2: {0: (5, 4), 1: (6, 4), 2: (6, 4), 3: (6, 4), 4: (7, 4), 5: (7, 4), 6: (7, 3), 7: (7, 2)}
Agent 3: {0: (1, 0), 1: (1, 1), 2: (2, 1), 3: (3, 1), 4: (3, 0), 5: (4, 0), 6: (5, 0), 7: (6, 0)}
Agent 4: {0: (3, 4), 1: (3, 4), 2: (3, 4), 3: (3, 4), 4: (4, 4), 5: (4, 4), 6: (4, 5), 7: (4, 6)}
Obs 0: {3: (1, 3)}
Obs 1: {2: (5, 1)}
Obs 2: {2: (2, 1), 3: (3, 1), 4: (3, 0), 5: (4, 0), 6: (5, 0), 7: (6, 0)}
Obs 3: {4: (4, 0), 5: (4, 1), 6: (4, 0)}
Obs 4: {1: (2, 0)}
Makespan: 7
Elapsed time: 0.010 sec

