Map: /home/nir.miller/wh-rearrangement-CPLEX-main/wh_8x8-5-5-1-3/wh_8x8.map
Solver: NATCBS
Time limit: 60 sec
Scenario: /home/nir.miller/wh-rearrangement-CPLEX-main/wh_8x8-5-5-1-3/wh_8x8-5-5-1-7.scen
Map size: 8x8
Num of agents: 5
Num of obstacles: 5
Num of tasks: 1
Agent start locations: [(1, 5), (5, 0), (6, 3), (6, 7), (7, 5)]
Pickup locations: [(7, 5)]
Delivery locations: [(0, 1)]

Iteration: 1
Obs conflict detected: VertexConflict(t=8, a=0, a2=1, v=(2, 2))
Iteration: 2
No obs conflict detected, planning agent paths...
Updating graph from makespan 0 to 11
f ((-1, -1), SOURCE, -1) -> ((1, 5), OUT, 0) 1
f ((-1, -1), SOURCE, -1) -> ((5, 0), OUT, 0) 1
f ((-1, -1), SOURCE, -1) -> ((6, 3), OUT, 0) 1
f ((-1, -1), SOURCE, -1) -> ((6, 7), OUT, 0) 1
f ((-1, -1), SOURCE, -1) -> ((7, 5), OUT, 0) 1
f ((6, 3), OUT, 0) -> ((6, 3), IN, 1) 1
f ((6, 7), OUT, 0) -> ((6, 7), IN, 1) 1
f ((1, 5), OUT, 0) -> ((1, 4), (1, 5), EDGE_IN, 1) 1
f ((1, 4), (1, 5), EDGE_IN, 1) -> ((1, 4), (1, 5), EDGE_OUT, 1) 1
f ((1, 4), (1, 5), EDGE_OUT, 1) -> ((1, 4), IN, 1) 1
f ((7, 5), OUT, 0) -> ((6, 5), (7, 5), EDGE_IN, 1) 1
f ((6, 5), (7, 5), EDGE_IN, 1) -> ((6, 5), (7, 5), EDGE_OUT, 1) 1
f ((6, 5), (7, 5), EDGE_OUT, 1) -> ((6, 5), IN, 1) 1
f ((5, 0), OUT, 0) -> ((5, 0), (6, 0), EDGE_IN, 1) 1
f ((5, 0), (6, 0), EDGE_IN, 1) -> ((5, 0), (6, 0), EDGE_OUT, 1) 1
f ((5, 0), (6, 0), EDGE_OUT, 1) -> ((5, 0), IN, 1) 1
f ((5, 0), IN, 1) -> ((5, 0), OUT, 1) 1
f ((6, 3), IN, 1) -> ((6, 3), OUT, 1) 1
f ((6, 7), IN, 1) -> ((6, 7), OUT, 1) 1
f ((1, 4), IN, 1) -> ((1, 4), OUT, 1) 1
f ((6, 5), IN, 1) -> ((6, 5), OUT, 1) 1
f ((6, 7), OUT, 1) -> ((6, 7), IN, 2) 1
f ((6, 3), OUT, 1) -> ((6, 3), (7, 3), EDGE_IN, 2) 1
f ((6, 3), (7, 3), EDGE_IN, 2) -> ((6, 3), (7, 3), EDGE_OUT, 2) 1
f ((6, 3), (7, 3), EDGE_OUT, 2) -> ((7, 3), IN, 2) 1
f ((5, 0), OUT, 1) -> ((4, 0), (5, 0), EDGE_IN, 2) 1
f ((4, 0), (5, 0), EDGE_IN, 2) -> ((4, 0), (5, 0), EDGE_OUT, 2) 1
f ((4, 0), (5, 0), EDGE_OUT, 2) -> ((4, 0), IN, 2) 1
f ((1, 4), OUT, 1) -> ((0, 4), (1, 4), EDGE_IN, 2) 1
f ((0, 4), (1, 4), EDGE_IN, 2) -> ((0, 4), (1, 4), EDGE_OUT, 2) 1
f ((0, 4), (1, 4), EDGE_OUT, 2) -> ((1, 4), IN, 2) 1
f ((6, 5), OUT, 1) -> ((5, 5), (6, 5), EDGE_IN, 2) 1
f ((5, 5), (6, 5), EDGE_IN, 2) -> ((5, 5), (6, 5), EDGE_OUT, 2) 1
f ((5, 5), (6, 5), EDGE_OUT, 2) -> ((5, 5), IN, 2) 1
f ((6, 7), IN, 2) -> ((6, 7), OUT, 2) 1
f ((1, 4), IN, 2) -> ((1, 4), OUT, 2) 1
f ((7, 3), IN, 2) -> ((7, 3), OUT, 2) 1
f ((4, 0), IN, 2) -> ((4, 0), OUT, 2) 1
f ((5, 5), IN, 2) -> ((5, 5), OUT, 2) 1
f ((6, 7), OUT, 2) -> ((6, 7), IN, 3) 1
f ((4, 0), OUT, 2) -> ((3, 0), (4, 0), EDGE_IN, 3) 1
f ((3, 0), (4, 0), EDGE_IN, 3) -> ((3, 0), (4, 0), EDGE_OUT, 3) 1
f ((3, 0), (4, 0), EDGE_OUT, 3) -> ((4, 0), IN, 3) 1
f ((7, 3), OUT, 2) -> ((7, 2), (7, 3), EDGE_IN, 3) 1
f ((7, 2), (7, 3), EDGE_IN, 3) -> ((7, 2), (7, 3), EDGE_OUT, 3) 1
f ((7, 2), (7, 3), EDGE_OUT, 3) -> ((7, 2), IN, 3) 1
f ((1, 4), OUT, 2) -> ((1, 3), (1, 4), EDGE_IN, 3) 1
f ((1, 3), (1, 4), EDGE_IN, 3) -> ((1, 3), (1, 4), EDGE_OUT, 3) 1
f ((1, 3), (1, 4), EDGE_OUT, 3) -> ((1, 3), IN, 3) 1
f ((5, 5), OUT, 2) -> ((4, 5), (5, 5), EDGE_IN, 3) 1
f ((4, 5), (5, 5), EDGE_IN, 3) -> ((4, 5), (5, 5), EDGE_OUT, 3) 1
f ((4, 5), (5, 5), EDGE_OUT, 3) -> ((4, 5), IN, 3) 1
f ((6, 7), IN, 3) -> ((6, 7), OUT, 3) 1
f ((4, 0), IN, 3) -> ((4, 0), OUT, 3) 1
f ((7, 2), IN, 3) -> ((7, 2), OUT, 3) 1
f ((1, 3), IN, 3) -> ((1, 3), OUT, 3) 1
f ((4, 5), IN, 3) -> ((4, 5), OUT, 3) 1
f ((6, 7), OUT, 3) -> ((5, 7), (6, 7), EDGE_IN, 4) 1
f ((5, 7), (6, 7), EDGE_IN, 4) -> ((5, 7), (6, 7), EDGE_OUT, 4) 1
f ((5, 7), (6, 7), EDGE_OUT, 4) -> ((5, 7), IN, 4) 1
f ((4, 0), OUT, 3) -> ((4, 0), (4, 1), EDGE_IN, 4) 1
f ((4, 0), (4, 1), EDGE_IN, 4) -> ((4, 0), (4, 1), EDGE_OUT, 4) 1
f ((4, 0), (4, 1), EDGE_OUT, 4) -> ((4, 1), IN, 4) 1
f ((7, 2), OUT, 3) -> ((7, 2), (7, 3), EDGE_IN, 4) 1
f ((7, 2), (7, 3), EDGE_IN, 4) -> ((7, 2), (7, 3), EDGE_OUT, 4) 1
f ((7, 2), (7, 3), EDGE_OUT, 4) -> ((7, 3), IN, 4) 1
f ((1, 3), OUT, 3) -> ((0, 3), (1, 3), EDGE_IN, 4) 1
f ((0, 3), (1, 3), EDGE_IN, 4) -> ((0, 3), (1, 3), EDGE_OUT, 4) 1
f ((0, 3), (1, 3), EDGE_OUT, 4) -> ((1, 3), IN, 4) 1
f ((4, 5), OUT, 3) -> ((4, 4), (4, 5), EDGE_IN, 4) 1
f ((4, 4), (4, 5), EDGE_IN, 4) -> ((4, 4), (4, 5), EDGE_OUT, 4) 1
f ((4, 4), (4, 5), EDGE_OUT, 4) -> ((4, 4), IN, 4) 1
f ((5, 7), IN, 4) -> ((5, 7), OUT, 4) 1
f ((7, 3), IN, 4) -> ((7, 3), OUT, 4) 1
f ((4, 1), IN, 4) -> ((4, 1), OUT, 4) 1
f ((1, 3), IN, 4) -> ((1, 3), OUT, 4) 1
f ((4, 4), IN, 4) -> ((4, 4), OUT, 4) 1
f ((7, 3), OUT, 4) -> ((7, 3), IN, 5) 1
f ((4, 1), OUT, 4) -> ((4, 1), IN, 5) 1
f ((5, 7), OUT, 4) -> ((4, 7), (5, 7), EDGE_IN, 5) 1
f ((4, 7), (5, 7), EDGE_IN, 5) -> ((4, 7), (5, 7), EDGE_OUT, 5) 1
f ((4, 7), (5, 7), EDGE_OUT, 5) -> ((4, 7), IN, 5) 1
f ((1, 3), OUT, 4) -> ((1, 2), (1, 3), EDGE_IN, 5) 1
f ((1, 2), (1, 3), EDGE_IN, 5) -> ((1, 2), (1, 3), EDGE_OUT, 5) 1
f ((1, 2), (1, 3), EDGE_OUT, 5) -> ((1, 2), IN, 5) 1
f ((4, 4), OUT, 4) -> ((3, 4), (4, 4), EDGE_IN, 5) 1
f ((3, 4), (4, 4), EDGE_IN, 5) -> ((3, 4), (4, 4), EDGE_OUT, 5) 1
f ((3, 4), (4, 4), EDGE_OUT, 5) -> ((3, 4), IN, 5) 1
f ((7, 3), IN, 5) -> ((7, 3), OUT, 5) 1
f ((4, 1), IN, 5) -> ((4, 1), OUT, 5) 1
f ((4, 7), IN, 5) -> ((4, 7), OUT, 5) 1
f ((3, 4), IN, 5) -> ((3, 4), OUT, 5) 1
f ((1, 2), IN, 5) -> ((1, 2), OUT, 5) 1
f ((7, 3), OUT, 5) -> ((7, 3), IN, 6) 1
f ((4, 1), OUT, 5) -> ((4, 1), IN, 6) 1
f ((1, 2), OUT, 5) -> ((1, 2), (1, 3), EDGE_IN, 6) 1
f ((1, 2), (1, 3), EDGE_IN, 6) -> ((1, 2), (1, 3), EDGE_OUT, 6) 1
f ((1, 2), (1, 3), EDGE_OUT, 6) -> ((1, 3), IN, 6) 1
f ((4, 7), OUT, 5) -> ((3, 7), (4, 7), EDGE_IN, 6) 1
f ((3, 7), (4, 7), EDGE_IN, 6) -> ((3, 7), (4, 7), EDGE_OUT, 6) 1
f ((3, 7), (4, 7), EDGE_OUT, 6) -> ((4, 7), IN, 6) 1
f ((3, 4), OUT, 5) -> ((3, 3), (3, 4), EDGE_IN, 6) 1
f ((3, 3), (3, 4), EDGE_IN, 6) -> ((3, 3), (3, 4), EDGE_OUT, 6) 1
f ((3, 3), (3, 4), EDGE_OUT, 6) -> ((3, 3), IN, 6) 1
f ((7, 3), IN, 6) -> ((7, 3), OUT, 6) 1
f ((4, 1), IN, 6) -> ((4, 1), OUT, 6) 1
f ((4, 7), IN, 6) -> ((4, 7), OUT, 6) 1
f ((1, 3), IN, 6) -> ((1, 3), OUT, 6) 1
f ((3, 3), IN, 6) -> ((3, 3), OUT, 6) 1
f ((4, 7), OUT, 6) -> ((4, 7), IN, 7) 1
f ((7, 3), OUT, 6) -> ((7, 3), (7, 4), EDGE_IN, 7) 1
f ((7, 3), (7, 4), EDGE_IN, 7) -> ((7, 3), (7, 4), EDGE_OUT, 7) 1
f ((7, 3), (7, 4), EDGE_OUT, 7) -> ((7, 4), IN, 7) 1
f ((1, 3), OUT, 6) -> ((1, 3), (1, 4), EDGE_IN, 7) 1
f ((1, 3), (1, 4), EDGE_IN, 7) -> ((1, 3), (1, 4), EDGE_OUT, 7) 1
f ((1, 3), (1, 4), EDGE_OUT, 7) -> ((1, 3), IN, 7) 1
f ((4, 1), OUT, 6) -> ((3, 1), (4, 1), EDGE_IN, 7) 1
f ((3, 1), (4, 1), EDGE_IN, 7) -> ((3, 1), (4, 1), EDGE_OUT, 7) 1
f ((3, 1), (4, 1), EDGE_OUT, 7) -> ((3, 1), IN, 7) 1
f ((3, 3), OUT, 6) -> ((2, 3), (3, 3), EDGE_IN, 7) 1
f ((2, 3), (3, 3), EDGE_IN, 7) -> ((2, 3), (3, 3), EDGE_OUT, 7) 1
f ((2, 3), (3, 3), EDGE_OUT, 7) -> ((2, 3), IN, 7) 1
f ((7, 4), IN, 7) -> ((7, 4), OUT, 7) 1
f ((4, 7), IN, 7) -> ((4, 7), OUT, 7) 1
f ((1, 3), IN, 7) -> ((1, 3), OUT, 7) 1
f ((2, 3), IN, 7) -> ((2, 3), OUT, 7) 1
f ((3, 1), IN, 7) -> ((3, 1), OUT, 7) 1
f ((7, 4), OUT, 7) -> ((7, 4), (7, 5), EDGE_IN, 8) 1
f ((7, 4), (7, 5), EDGE_IN, 8) -> ((7, 4), (7, 5), EDGE_OUT, 8) 1
f ((7, 4), (7, 5), EDGE_OUT, 8) -> ((7, 5), IN, 8) 1
f ((2, 3), OUT, 7) -> ((1, 3), (2, 3), EDGE_IN, 8) 1
f ((1, 3), (2, 3), EDGE_IN, 8) -> ((1, 3), (2, 3), EDGE_OUT, 8) 1
f ((1, 3), (2, 3), EDGE_OUT, 8) -> ((1, 3), IN, 8) 1
f ((1, 3), OUT, 7) -> ((1, 2), (1, 3), EDGE_IN, 8) 1
f ((1, 2), (1, 3), EDGE_IN, 8) -> ((1, 2), (1, 3), EDGE_OUT, 8) 1
f ((1, 2), (1, 3), EDGE_OUT, 8) -> ((1, 2), IN, 8) 1
f ((4, 7), OUT, 7) -> ((3, 7), (4, 7), EDGE_IN, 8) 1
f ((3, 7), (4, 7), EDGE_IN, 8) -> ((3, 7), (4, 7), EDGE_OUT, 8) 1
f ((3, 7), (4, 7), EDGE_OUT, 8) -> ((4, 7), IN, 8) 1
f ((3, 1), OUT, 7) -> ((3, 1), (3, 2), EDGE_IN, 8) 1
f ((3, 1), (3, 2), EDGE_IN, 8) -> ((3, 1), (3, 2), EDGE_OUT, 8) 1
f ((3, 1), (3, 2), EDGE_OUT, 8) -> ((3, 2), IN, 8) 1
f ((7, 5), IN, 8) -> ((7, 5), OUT, 8) 1
f ((4, 7), IN, 8) -> ((4, 7), OUT, 8) 1
f ((1, 3), IN, 8) -> ((1, 3), OUT, 8) 1
f ((1, 2), IN, 8) -> ((1, 2), OUT, 8) 1
f ((3, 2), IN, 8) -> ((3, 2), OUT, 8) 1
f ((7, 5), OUT, 8) -> ((6, 5), (7, 5), EDGE_IN, 9) 1
f ((6, 5), (7, 5), EDGE_IN, 9) -> ((6, 5), (7, 5), EDGE_OUT, 9) 1
f ((6, 5), (7, 5), EDGE_OUT, 9) -> ((6, 5), IN, 9) 1
f ((1, 3), OUT, 8) -> ((1, 2), (1, 3), EDGE_IN, 9) 1
f ((1, 2), (1, 3), EDGE_IN, 9) -> ((1, 2), (1, 3), EDGE_OUT, 9) 1
f ((1, 2), (1, 3), EDGE_OUT, 9) -> ((1, 2), IN, 9) 1
f ((4, 7), OUT, 8) -> ((4, 6), (4, 7), EDGE_IN, 9) 1
f ((4, 6), (4, 7), EDGE_IN, 9) -> ((4, 6), (4, 7), EDGE_OUT, 9) 1
f ((4, 6), (4, 7), EDGE_OUT, 9) -> ((4, 6), IN, 9) 1
f ((1, 2), OUT, 8) -> ((1, 1), (1, 2), EDGE_IN, 9) 1
f ((1, 1), (1, 2), EDGE_IN, 9) -> ((1, 1), (1, 2), EDGE_OUT, 9) 1
f ((1, 1), (1, 2), EDGE_OUT, 9) -> ((1, 1), IN, 9) 1
f ((3, 2), OUT, 8) -> ((3, 2), (4, 2), EDGE_IN, 9) 1
f ((3, 2), (4, 2), EDGE_IN, 9) -> ((3, 2), (4, 2), EDGE_OUT, 9) 1
f ((3, 2), (4, 2), EDGE_OUT, 9) -> ((4, 2), IN, 9) 1
f ((6, 5), IN, 9) -> ((6, 5), OUT, 9) 1
f ((4, 2), IN, 9) -> ((4, 2), OUT, 9) 1
f ((1, 2), IN, 9) -> ((1, 2), OUT, 9) 1
f ((4, 6), IN, 9) -> ((4, 6), OUT, 9) 1
f ((1, 1), IN, 9) -> ((1, 1), OUT, 9) 1
f ((6, 5), OUT, 9) -> ((6, 5), (6, 6), EDGE_IN, 10) 1
f ((6, 5), (6, 6), EDGE_IN, 10) -> ((6, 5), (6, 6), EDGE_OUT, 10) 1
f ((6, 5), (6, 6), EDGE_OUT, 10) -> ((6, 6), IN, 10) 1
f ((4, 2), OUT, 9) -> ((4, 2), (5, 2), EDGE_IN, 10) 1
f ((4, 2), (5, 2), EDGE_IN, 10) -> ((4, 2), (5, 2), EDGE_OUT, 10) 1
f ((4, 2), (5, 2), EDGE_OUT, 10) -> ((5, 2), IN, 10) 1
f ((4, 6), OUT, 9) -> ((4, 5), (4, 6), EDGE_IN, 10) 1
f ((4, 5), (4, 6), EDGE_IN, 10) -> ((4, 5), (4, 6), EDGE_OUT, 10) 1
f ((4, 5), (4, 6), EDGE_OUT, 10) -> ((4, 5), IN, 10) 1
f ((1, 2), OUT, 9) -> ((1, 1), (1, 2), EDGE_IN, 10) 1
f ((1, 1), (1, 2), EDGE_IN, 10) -> ((1, 1), (1, 2), EDGE_OUT, 10) 1
f ((1, 1), (1, 2), EDGE_OUT, 10) -> ((1, 1), IN, 10) 1
f ((1, 1), OUT, 9) -> ((1, 1), (2, 1), EDGE_IN, 10) 1
f ((1, 1), (2, 1), EDGE_IN, 10) -> ((1, 1), (2, 1), EDGE_OUT, 10) 1
f ((1, 1), (2, 1), EDGE_OUT, 10) -> ((2, 1), IN, 10) 1
f ((6, 6), IN, 10) -> ((6, 6), OUT, 10) 1
f ((5, 2), IN, 10) -> ((5, 2), OUT, 10) 1
f ((4, 5), IN, 10) -> ((4, 5), OUT, 10) 1
f ((1, 1), IN, 10) -> ((1, 1), OUT, 10) 1
f ((2, 1), IN, 10) -> ((2, 1), OUT, 10) 1
f ((4, 5), OUT, 10) -> ((4, 5), IN, 11) 1
f ((6, 6), OUT, 10) -> ((5, 6), (6, 6), EDGE_IN, 11) 1
f ((5, 6), (6, 6), EDGE_IN, 11) -> ((5, 6), (6, 6), EDGE_OUT, 11) 1
f ((5, 6), (6, 6), EDGE_OUT, 11) -> ((5, 6), IN, 11) 1
f ((5, 2), OUT, 10) -> ((4, 2), (5, 2), EDGE_IN, 11) 1
f ((4, 2), (5, 2), EDGE_IN, 11) -> ((4, 2), (5, 2), EDGE_OUT, 11) 1
f ((4, 2), (5, 2), EDGE_OUT, 11) -> ((4, 2), IN, 11) 1
f ((2, 1), OUT, 10) -> ((2, 0), (2, 1), EDGE_IN, 11) 1
f ((2, 0), (2, 1), EDGE_IN, 11) -> ((2, 0), (2, 1), EDGE_OUT, 11) 1
f ((2, 0), (2, 1), EDGE_OUT, 11) -> ((2, 0), IN, 11) 1
f ((1, 1), OUT, 10) -> ((0, 1), (1, 1), EDGE_IN, 11) 1
f ((0, 1), (1, 1), EDGE_IN, 11) -> ((0, 1), (1, 1), EDGE_OUT, 11) 1
f ((0, 1), (1, 1), EDGE_OUT, 11) -> ((0, 1), IN, 11) 1
f ((5, 6), IN, 11) -> ((5, 6), OUT, 11) 1
f ((4, 5), IN, 11) -> ((4, 5), OUT, 11) 1
f ((4, 2), IN, 11) -> ((4, 2), OUT, 11) 1
f ((2, 0), IN, 11) -> ((2, 0), OUT, 11) 1
f ((0, 1), IN, 11) -> ((0, 1), OUT, 11) 1
f ((5, 6), OUT, 11) -> ((-1, -1), SINK, -1) 1
f ((4, 5), OUT, 11) -> ((-1, -1), SINK, -1) 1
f ((4, 2), OUT, 11) -> ((-1, -1), SINK, -1) 1
f ((2, 0), OUT, 11) -> ((-1, -1), SINK, -1) 1
f ((0, 1), OUT, 11) -> ((-1, -1), SINK, -1) 1
Minimum cost_type flow: 44
---- Agent 0 ----
Cost     Flow
[1]  ((1, 5), OUT, 0) -> E(1, 4)-(1, 5) -> ((1, 4), IN, 1)
[1]  ((1, 4), OUT, 1) -> E(0, 4)-(1, 4) -> ((1, 4), IN, 2)
[1]  ((1, 4), OUT, 2) -> E(1, 3)-(1, 4) -> ((1, 3), IN, 3)
[1]  ((1, 3), OUT, 3) -> E(0, 3)-(1, 3) -> ((1, 3), IN, 4)
[1]  ((1, 3), OUT, 4) -> E(1, 2)-(1, 3) -> ((1, 2), IN, 5)
[1]  ((1, 2), OUT, 5) -> E(1, 2)-(1, 3) -> ((1, 3), IN, 6)
[1]  ((1, 3), OUT, 6) -> E(1, 3)-(1, 4) -> ((1, 3), IN, 7)
[1]  ((1, 3), OUT, 7) -> E(1, 2)-(1, 3) -> ((1, 2), IN, 8)
[1]  ((1, 2), OUT, 8) -> E(1, 1)-(1, 2) -> ((1, 1), IN, 9)
[1]  ((1, 1), OUT, 9) -> E(1, 1)-(2, 1) -> ((2, 1), IN, 10)
[1]  ((2, 1), OUT, 10) -> E(2, 0)-(2, 1) -> ((2, 0), IN, 11)
[*]  ((2, 0), OUT, 11) -> SINK * DONE

---- Agent 1 ----
Cost     Flow
[1]  ((5, 0), OUT, 0) -> E(5, 0)-(6, 0) -> ((5, 0), IN, 1)
[1]  ((5, 0), OUT, 1) -> E(4, 0)-(5, 0) -> ((4, 0), IN, 2)
[1]  ((4, 0), OUT, 2) -> E(3, 0)-(4, 0) -> ((4, 0), IN, 3)
[1]  ((4, 0), OUT, 3) -> E(4, 0)-(4, 1) -> ((4, 1), IN, 4)
[1]  ((4, 1), OUT, 4) -> ((4, 1), IN, 5)
[1]  ((4, 1), OUT, 5) -> ((4, 1), IN, 6)
[1]  ((4, 1), OUT, 6) -> E(3, 1)-(4, 1) -> ((3, 1), IN, 7)
[1]  ((3, 1), OUT, 7) -> E(3, 1)-(3, 2) -> ((3, 2), IN, 8)
[1]  ((3, 2), OUT, 8) -> E(3, 2)-(4, 2) -> ((4, 2), IN, 9)
[1]  ((4, 2), OUT, 9) -> E(4, 2)-(5, 2) -> ((5, 2), IN, 10)
[1]  ((5, 2), OUT, 10) -> E(4, 2)-(5, 2) -> ((4, 2), IN, 11)
[*]  ((4, 2), OUT, 11) -> SINK * DONE

---- Agent 2 ----
Cost     Flow
[1]  ((6, 3), OUT, 0) -> ((6, 3), IN, 1)
[1]  ((6, 3), OUT, 1) -> E(6, 3)-(7, 3) -> ((7, 3), IN, 2)
[1]  ((7, 3), OUT, 2) -> E(7, 2)-(7, 3) -> ((7, 2), IN, 3)
[1]  ((7, 2), OUT, 3) -> E(7, 2)-(7, 3) -> ((7, 3), IN, 4)
[1]  ((7, 3), OUT, 4) -> ((7, 3), IN, 5)
[1]  ((7, 3), OUT, 5) -> ((7, 3), IN, 6)
[1]  ((7, 3), OUT, 6) -> E(7, 3)-(7, 4) -> ((7, 4), IN, 7)
[1]  ((7, 4), OUT, 7) -> E(7, 4)-(7, 5) -> ((7, 5), IN, 8)
[1]  ((7, 5), OUT, 8) -> E(6, 5)-(7, 5) -> ((6, 5), IN, 9)
[1]  ((6, 5), OUT, 9) -> E(6, 5)-(6, 6) -> ((6, 6), IN, 10)
[1]  ((6, 6), OUT, 10) -> E(5, 6)-(6, 6) -> ((5, 6), IN, 11)
[*]  ((5, 6), OUT, 11) -> SINK * DONE

---- Agent 3 ----
Cost     Flow
[1]  ((6, 7), OUT, 0) -> ((6, 7), IN, 1)
[1]  ((6, 7), OUT, 1) -> ((6, 7), IN, 2)
[1]  ((6, 7), OUT, 2) -> ((6, 7), IN, 3)
[1]  ((6, 7), OUT, 3) -> E(5, 7)-(6, 7) -> ((5, 7), IN, 4)
[1]  ((5, 7), OUT, 4) -> E(4, 7)-(5, 7) -> ((4, 7), IN, 5)
[1]  ((4, 7), OUT, 5) -> E(3, 7)-(4, 7) -> ((4, 7), IN, 6)
[1]  ((4, 7), OUT, 6) -> ((4, 7), IN, 7)
[1]  ((4, 7), OUT, 7) -> E(3, 7)-(4, 7) -> ((4, 7), IN, 8)
[1]  ((4, 7), OUT, 8) -> E(4, 6)-(4, 7) -> ((4, 6), IN, 9)
[1]  ((4, 6), OUT, 9) -> E(4, 5)-(4, 6) -> ((4, 5), IN, 10)
[1]  ((4, 5), OUT, 10) -> ((4, 5), IN, 11)
[*]  ((4, 5), OUT, 11) -> SINK * DONE

---- Agent 4 ----
Cost     Flow
[0]  ((7, 5), OUT, 0) -> E(6, 5)-(7, 5) -> ((6, 5), IN, 1)
[0]  ((6, 5), OUT, 1) -> E(5, 5)-(6, 5) -> ((5, 5), IN, 2)
[0]  ((5, 5), OUT, 2) -> E(4, 5)-(5, 5) -> ((4, 5), IN, 3)
[0]  ((4, 5), OUT, 3) -> E(4, 4)-(4, 5) -> ((4, 4), IN, 4)
[0]  ((4, 4), OUT, 4) -> E(3, 4)-(4, 4) -> ((3, 4), IN, 5)
[0]  ((3, 4), OUT, 5) -> E(3, 3)-(3, 4) -> ((3, 3), IN, 6)
[0]  ((3, 3), OUT, 6) -> E(2, 3)-(3, 3) -> ((2, 3), IN, 7)
[0]  ((2, 3), OUT, 7) -> E(1, 3)-(2, 3) -> ((1, 3), IN, 8)
[0]  ((1, 3), OUT, 8) -> E(1, 2)-(1, 3) -> ((1, 2), IN, 9)
[0]  ((1, 2), OUT, 9) -> E(1, 1)-(1, 2) -> ((1, 1), IN, 10)
[0]  ((1, 1), OUT, 10) -> E(0, 1)-(1, 1) -> ((0, 1), IN, 11)
[*]  ((0, 1), OUT, 11) -> SINK * DONE

No realization conflict detected, returning plan
Plan:
Agent 0: {0: (1, 5), 1: (1, 4), 2: (1, 4), 3: (1, 3), 4: (1, 3), 5: (1, 2), 6: (1, 3), 7: (1, 3), 8: (1, 2), 9: (1, 1), 10: (2, 1), 11: (2, 0)}
Agent 1: {0: (5, 0), 1: (5, 0), 2: (4, 0), 3: (4, 0), 4: (4, 1), 5: (4, 1), 6: (4, 1), 7: (3, 1), 8: (3, 2), 9: (4, 2), 10: (5, 2), 11: (4, 2)}
Agent 2: {0: (6, 3), 1: (6, 3), 2: (7, 3), 3: (7, 2), 4: (7, 3), 5: (7, 3), 6: (7, 3), 7: (7, 4), 8: (7, 5), 9: (6, 5), 10: (6, 6), 11: (5, 6)}
Agent 3: {0: (6, 7), 1: (6, 7), 2: (6, 7), 3: (6, 7), 4: (5, 7), 5: (4, 7), 6: (4, 7), 7: (4, 7), 8: (4, 7), 9: (4, 6), 10: (4, 5), 11: (4, 5)}
Agent 4: {0: (7, 5), 1: (6, 5), 2: (5, 5), 3: (4, 5), 4: (4, 4), 5: (3, 4), 6: (3, 3), 7: (2, 3), 8: (1, 3), 9: (1, 2), 10: (1, 1), 11: (0, 1)}
Obs 0: {0: (7, 5), 1: (6, 5), 2: (5, 5), 3: (4, 5), 4: (4, 4), 5: (3, 4), 6: (3, 3), 7: (2, 3), 8: (1, 3), 9: (1, 2), 10: (1, 1), 11: (0, 1)}
Obs 1: {4: (2, 2)}
Obs 2: {1: (6, 4)}
Obs 3: {1: (7, 4)}
Obs 4: {2: (5, 2)}
Makespan: 11
Elapsed time: 0.040 sec

