Map: /home/nir.miller/wh-rearrangement-CPLEX-main/wh_8x8-5-5-1-3/wh_8x8.map
Solver: NATCBS
Time limit: 60 sec
Scenario: /home/nir.miller/wh-rearrangement-CPLEX-main/wh_8x8-5-5-1-3/wh_8x8-5-5-1-10.scen
Map size: 8x8
Num of agents: 5
Num of obstacles: 5
Num of tasks: 1
Agent start locations: [(7, 7), (2, 7), (7, 5), (7, 1), (0, 7)]
Pickup locations: [(2, 2)]
Delivery locations: [(2, 2)]

Iteration: 1
No obs conflict detected, planning agent paths...
Updating graph from makespan 0 to 9
f ((-1, -1), SOURCE, -1) -> ((7, 7), OUT, 0) 1
f ((-1, -1), SOURCE, -1) -> ((2, 7), OUT, 0) 1
f ((-1, -1), SOURCE, -1) -> ((7, 5), OUT, 0) 1
f ((-1, -1), SOURCE, -1) -> ((7, 1), OUT, 0) 1
f ((-1, -1), SOURCE, -1) -> ((0, 7), OUT, 0) 1
f ((2, 7), OUT, 0) -> ((2, 7), IN, 1) 1
f ((0, 7), OUT, 0) -> ((0, 6), (0, 7), EDGE_IN, 1) 1
f ((0, 6), (0, 7), EDGE_IN, 1) -> ((0, 6), (0, 7), EDGE_OUT, 1) 1
f ((0, 6), (0, 7), EDGE_OUT, 1) -> ((0, 6), IN, 1) 1
f ((7, 5), OUT, 0) -> ((6, 5), (7, 5), EDGE_IN, 1) 1
f ((6, 5), (7, 5), EDGE_IN, 1) -> ((6, 5), (7, 5), EDGE_OUT, 1) 1
f ((6, 5), (7, 5), EDGE_OUT, 1) -> ((7, 5), IN, 1) 1
f ((7, 7), OUT, 0) -> ((7, 6), (7, 7), EDGE_IN, 1) 1
f ((7, 6), (7, 7), EDGE_IN, 1) -> ((7, 6), (7, 7), EDGE_OUT, 1) 1
f ((7, 6), (7, 7), EDGE_OUT, 1) -> ((7, 6), IN, 1) 1
f ((7, 1), OUT, 0) -> ((7, 1), (7, 2), EDGE_IN, 1) 1
f ((7, 1), (7, 2), EDGE_IN, 1) -> ((7, 1), (7, 2), EDGE_OUT, 1) 1
f ((7, 1), (7, 2), EDGE_OUT, 1) -> ((7, 1), IN, 1) 1
f ((2, 7), IN, 1) -> ((2, 7), OUT, 1) 1
f ((7, 5), IN, 1) -> ((7, 5), OUT, 1) 1
f ((7, 1), IN, 1) -> ((7, 1), OUT, 1) 1
f ((0, 6), IN, 1) -> ((0, 6), OUT, 1) 1
f ((7, 6), IN, 1) -> ((7, 6), OUT, 1) 1
f ((7, 6), OUT, 1) -> ((7, 5), (7, 6), EDGE_IN, 2) 1
f ((7, 5), (7, 6), EDGE_IN, 2) -> ((7, 5), (7, 6), EDGE_OUT, 2) 1
f ((7, 5), (7, 6), EDGE_OUT, 2) -> ((7, 5), IN, 2) 1
f ((7, 5), OUT, 1) -> ((6, 5), (7, 5), EDGE_IN, 2) 1
f ((6, 5), (7, 5), EDGE_IN, 2) -> ((6, 5), (7, 5), EDGE_OUT, 2) 1
f ((6, 5), (7, 5), EDGE_OUT, 2) -> ((6, 5), IN, 2) 1
f ((2, 7), OUT, 1) -> ((2, 7), (3, 7), EDGE_IN, 2) 1
f ((2, 7), (3, 7), EDGE_IN, 2) -> ((2, 7), (3, 7), EDGE_OUT, 2) 1
f ((2, 7), (3, 7), EDGE_OUT, 2) -> ((3, 7), IN, 2) 1
f ((7, 1), OUT, 1) -> ((6, 1), (7, 1), EDGE_IN, 2) 1
f ((6, 1), (7, 1), EDGE_IN, 2) -> ((6, 1), (7, 1), EDGE_OUT, 2) 1
f ((6, 1), (7, 1), EDGE_OUT, 2) -> ((6, 1), IN, 2) 1
f ((0, 6), OUT, 1) -> ((0, 5), (0, 6), EDGE_IN, 2) 1
f ((0, 5), (0, 6), EDGE_IN, 2) -> ((0, 5), (0, 6), EDGE_OUT, 2) 1
f ((0, 5), (0, 6), EDGE_OUT, 2) -> ((0, 5), IN, 2) 1
f ((7, 5), IN, 2) -> ((7, 5), OUT, 2) 1
f ((6, 5), IN, 2) -> ((6, 5), OUT, 2) 1
f ((3, 7), IN, 2) -> ((3, 7), OUT, 2) 1
f ((6, 1), IN, 2) -> ((6, 1), OUT, 2) 1
f ((0, 5), IN, 2) -> ((0, 5), OUT, 2) 1
f ((6, 5), OUT, 2) -> ((6, 5), IN, 3) 1
f ((7, 5), OUT, 2) -> ((7, 5), (7, 6), EDGE_IN, 3) 1
f ((7, 5), (7, 6), EDGE_IN, 3) -> ((7, 5), (7, 6), EDGE_OUT, 3) 1
f ((7, 5), (7, 6), EDGE_OUT, 3) -> ((7, 6), IN, 3) 1
f ((6, 1), OUT, 2) -> ((6, 1), (7, 1), EDGE_IN, 3) 1
f ((6, 1), (7, 1), EDGE_IN, 3) -> ((6, 1), (7, 1), EDGE_OUT, 3) 1
f ((6, 1), (7, 1), EDGE_OUT, 3) -> ((7, 1), IN, 3) 1
f ((3, 7), OUT, 2) -> ((3, 7), (4, 7), EDGE_IN, 3) 1
f ((3, 7), (4, 7), EDGE_IN, 3) -> ((3, 7), (4, 7), EDGE_OUT, 3) 1
f ((3, 7), (4, 7), EDGE_OUT, 3) -> ((4, 7), IN, 3) 1
f ((0, 5), OUT, 2) -> ((0, 5), (1, 5), EDGE_IN, 3) 1
f ((0, 5), (1, 5), EDGE_IN, 3) -> ((0, 5), (1, 5), EDGE_OUT, 3) 1
f ((0, 5), (1, 5), EDGE_OUT, 3) -> ((1, 5), IN, 3) 1
f ((7, 1), IN, 3) -> ((7, 1), OUT, 3) 1
f ((7, 6), IN, 3) -> ((7, 6), OUT, 3) 1
f ((6, 5), IN, 3) -> ((6, 5), OUT, 3) 1
f ((4, 7), IN, 3) -> ((4, 7), OUT, 3) 1
f ((1, 5), IN, 3) -> ((1, 5), OUT, 3) 1
f ((7, 6), OUT, 3) -> ((7, 6), IN, 4) 1
f ((4, 7), OUT, 3) -> ((4, 7), IN, 4) 1
f ((7, 1), OUT, 3) -> ((7, 0), (7, 1), EDGE_IN, 4) 1
f ((7, 0), (7, 1), EDGE_IN, 4) -> ((7, 0), (7, 1), EDGE_OUT, 4) 1
f ((7, 0), (7, 1), EDGE_OUT, 4) -> ((7, 0), IN, 4) 1
f ((6, 5), OUT, 3) -> ((5, 5), (6, 5), EDGE_IN, 4) 1
f ((5, 5), (6, 5), EDGE_IN, 4) -> ((5, 5), (6, 5), EDGE_OUT, 4) 1
f ((5, 5), (6, 5), EDGE_OUT, 4) -> ((5, 5), IN, 4) 1
f ((1, 5), OUT, 3) -> ((1, 4), (1, 5), EDGE_IN, 4) 1
f ((1, 4), (1, 5), EDGE_IN, 4) -> ((1, 4), (1, 5), EDGE_OUT, 4) 1
f ((1, 4), (1, 5), EDGE_OUT, 4) -> ((1, 4), IN, 4) 1
f ((7, 6), IN, 4) -> ((7, 6), OUT, 4) 1
f ((7, 0), IN, 4) -> ((7, 0), OUT, 4) 1
f ((4, 7), IN, 4) -> ((4, 7), OUT, 4) 1
f ((5, 5), IN, 4) -> ((5, 5), OUT, 4) 1
f ((1, 4), IN, 4) -> ((1, 4), OUT, 4) 1
f ((7, 6), OUT, 4) -> ((7, 6), IN, 5) 1
f ((4, 7), OUT, 4) -> ((4, 7), IN, 5) 1
f ((7, 0), OUT, 4) -> ((6, 0), (7, 0), EDGE_IN, 5) 1
f ((6, 0), (7, 0), EDGE_IN, 5) -> ((6, 0), (7, 0), EDGE_OUT, 5) 1
f ((6, 0), (7, 0), EDGE_OUT, 5) -> ((6, 0), IN, 5) 1
f ((5, 5), OUT, 4) -> ((4, 5), (5, 5), EDGE_IN, 5) 1
f ((4, 5), (5, 5), EDGE_IN, 5) -> ((4, 5), (5, 5), EDGE_OUT, 5) 1
f ((4, 5), (5, 5), EDGE_OUT, 5) -> ((4, 5), IN, 5) 1
f ((1, 4), OUT, 4) -> ((1, 4), (1, 5), EDGE_IN, 5) 1
f ((1, 4), (1, 5), EDGE_IN, 5) -> ((1, 4), (1, 5), EDGE_OUT, 5) 1
f ((1, 4), (1, 5), EDGE_OUT, 5) -> ((1, 5), IN, 5) 1
f ((7, 6), IN, 5) -> ((7, 6), OUT, 5) 1
f ((6, 0), IN, 5) -> ((6, 0), OUT, 5) 1
f ((4, 7), IN, 5) -> ((4, 7), OUT, 5) 1
f ((1, 5), IN, 5) -> ((1, 5), OUT, 5) 1
f ((4, 5), IN, 5) -> ((4, 5), OUT, 5) 1
f ((7, 6), OUT, 5) -> ((6, 6), (7, 6), EDGE_IN, 6) 1
f ((6, 6), (7, 6), EDGE_IN, 6) -> ((6, 6), (7, 6), EDGE_OUT, 6) 1
f ((6, 6), (7, 6), EDGE_OUT, 6) -> ((6, 6), IN, 6) 1
f ((1, 5), OUT, 5) -> ((1, 5), (2, 5), EDGE_IN, 6) 1
f ((1, 5), (2, 5), EDGE_IN, 6) -> ((1, 5), (2, 5), EDGE_OUT, 6) 1
f ((1, 5), (2, 5), EDGE_OUT, 6) -> ((2, 5), IN, 6) 1
f ((4, 7), OUT, 5) -> ((4, 7), (5, 7), EDGE_IN, 6) 1
f ((4, 7), (5, 7), EDGE_IN, 6) -> ((4, 7), (5, 7), EDGE_OUT, 6) 1
f ((4, 7), (5, 7), EDGE_OUT, 6) -> ((4, 7), IN, 6) 1
f ((6, 0), OUT, 5) -> ((5, 0), (6, 0), EDGE_IN, 6) 1
f ((5, 0), (6, 0), EDGE_IN, 6) -> ((5, 0), (6, 0), EDGE_OUT, 6) 1
f ((5, 0), (6, 0), EDGE_OUT, 6) -> ((5, 0), IN, 6) 1
f ((4, 5), OUT, 5) -> ((3, 5), (4, 5), EDGE_IN, 6) 1
f ((3, 5), (4, 5), EDGE_IN, 6) -> ((3, 5), (4, 5), EDGE_OUT, 6) 1
f ((3, 5), (4, 5), EDGE_OUT, 6) -> ((3, 5), IN, 6) 1
f ((6, 6), IN, 6) -> ((6, 6), OUT, 6) 1
f ((2, 5), IN, 6) -> ((2, 5), OUT, 6) 1
f ((4, 7), IN, 6) -> ((4, 7), OUT, 6) 1
f ((3, 5), IN, 6) -> ((3, 5), OUT, 6) 1
f ((5, 0), IN, 6) -> ((5, 0), OUT, 6) 1
f ((5, 0), OUT, 6) -> ((5, 0), IN, 7) 1
f ((6, 6), OUT, 6) -> ((6, 6), (6, 7), EDGE_IN, 7) 1
f ((6, 6), (6, 7), EDGE_IN, 7) -> ((6, 6), (6, 7), EDGE_OUT, 7) 1
f ((6, 6), (6, 7), EDGE_OUT, 7) -> ((6, 6), IN, 7) 1
f ((2, 5), OUT, 6) -> ((2, 5), (3, 5), EDGE_IN, 7) 1
f ((2, 5), (3, 5), EDGE_IN, 7) -> ((2, 5), (3, 5), EDGE_OUT, 7) 1
f ((2, 5), (3, 5), EDGE_OUT, 7) -> ((3, 5), IN, 7) 1
f ((4, 7), OUT, 6) -> ((4, 7), (5, 7), EDGE_IN, 7) 1
f ((4, 7), (5, 7), EDGE_IN, 7) -> ((4, 7), (5, 7), EDGE_OUT, 7) 1
f ((4, 7), (5, 7), EDGE_OUT, 7) -> ((4, 7), IN, 7) 1
f ((3, 5), OUT, 6) -> ((3, 5), (4, 5), EDGE_IN, 7) 1
f ((3, 5), (4, 5), EDGE_IN, 7) -> ((3, 5), (4, 5), EDGE_OUT, 7) 1
f ((3, 5), (4, 5), EDGE_OUT, 7) -> ((4, 5), IN, 7) 1
f ((6, 6), IN, 7) -> ((6, 6), OUT, 7) 1
f ((4, 7), IN, 7) -> ((4, 7), OUT, 7) 1
f ((3, 5), IN, 7) -> ((3, 5), OUT, 7) 1
f ((5, 0), IN, 7) -> ((5, 0), OUT, 7) 1
f ((4, 5), IN, 7) -> ((4, 5), OUT, 7) 1
f ((4, 7), OUT, 7) -> ((4, 6), (4, 7), EDGE_IN, 8) 1
f ((4, 6), (4, 7), EDGE_IN, 8) -> ((4, 6), (4, 7), EDGE_OUT, 8) 1
f ((4, 6), (4, 7), EDGE_OUT, 8) -> ((4, 7), IN, 8) 1
f ((6, 6), OUT, 7) -> ((5, 6), (6, 6), EDGE_IN, 8) 1
f ((5, 6), (6, 6), EDGE_IN, 8) -> ((5, 6), (6, 6), EDGE_OUT, 8) 1
f ((5, 6), (6, 6), EDGE_OUT, 8) -> ((6, 6), IN, 8) 1
f ((4, 5), OUT, 7) -> ((4, 4), (4, 5), EDGE_IN, 8) 1
f ((4, 4), (4, 5), EDGE_IN, 8) -> ((4, 4), (4, 5), EDGE_OUT, 8) 1
f ((4, 4), (4, 5), EDGE_OUT, 8) -> ((4, 4), IN, 8) 1
f ((3, 5), OUT, 7) -> ((3, 5), (4, 5), EDGE_IN, 8) 1
f ((3, 5), (4, 5), EDGE_IN, 8) -> ((3, 5), (4, 5), EDGE_OUT, 8) 1
f ((3, 5), (4, 5), EDGE_OUT, 8) -> ((4, 5), IN, 8) 1
f ((5, 0), OUT, 7) -> ((4, 0), (5, 0), EDGE_IN, 8) 1
f ((4, 0), (5, 0), EDGE_IN, 8) -> ((4, 0), (5, 0), EDGE_OUT, 8) 1
f ((4, 0), (5, 0), EDGE_OUT, 8) -> ((4, 0), IN, 8) 1
f ((6, 6), IN, 8) -> ((6, 6), OUT, 8) 1
f ((4, 7), IN, 8) -> ((4, 7), OUT, 8) 1
f ((4, 5), IN, 8) -> ((4, 5), OUT, 8) 1
f ((4, 4), IN, 8) -> ((4, 4), OUT, 8) 1
f ((4, 0), IN, 8) -> ((4, 0), OUT, 8) 1
f ((6, 6), OUT, 8) -> ((6, 5), (6, 6), EDGE_IN, 9) 1
f ((6, 5), (6, 6), EDGE_IN, 9) -> ((6, 5), (6, 6), EDGE_OUT, 9) 1
f ((6, 5), (6, 6), EDGE_OUT, 9) -> ((6, 5), IN, 9) 1
f ((4, 7), OUT, 8) -> ((4, 7), (5, 7), EDGE_IN, 9) 1
f ((4, 7), (5, 7), EDGE_IN, 9) -> ((4, 7), (5, 7), EDGE_OUT, 9) 1
f ((4, 7), (5, 7), EDGE_OUT, 9) -> ((4, 7), IN, 9) 1
f ((4, 5), OUT, 8) -> ((4, 5), (5, 5), EDGE_IN, 9) 1
f ((4, 5), (5, 5), EDGE_IN, 9) -> ((4, 5), (5, 5), EDGE_OUT, 9) 1
f ((4, 5), (5, 5), EDGE_OUT, 9) -> ((5, 5), IN, 9) 1
f ((4, 4), OUT, 8) -> ((3, 4), (4, 4), EDGE_IN, 9) 1
f ((3, 4), (4, 4), EDGE_IN, 9) -> ((3, 4), (4, 4), EDGE_OUT, 9) 1
f ((3, 4), (4, 4), EDGE_OUT, 9) -> ((3, 4), IN, 9) 1
f ((4, 0), OUT, 8) -> ((3, 0), (4, 0), EDGE_IN, 9) 1
f ((3, 0), (4, 0), EDGE_IN, 9) -> ((3, 0), (4, 0), EDGE_OUT, 9) 1
f ((3, 0), (4, 0), EDGE_OUT, 9) -> ((3, 0), IN, 9) 1
f ((6, 5), IN, 9) -> ((6, 5), OUT, 9) 1
f ((4, 7), IN, 9) -> ((4, 7), OUT, 9) 1
f ((5, 5), IN, 9) -> ((5, 5), OUT, 9) 1
f ((3, 4), IN, 9) -> ((3, 4), OUT, 9) 1
f ((3, 0), IN, 9) -> ((3, 0), OUT, 9) 1
f ((6, 5), OUT, 9) -> ((-1, -1), SINK, -1) 1
f ((4, 7), OUT, 9) -> ((-1, -1), SINK, -1) 1
f ((5, 5), OUT, 9) -> ((-1, -1), SINK, -1) 1
f ((3, 4), OUT, 9) -> ((-1, -1), SINK, -1) 1
f ((3, 0), OUT, 9) -> ((-1, -1), SINK, -1) 1
Minimum cost_type flow: 40
---- Agent 0 ----
Cost     Flow
[1]  ((7, 7), OUT, 0) -> E(7, 6)-(7, 7) -> ((7, 6), IN, 1)
[1]  ((7, 6), OUT, 1) -> E(7, 5)-(7, 6) -> ((7, 5), IN, 2)
[1]  ((7, 5), OUT, 2) -> E(7, 5)-(7, 6) -> ((7, 6), IN, 3)
[1]  ((7, 6), OUT, 3) -> ((7, 6), IN, 4)
[1]  ((7, 6), OUT, 4) -> ((7, 6), IN, 5)
[1]  ((7, 6), OUT, 5) -> E(6, 6)-(7, 6) -> ((6, 6), IN, 6)
[1]  ((6, 6), OUT, 6) -> E(6, 6)-(6, 7) -> ((6, 6), IN, 7)
[1]  ((6, 6), OUT, 7) -> E(5, 6)-(6, 6) -> ((6, 6), IN, 8)
[1]  ((6, 6), OUT, 8) -> E(6, 5)-(6, 6) -> ((6, 5), IN, 9)
[*]  ((6, 5), OUT, 9) -> SINK * DONE

---- Agent 1 ----
Cost     Flow
[1]  ((2, 7), OUT, 0) -> ((2, 7), IN, 1)
[1]  ((2, 7), OUT, 1) -> E(2, 7)-(3, 7) -> ((3, 7), IN, 2)
[1]  ((3, 7), OUT, 2) -> E(3, 7)-(4, 7) -> ((4, 7), IN, 3)
[1]  ((4, 7), OUT, 3) -> ((4, 7), IN, 4)
[1]  ((4, 7), OUT, 4) -> ((4, 7), IN, 5)
[1]  ((4, 7), OUT, 5) -> E(4, 7)-(5, 7) -> ((4, 7), IN, 6)
[1]  ((4, 7), OUT, 6) -> E(4, 7)-(5, 7) -> ((4, 7), IN, 7)
[1]  ((4, 7), OUT, 7) -> E(4, 6)-(4, 7) -> ((4, 7), IN, 8)
[1]  ((4, 7), OUT, 8) -> E(4, 7)-(5, 7) -> ((4, 7), IN, 9)
[*]  ((4, 7), OUT, 9) -> SINK * DONE

---- Agent 2 ----
Cost     Flow
[1]  ((7, 5), OUT, 0) -> E(6, 5)-(7, 5) -> ((7, 5), IN, 1)
[1]  ((7, 5), OUT, 1) -> E(6, 5)-(7, 5) -> ((6, 5), IN, 2)
[1]  ((6, 5), OUT, 2) -> ((6, 5), IN, 3)
[1]  ((6, 5), OUT, 3) -> E(5, 5)-(6, 5) -> ((5, 5), IN, 4)
[1]  ((5, 5), OUT, 4) -> E(4, 5)-(5, 5) -> ((4, 5), IN, 5)
[1]  ((4, 5), OUT, 5) -> E(3, 5)-(4, 5) -> ((3, 5), IN, 6)
[1]  ((3, 5), OUT, 6) -> E(3, 5)-(4, 5) -> ((4, 5), IN, 7)
[1]  ((4, 5), OUT, 7) -> E(4, 4)-(4, 5) -> ((4, 4), IN, 8)
[1]  ((4, 4), OUT, 8) -> E(3, 4)-(4, 4) -> ((3, 4), IN, 9)
[*]  ((3, 4), OUT, 9) -> SINK * DONE

---- Agent 3 ----
Cost     Flow
[1]  ((7, 1), OUT, 0) -> E(7, 1)-(7, 2) -> ((7, 1), IN, 1)
[1]  ((7, 1), OUT, 1) -> E(6, 1)-(7, 1) -> ((6, 1), IN, 2)
[1]  ((6, 1), OUT, 2) -> E(6, 1)-(7, 1) -> ((7, 1), IN, 3)
[1]  ((7, 1), OUT, 3) -> E(7, 0)-(7, 1) -> ((7, 0), IN, 4)
[1]  ((7, 0), OUT, 4) -> E(6, 0)-(7, 0) -> ((6, 0), IN, 5)
[1]  ((6, 0), OUT, 5) -> E(5, 0)-(6, 0) -> ((5, 0), IN, 6)
[1]  ((5, 0), OUT, 6) -> ((5, 0), IN, 7)
[1]  ((5, 0), OUT, 7) -> E(4, 0)-(5, 0) -> ((4, 0), IN, 8)
[1]  ((4, 0), OUT, 8) -> E(3, 0)-(4, 0) -> ((3, 0), IN, 9)
[*]  ((3, 0), OUT, 9) -> SINK * DONE

---- Agent 4 ----
Cost     Flow
[1]  ((0, 7), OUT, 0) -> E(0, 6)-(0, 7) -> ((0, 6), IN, 1)
[1]  ((0, 6), OUT, 1) -> E(0, 5)-(0, 6) -> ((0, 5), IN, 2)
[1]  ((0, 5), OUT, 2) -> E(0, 5)-(1, 5) -> ((1, 5), IN, 3)
[1]  ((1, 5), OUT, 3) -> E(1, 4)-(1, 5) -> ((1, 4), IN, 4)
[0]  ((1, 4), OUT, 4) -> E(1, 4)-(1, 5) -> ((1, 5), IN, 5)
[0]  ((1, 5), OUT, 5) -> E(1, 5)-(2, 5) -> ((2, 5), IN, 6)
[0]  ((2, 5), OUT, 6) -> E(2, 5)-(3, 5) -> ((3, 5), IN, 7)
[0]  ((3, 5), OUT, 7) -> E(3, 5)-(4, 5) -> ((4, 5), IN, 8)
[0]  ((4, 5), OUT, 8) -> E(4, 5)-(5, 5) -> ((5, 5), IN, 9)
[*]  ((5, 5), OUT, 9) -> SINK * DONE

No realization conflict detected, returning plan
Plan:
Agent 0: {0: (7, 7), 1: (7, 6), 2: (7, 5), 3: (7, 6), 4: (7, 6), 5: (7, 6), 6: (6, 6), 7: (6, 6), 8: (6, 6), 9: (6, 5)}
Agent 1: {0: (2, 7), 1: (2, 7), 2: (3, 7), 3: (4, 7), 4: (4, 7), 5: (4, 7), 6: (4, 7), 7: (4, 7), 8: (4, 7), 9: (4, 7)}
Agent 2: {0: (7, 5), 1: (7, 5), 2: (6, 5), 3: (6, 5), 4: (5, 5), 5: (4, 5), 6: (3, 5), 7: (4, 5), 8: (4, 4), 9: (3, 4)}
Agent 3: {0: (7, 1), 1: (7, 1), 2: (6, 1), 3: (7, 1), 4: (7, 0), 5: (6, 0), 6: (5, 0), 7: (5, 0), 8: (4, 0), 9: (3, 0)}
Agent 4: {0: (0, 7), 1: (0, 6), 2: (0, 5), 3: (1, 5), 4: (1, 4), 5: (1, 5), 6: (2, 5), 7: (3, 5), 8: (4, 5), 9: (5, 5)}
Obs 0: {5: (2, 2)}
Obs 1: {3: (0, 4)}
Obs 2: {4: (1, 4), 5: (1, 5), 6: (2, 5), 7: (3, 5), 8: (4, 5), 9: (5, 5)}
Obs 3: {6: (0, 1)}
Obs 4: {3: (5, 4)}
Makespan: 9
Elapsed time: 0.016 sec

