Map: /home/nir.miller/wh-rearrangement-CPLEX-main/wh_8x8-5-5-1-3/wh_8x8.map
Solver: NATCBS
Time limit: 60 sec
Scenario: /home/nir.miller/wh-rearrangement-CPLEX-main/wh_8x8-5-5-1-3/wh_8x8-5-5-1-9.scen
Map size: 8x8
Num of agents: 5
Num of obstacles: 5
Num of tasks: 1
Agent start locations: [(4, 3), (7, 7), (5, 6), (0, 2), (0, 0)]
Pickup locations: [(4, 4)]
Delivery locations: [(4, 4)]

Iteration: 1
Obs conflict detected: VertexConflict(t=3, a=0, a2=4, v=(4, 4))
Iteration: 2
Obs conflict detected: EdgeConflict(t=3, a1=0, a2=4, e=(3, 4)->(4, 4))
Iteration: 3
Obs conflict detected: VertexConflict(t=7, a=3, a2=4, v=(2, 2))
Iteration: 4
Obs conflict detected: EdgeConflict(t=2, a1=0, a2=4, e=(4, 4)->(4, 5))
Iteration: 5
No obs conflict detected, planning agent paths...
Updating graph from makespan 0 to 9
f ((-1, -1), SOURCE, -1) -> ((4, 3), OUT, 0) 1
f ((-1, -1), SOURCE, -1) -> ((7, 7), OUT, 0) 1
f ((-1, -1), SOURCE, -1) -> ((5, 6), OUT, 0) 1
f ((-1, -1), SOURCE, -1) -> ((0, 2), OUT, 0) 1
f ((-1, -1), SOURCE, -1) -> ((0, 0), OUT, 0) 1
f ((0, 0), OUT, 0) -> ((0, 0), IN, 1) 1
f ((4, 3), OUT, 0) -> ((4, 3), (4, 4), EDGE_IN, 1) 1
f ((4, 3), (4, 4), EDGE_IN, 1) -> ((4, 3), (4, 4), EDGE_OUT, 1) 1
f ((4, 3), (4, 4), EDGE_OUT, 1) -> ((4, 4), IN, 1) 1
f ((5, 6), OUT, 0) -> ((5, 5), (5, 6), EDGE_IN, 1) 1
f ((5, 5), (5, 6), EDGE_IN, 1) -> ((5, 5), (5, 6), EDGE_OUT, 1) 1
f ((5, 5), (5, 6), EDGE_OUT, 1) -> ((5, 5), IN, 1) 1
f ((7, 7), OUT, 0) -> ((6, 7), (7, 7), EDGE_IN, 1) 1
f ((6, 7), (7, 7), EDGE_IN, 1) -> ((6, 7), (7, 7), EDGE_OUT, 1) 1
f ((6, 7), (7, 7), EDGE_OUT, 1) -> ((6, 7), IN, 1) 1
f ((0, 2), OUT, 0) -> ((0, 1), (0, 2), EDGE_IN, 1) 1
f ((0, 1), (0, 2), EDGE_IN, 1) -> ((0, 1), (0, 2), EDGE_OUT, 1) 1
f ((0, 1), (0, 2), EDGE_OUT, 1) -> ((0, 2), IN, 1) 1
f ((0, 2), IN, 1) -> ((0, 2), OUT, 1) 1
f ((0, 0), IN, 1) -> ((0, 0), OUT, 1) 1
f ((4, 4), IN, 1) -> ((4, 4), OUT, 1) 1
f ((5, 5), IN, 1) -> ((5, 5), OUT, 1) 1
f ((6, 7), IN, 1) -> ((6, 7), OUT, 1) 1
f ((4, 4), OUT, 1) -> ((4, 4), IN, 2) 1
f ((0, 0), OUT, 1) -> ((0, 0), (0, 1), EDGE_IN, 2) 1
f ((0, 0), (0, 1), EDGE_IN, 2) -> ((0, 0), (0, 1), EDGE_OUT, 2) 1
f ((0, 0), (0, 1), EDGE_OUT, 2) -> ((0, 0), IN, 2) 1
f ((0, 2), OUT, 1) -> ((0, 2), (0, 3), EDGE_IN, 2) 1
f ((0, 2), (0, 3), EDGE_IN, 2) -> ((0, 2), (0, 3), EDGE_OUT, 2) 1
f ((0, 2), (0, 3), EDGE_OUT, 2) -> ((0, 2), IN, 2) 1
f ((5, 5), OUT, 1) -> ((4, 5), (5, 5), EDGE_IN, 2) 1
f ((4, 5), (5, 5), EDGE_IN, 2) -> ((4, 5), (5, 5), EDGE_OUT, 2) 1
f ((4, 5), (5, 5), EDGE_OUT, 2) -> ((4, 5), IN, 2) 1
f ((6, 7), OUT, 1) -> ((6, 6), (6, 7), EDGE_IN, 2) 1
f ((6, 6), (6, 7), EDGE_IN, 2) -> ((6, 6), (6, 7), EDGE_OUT, 2) 1
f ((6, 6), (6, 7), EDGE_OUT, 2) -> ((6, 6), IN, 2) 1
f ((0, 2), IN, 2) -> ((0, 2), OUT, 2) 1
f ((0, 0), IN, 2) -> ((0, 0), OUT, 2) 1
f ((4, 4), IN, 2) -> ((4, 4), OUT, 2) 1
f ((6, 6), IN, 2) -> ((6, 6), OUT, 2) 1
f ((4, 5), IN, 2) -> ((4, 5), OUT, 2) 1
f ((0, 0), OUT, 2) -> ((0, 0), IN, 3) 1
f ((0, 2), OUT, 2) -> ((0, 2), (1, 2), EDGE_IN, 3) 1
f ((0, 2), (1, 2), EDGE_IN, 3) -> ((0, 2), (1, 2), EDGE_OUT, 3) 1
f ((0, 2), (1, 2), EDGE_OUT, 3) -> ((1, 2), IN, 3) 1
f ((6, 6), OUT, 2) -> ((6, 6), (7, 6), EDGE_IN, 3) 1
f ((6, 6), (7, 6), EDGE_IN, 3) -> ((6, 6), (7, 6), EDGE_OUT, 3) 1
f ((6, 6), (7, 6), EDGE_OUT, 3) -> ((6, 6), IN, 3) 1
f ((4, 4), OUT, 2) -> ((3, 4), (4, 4), EDGE_IN, 3) 1
f ((3, 4), (4, 4), EDGE_IN, 3) -> ((3, 4), (4, 4), EDGE_OUT, 3) 1
f ((3, 4), (4, 4), EDGE_OUT, 3) -> ((3, 4), IN, 3) 1
f ((4, 5), OUT, 2) -> ((3, 5), (4, 5), EDGE_IN, 3) 1
f ((3, 5), (4, 5), EDGE_IN, 3) -> ((3, 5), (4, 5), EDGE_OUT, 3) 1
f ((3, 5), (4, 5), EDGE_OUT, 3) -> ((3, 5), IN, 3) 1
f ((0, 0), IN, 3) -> ((0, 0), OUT, 3) 1
f ((6, 6), IN, 3) -> ((6, 6), OUT, 3) 1
f ((1, 2), IN, 3) -> ((1, 2), OUT, 3) 1
f ((3, 4), IN, 3) -> ((3, 4), OUT, 3) 1
f ((3, 5), IN, 3) -> ((3, 5), OUT, 3) 1
f ((6, 6), OUT, 3) -> ((5, 6), (6, 6), EDGE_IN, 4) 1
f ((5, 6), (6, 6), EDGE_IN, 4) -> ((5, 6), (6, 6), EDGE_OUT, 4) 1
f ((5, 6), (6, 6), EDGE_OUT, 4) -> ((5, 6), IN, 4) 1
f ((0, 0), OUT, 3) -> ((0, 0), (0, 1), EDGE_IN, 4) 1
f ((0, 0), (0, 1), EDGE_IN, 4) -> ((0, 0), (0, 1), EDGE_OUT, 4) 1
f ((0, 0), (0, 1), EDGE_OUT, 4) -> ((0, 1), IN, 4) 1
f ((1, 2), OUT, 3) -> ((1, 2), (2, 2), EDGE_IN, 4) 1
f ((1, 2), (2, 2), EDGE_IN, 4) -> ((1, 2), (2, 2), EDGE_OUT, 4) 1
f ((1, 2), (2, 2), EDGE_OUT, 4) -> ((2, 2), IN, 4) 1
f ((3, 5), OUT, 3) -> ((3, 4), (3, 5), EDGE_IN, 4) 1
f ((3, 4), (3, 5), EDGE_IN, 4) -> ((3, 4), (3, 5), EDGE_OUT, 4) 1
f ((3, 4), (3, 5), EDGE_OUT, 4) -> ((3, 4), IN, 4) 1
f ((5, 6), IN, 4) -> ((5, 6), OUT, 4) 1
f ((4, 4), IN, 4) -> ((4, 4), OUT, 4) 1
f ((0, 1), IN, 4) -> ((0, 1), OUT, 4) 1
f ((3, 4), IN, 4) -> ((3, 4), OUT, 4) 1
f ((2, 2), IN, 4) -> ((2, 2), OUT, 4) 1
f ((0, 1), OUT, 4) -> ((0, 1), IN, 5) 1
f ((2, 2), OUT, 4) -> ((2, 2), IN, 5) 1
f ((5, 6), OUT, 4) -> ((4, 6), (5, 6), EDGE_IN, 5) 1
f ((4, 6), (5, 6), EDGE_IN, 5) -> ((4, 6), (5, 6), EDGE_OUT, 5) 1
f ((4, 6), (5, 6), EDGE_OUT, 5) -> ((4, 6), IN, 5) 1
f ((4, 4), OUT, 4) -> ((3, 4), (4, 4), EDGE_IN, 5) 1
f ((3, 4), (4, 4), EDGE_IN, 5) -> ((3, 4), (4, 4), EDGE_OUT, 5) 1
f ((3, 4), (4, 4), EDGE_OUT, 5) -> ((3, 4), IN, 5) 1
f ((3, 4), OUT, 4) -> ((2, 4), (3, 4), EDGE_IN, 5) 1
f ((2, 4), (3, 4), EDGE_IN, 5) -> ((2, 4), (3, 4), EDGE_OUT, 5) 1
f ((2, 4), (3, 4), EDGE_OUT, 5) -> ((2, 4), IN, 5) 1
f ((4, 6), IN, 5) -> ((4, 6), OUT, 5) 1
f ((0, 1), IN, 5) -> ((0, 1), OUT, 5) 1
f ((3, 4), IN, 5) -> ((3, 4), OUT, 5) 1
f ((2, 2), IN, 5) -> ((2, 2), OUT, 5) 1
f ((2, 4), IN, 5) -> ((2, 4), OUT, 5) 1
f ((2, 2), OUT, 5) -> ((2, 2), IN, 6) 1
f ((0, 1), OUT, 5) -> ((0, 1), (0, 2), EDGE_IN, 6) 1
f ((0, 1), (0, 2), EDGE_IN, 6) -> ((0, 1), (0, 2), EDGE_OUT, 6) 1
f ((0, 1), (0, 2), EDGE_OUT, 6) -> ((0, 2), IN, 6) 1
f ((4, 6), OUT, 5) -> ((4, 6), (4, 7), EDGE_IN, 6) 1
f ((4, 6), (4, 7), EDGE_IN, 6) -> ((4, 6), (4, 7), EDGE_OUT, 6) 1
f ((4, 6), (4, 7), EDGE_OUT, 6) -> ((4, 7), IN, 6) 1
f ((2, 4), OUT, 5) -> ((2, 3), (2, 4), EDGE_IN, 6) 1
f ((2, 3), (2, 4), EDGE_IN, 6) -> ((2, 3), (2, 4), EDGE_OUT, 6) 1
f ((2, 3), (2, 4), EDGE_OUT, 6) -> ((2, 3), IN, 6) 1
f ((3, 4), OUT, 5) -> ((2, 4), (3, 4), EDGE_IN, 6) 1
f ((2, 4), (3, 4), EDGE_IN, 6) -> ((2, 4), (3, 4), EDGE_OUT, 6) 1
f ((2, 4), (3, 4), EDGE_OUT, 6) -> ((2, 4), IN, 6) 1
f ((0, 2), IN, 6) -> ((0, 2), OUT, 6) 1
f ((2, 3), IN, 6) -> ((2, 3), OUT, 6) 1
f ((4, 7), IN, 6) -> ((4, 7), OUT, 6) 1
f ((2, 2), IN, 6) -> ((2, 2), OUT, 6) 1
f ((2, 4), IN, 6) -> ((2, 4), OUT, 6) 1
f ((0, 2), OUT, 6) -> ((0, 2), IN, 7) 1
f ((2, 2), OUT, 6) -> ((1, 2), (2, 2), EDGE_IN, 7) 1
f ((1, 2), (2, 2), EDGE_IN, 7) -> ((1, 2), (2, 2), EDGE_OUT, 7) 1
f ((1, 2), (2, 2), EDGE_OUT, 7) -> ((1, 2), IN, 7) 1
f ((4, 7), OUT, 6) -> ((4, 6), (4, 7), EDGE_IN, 7) 1
f ((4, 6), (4, 7), EDGE_IN, 7) -> ((4, 6), (4, 7), EDGE_OUT, 7) 1
f ((4, 6), (4, 7), EDGE_OUT, 7) -> ((4, 6), IN, 7) 1
f ((2, 3), OUT, 6) -> ((1, 3), (2, 3), EDGE_IN, 7) 1
f ((1, 3), (2, 3), EDGE_IN, 7) -> ((1, 3), (2, 3), EDGE_OUT, 7) 1
f ((1, 3), (2, 3), EDGE_OUT, 7) -> ((1, 3), IN, 7) 1
f ((2, 4), OUT, 6) -> ((2, 3), (2, 4), EDGE_IN, 7) 1
f ((2, 3), (2, 4), EDGE_IN, 7) -> ((2, 3), (2, 4), EDGE_OUT, 7) 1
f ((2, 3), (2, 4), EDGE_OUT, 7) -> ((2, 4), IN, 7) 1
f ((0, 2), IN, 7) -> ((0, 2), OUT, 7) 1
f ((4, 6), IN, 7) -> ((4, 6), OUT, 7) 1
f ((1, 2), IN, 7) -> ((1, 2), OUT, 7) 1
f ((1, 3), IN, 7) -> ((1, 3), OUT, 7) 1
f ((2, 4), IN, 7) -> ((2, 4), OUT, 7) 1
f ((0, 2), OUT, 7) -> ((0, 2), IN, 8) 1
f ((4, 6), OUT, 7) -> ((4, 6), (5, 6), EDGE_IN, 8) 1
f ((4, 6), (5, 6), EDGE_IN, 8) -> ((4, 6), (5, 6), EDGE_OUT, 8) 1
f ((4, 6), (5, 6), EDGE_OUT, 8) -> ((5, 6), IN, 8) 1
f ((1, 3), OUT, 7) -> ((1, 2), (1, 3), EDGE_IN, 8) 1
f ((1, 2), (1, 3), EDGE_IN, 8) -> ((1, 2), (1, 3), EDGE_OUT, 8) 1
f ((1, 2), (1, 3), EDGE_OUT, 8) -> ((1, 2), IN, 8) 1
f ((1, 2), OUT, 7) -> ((1, 1), (1, 2), EDGE_IN, 8) 1
f ((1, 1), (1, 2), EDGE_IN, 8) -> ((1, 1), (1, 2), EDGE_OUT, 8) 1
f ((1, 1), (1, 2), EDGE_OUT, 8) -> ((1, 1), IN, 8) 1
f ((2, 4), OUT, 7) -> ((1, 4), (2, 4), EDGE_IN, 8) 1
f ((1, 4), (2, 4), EDGE_IN, 8) -> ((1, 4), (2, 4), EDGE_OUT, 8) 1
f ((1, 4), (2, 4), EDGE_OUT, 8) -> ((2, 4), IN, 8) 1
f ((5, 6), IN, 8) -> ((5, 6), OUT, 8) 1
f ((0, 2), IN, 8) -> ((0, 2), OUT, 8) 1
f ((1, 2), IN, 8) -> ((1, 2), OUT, 8) 1
f ((1, 1), IN, 8) -> ((1, 1), OUT, 8) 1
f ((2, 4), IN, 8) -> ((2, 4), OUT, 8) 1
f ((5, 6), OUT, 8) -> ((5, 6), (5, 7), EDGE_IN, 9) 1
f ((5, 6), (5, 7), EDGE_IN, 9) -> ((5, 6), (5, 7), EDGE_OUT, 9) 1
f ((5, 6), (5, 7), EDGE_OUT, 9) -> ((5, 7), IN, 9) 1
f ((0, 2), OUT, 8) -> ((0, 2), (0, 3), EDGE_IN, 9) 1
f ((0, 2), (0, 3), EDGE_IN, 9) -> ((0, 2), (0, 3), EDGE_OUT, 9) 1
f ((0, 2), (0, 3), EDGE_OUT, 9) -> ((0, 3), IN, 9) 1
f ((1, 2), OUT, 8) -> ((0, 2), (1, 2), EDGE_IN, 9) 1
f ((0, 2), (1, 2), EDGE_IN, 9) -> ((0, 2), (1, 2), EDGE_OUT, 9) 1
f ((0, 2), (1, 2), EDGE_OUT, 9) -> ((0, 2), IN, 9) 1
f ((1, 1), OUT, 8) -> ((1, 1), (1, 2), EDGE_IN, 9) 1
f ((1, 1), (1, 2), EDGE_IN, 9) -> ((1, 1), (1, 2), EDGE_OUT, 9) 1
f ((1, 1), (1, 2), EDGE_OUT, 9) -> ((1, 2), IN, 9) 1
f ((2, 4), OUT, 8) -> ((1, 4), (2, 4), EDGE_IN, 9) 1
f ((1, 4), (2, 4), EDGE_IN, 9) -> ((1, 4), (2, 4), EDGE_OUT, 9) 1
f ((1, 4), (2, 4), EDGE_OUT, 9) -> ((1, 4), IN, 9) 1
f ((0, 2), IN, 9) -> ((0, 2), OUT, 9) 1
f ((5, 7), IN, 9) -> ((5, 7), OUT, 9) 1
f ((0, 3), IN, 9) -> ((0, 3), OUT, 9) 1
f ((1, 2), IN, 9) -> ((1, 2), OUT, 9) 1
f ((1, 4), IN, 9) -> ((1, 4), OUT, 9) 1
f ((0, 2), OUT, 9) -> ((-1, -1), SINK, -1) 1
f ((5, 7), OUT, 9) -> ((-1, -1), SINK, -1) 1
f ((0, 3), OUT, 9) -> ((-1, -1), SINK, -1) 1
f ((1, 2), OUT, 9) -> ((-1, -1), SINK, -1) 1
f ((1, 4), OUT, 9) -> ((-1, -1), SINK, -1) 1
Minimum cost_type flow: 36
---- Agent 0 ----
Cost     Flow
[1]  ((4, 3), OUT, 0) -> E(4, 3)-(4, 4) -> ((4, 4), IN, 1)
[1]  ((4, 4), OUT, 1) -> ((4, 4), IN, 2)
[0]  ((4, 4), OUT, 2) -> E(3, 4)-(4, 4) -> ((3, 4), IN, 3)
[0] ((3, 4), OUT, 3) -> CE(3, 4)-(4, 4) -> ((4, 4), IN, 4)
[1]  ((4, 4), OUT, 4) -> E(3, 4)-(4, 4) -> ((3, 4), IN, 5)
[1]  ((3, 4), OUT, 5) -> E(2, 4)-(3, 4) -> ((2, 4), IN, 6)
[1]  ((2, 4), OUT, 6) -> E(2, 3)-(2, 4) -> ((2, 4), IN, 7)
[1]  ((2, 4), OUT, 7) -> E(1, 4)-(2, 4) -> ((2, 4), IN, 8)
[1]  ((2, 4), OUT, 8) -> E(1, 4)-(2, 4) -> ((1, 4), IN, 9)
[*]  ((1, 4), OUT, 9) -> SINK * DONE

---- Agent 1 ----
Cost     Flow
[1]  ((7, 7), OUT, 0) -> E(6, 7)-(7, 7) -> ((6, 7), IN, 1)
[1]  ((6, 7), OUT, 1) -> E(6, 6)-(6, 7) -> ((6, 6), IN, 2)
[1]  ((6, 6), OUT, 2) -> E(6, 6)-(7, 6) -> ((6, 6), IN, 3)
[1]  ((6, 6), OUT, 3) -> E(5, 6)-(6, 6) -> ((5, 6), IN, 4)
[1]  ((5, 6), OUT, 4) -> E(4, 6)-(5, 6) -> ((4, 6), IN, 5)
[1]  ((4, 6), OUT, 5) -> E(4, 6)-(4, 7) -> ((4, 7), IN, 6)
[1]  ((4, 7), OUT, 6) -> E(4, 6)-(4, 7) -> ((4, 6), IN, 7)
[1]  ((4, 6), OUT, 7) -> E(4, 6)-(5, 6) -> ((5, 6), IN, 8)
[1]  ((5, 6), OUT, 8) -> E(5, 6)-(5, 7) -> ((5, 7), IN, 9)
[*]  ((5, 7), OUT, 9) -> SINK * DONE

---- Agent 2 ----
Cost     Flow
[1]  ((5, 6), OUT, 0) -> E(5, 5)-(5, 6) -> ((5, 5), IN, 1)
[1]  ((5, 5), OUT, 1) -> E(4, 5)-(5, 5) -> ((4, 5), IN, 2)
[0]  ((4, 5), OUT, 2) -> E(3, 5)-(4, 5) -> ((3, 5), IN, 3)
[0]  ((3, 5), OUT, 3) -> E(3, 4)-(3, 5) -> ((3, 4), IN, 4)
[0]  ((3, 4), OUT, 4) -> E(2, 4)-(3, 4) -> ((2, 4), IN, 5)
[0]  ((2, 4), OUT, 5) -> E(2, 3)-(2, 4) -> ((2, 3), IN, 6)
[0]  ((2, 3), OUT, 6) -> E(1, 3)-(2, 3) -> ((1, 3), IN, 7)
[0]  ((1, 3), OUT, 7) -> E(1, 2)-(1, 3) -> ((1, 2), IN, 8)
[0]  ((1, 2), OUT, 8) -> E(0, 2)-(1, 2) -> ((0, 2), IN, 9)
[*]  ((0, 2), OUT, 9) -> SINK * DONE

---- Agent 3 ----
Cost     Flow
[1]  ((0, 2), OUT, 0) -> E(0, 1)-(0, 2) -> ((0, 2), IN, 1)
[1]  ((0, 2), OUT, 1) -> E(0, 2)-(0, 3) -> ((0, 2), IN, 2)
[1]  ((0, 2), OUT, 2) -> E(0, 2)-(1, 2) -> ((1, 2), IN, 3)
[1]  ((1, 2), OUT, 3) -> E(1, 2)-(2, 2) -> ((2, 2), IN, 4)
[1]  ((2, 2), OUT, 4) -> ((2, 2), IN, 5)
[1]  ((2, 2), OUT, 5) -> ((2, 2), IN, 6)
[1]  ((2, 2), OUT, 6) -> E(1, 2)-(2, 2) -> ((1, 2), IN, 7)
[1]  ((1, 2), OUT, 7) -> E(1, 1)-(1, 2) -> ((1, 1), IN, 8)
[1]  ((1, 1), OUT, 8) -> E(1, 1)-(1, 2) -> ((1, 2), IN, 9)
[*]  ((1, 2), OUT, 9) -> SINK * DONE

---- Agent 4 ----
Cost     Flow
[1]  ((0, 0), OUT, 0) -> ((0, 0), IN, 1)
[1]  ((0, 0), OUT, 1) -> E(0, 0)-(0, 1) -> ((0, 0), IN, 2)
[1]  ((0, 0), OUT, 2) -> ((0, 0), IN, 3)
[1]  ((0, 0), OUT, 3) -> E(0, 0)-(0, 1) -> ((0, 1), IN, 4)
[1]  ((0, 1), OUT, 4) -> ((0, 1), IN, 5)
[1]  ((0, 1), OUT, 5) -> E(0, 1)-(0, 2) -> ((0, 2), IN, 6)
[1]  ((0, 2), OUT, 6) -> ((0, 2), IN, 7)
[1]  ((0, 2), OUT, 7) -> ((0, 2), IN, 8)
[1]  ((0, 2), OUT, 8) -> E(0, 2)-(0, 3) -> ((0, 3), IN, 9)
[*]  ((0, 3), OUT, 9) -> SINK * DONE

No realization conflict detected, returning plan
Plan:
Agent 0: {0: (4, 3), 1: (4, 4), 2: (4, 4), 3: (3, 4), 4: (4, 4), 5: (3, 4), 6: (2, 4), 7: (2, 4), 8: (2, 4), 9: (1, 4)}
Agent 1: {0: (7, 7), 1: (6, 7), 2: (6, 6), 3: (6, 6), 4: (5, 6), 5: (4, 6), 6: (4, 7), 7: (4, 6), 8: (5, 6), 9: (5, 7)}
Agent 2: {0: (5, 6), 1: (5, 5), 2: (4, 5), 3: (3, 5), 4: (3, 4), 5: (2, 4), 6: (2, 3), 7: (1, 3), 8: (1, 2), 9: (0, 2)}
Agent 3: {0: (0, 2), 1: (0, 2), 2: (0, 2), 3: (1, 2), 4: (2, 2), 5: (2, 2), 6: (2, 2), 7: (1, 2), 8: (1, 1), 9: (1, 2)}
Agent 4: {0: (0, 0), 1: (0, 0), 2: (0, 0), 3: (0, 0), 4: (0, 1), 5: (0, 1), 6: (0, 2), 7: (0, 2), 8: (0, 2), 9: (0, 3)}
Obs 0: {2: (4, 4), 3: (3, 4), 4: (4, 4)}
Obs 1: {3: (1, 4)}
Obs 2: {3: (4, 0)}
Obs 3: {2: (2, 2)}
Obs 4: {2: (4, 5), 3: (3, 5), 4: (3, 4), 5: (2, 4), 6: (2, 3), 7: (1, 3), 8: (1, 2), 9: (0, 2)}
Makespan: 9
Elapsed time: 0.027 sec

