Map: /home/nir.miller/wh-rearrangement-CPLEX-main/wh_8x8-5-5-1-3/wh_8x8.map
Solver: NATCBS
Time limit: 60 sec
Scenario: /home/nir.miller/wh-rearrangement-CPLEX-main/wh_8x8-5-5-1-3/wh_8x8-5-5-1-4.scen
Map size: 8x8
Num of agents: 5
Num of obstacles: 5
Num of tasks: 1
Agent start locations: [(6, 6), (6, 5), (3, 1), (0, 4), (5, 1)]
Pickup locations: [(6, 5)]
Delivery locations: [(6, 5)]

Iteration: 1
No obs conflict detected, planning agent paths...
Updating graph from makespan 0 to 6
f ((-1, -1), SOURCE, -1) -> ((6, 6), OUT, 0) 1
f ((-1, -1), SOURCE, -1) -> ((6, 5), OUT, 0) 1
f ((-1, -1), SOURCE, -1) -> ((3, 1), OUT, 0) 1
f ((-1, -1), SOURCE, -1) -> ((0, 4), OUT, 0) 1
f ((-1, -1), SOURCE, -1) -> ((5, 1), OUT, 0) 1
f ((5, 1), OUT, 0) -> ((4, 1), (5, 1), EDGE_IN, 1) 1
f ((4, 1), (5, 1), EDGE_IN, 1) -> ((4, 1), (5, 1), EDGE_OUT, 1) 1
f ((4, 1), (5, 1), EDGE_OUT, 1) -> ((4, 1), IN, 1) 1
f ((3, 1), OUT, 0) -> ((2, 1), (3, 1), EDGE_IN, 1) 1
f ((2, 1), (3, 1), EDGE_IN, 1) -> ((2, 1), (3, 1), EDGE_OUT, 1) 1
f ((2, 1), (3, 1), EDGE_OUT, 1) -> ((3, 1), IN, 1) 1
f ((6, 6), OUT, 0) -> ((5, 6), (6, 6), EDGE_IN, 1) 1
f ((5, 6), (6, 6), EDGE_IN, 1) -> ((5, 6), (6, 6), EDGE_OUT, 1) 1
f ((5, 6), (6, 6), EDGE_OUT, 1) -> ((5, 6), IN, 1) 1
f ((0, 4), OUT, 0) -> ((0, 4), (0, 5), EDGE_IN, 1) 1
f ((0, 4), (0, 5), EDGE_IN, 1) -> ((0, 4), (0, 5), EDGE_OUT, 1) 1
f ((0, 4), (0, 5), EDGE_OUT, 1) -> ((0, 5), IN, 1) 1
f ((6, 5), OUT, 0) -> ((6, 5), (7, 5), EDGE_IN, 1) 1
f ((6, 5), (7, 5), EDGE_IN, 1) -> ((6, 5), (7, 5), EDGE_OUT, 1) 1
f ((6, 5), (7, 5), EDGE_OUT, 1) -> ((6, 5), IN, 1) 1
f ((6, 5), IN, 1) -> ((6, 5), OUT, 1) 1
f ((3, 1), IN, 1) -> ((3, 1), OUT, 1) 1
f ((4, 1), IN, 1) -> ((4, 1), OUT, 1) 1
f ((5, 6), IN, 1) -> ((5, 6), OUT, 1) 1
f ((0, 5), IN, 1) -> ((0, 5), OUT, 1) 1
f ((0, 5), OUT, 1) -> ((0, 5), IN, 2) 1
f ((3, 1), OUT, 1) -> ((3, 0), (3, 1), EDGE_IN, 2) 1
f ((3, 0), (3, 1), EDGE_IN, 2) -> ((3, 0), (3, 1), EDGE_OUT, 2) 1
f ((3, 0), (3, 1), EDGE_OUT, 2) -> ((3, 0), IN, 2) 1
f ((6, 5), OUT, 1) -> ((6, 5), (6, 6), EDGE_IN, 2) 1
f ((6, 5), (6, 6), EDGE_IN, 2) -> ((6, 5), (6, 6), EDGE_OUT, 2) 1
f ((6, 5), (6, 6), EDGE_OUT, 2) -> ((6, 6), IN, 2) 1
f ((5, 6), OUT, 1) -> ((4, 6), (5, 6), EDGE_IN, 2) 1
f ((4, 6), (5, 6), EDGE_IN, 2) -> ((4, 6), (5, 6), EDGE_OUT, 2) 1
f ((4, 6), (5, 6), EDGE_OUT, 2) -> ((4, 6), IN, 2) 1
f ((4, 1), OUT, 1) -> ((4, 1), (4, 2), EDGE_IN, 2) 1
f ((4, 1), (4, 2), EDGE_IN, 2) -> ((4, 1), (4, 2), EDGE_OUT, 2) 1
f ((4, 1), (4, 2), EDGE_OUT, 2) -> ((4, 1), IN, 2) 1
f ((6, 6), IN, 2) -> ((6, 6), OUT, 2) 1
f ((4, 1), IN, 2) -> ((4, 1), OUT, 2) 1
f ((3, 0), IN, 2) -> ((3, 0), OUT, 2) 1
f ((0, 5), IN, 2) -> ((0, 5), OUT, 2) 1
f ((4, 6), IN, 2) -> ((4, 6), OUT, 2) 1
f ((4, 1), OUT, 2) -> ((4, 1), (5, 1), EDGE_IN, 3) 1
f ((4, 1), (5, 1), EDGE_IN, 3) -> ((4, 1), (5, 1), EDGE_OUT, 3) 1
f ((4, 1), (5, 1), EDGE_OUT, 3) -> ((5, 1), IN, 3) 1
f ((6, 6), OUT, 2) -> ((6, 6), (6, 7), EDGE_IN, 3) 1
f ((6, 6), (6, 7), EDGE_IN, 3) -> ((6, 6), (6, 7), EDGE_OUT, 3) 1
f ((6, 6), (6, 7), EDGE_OUT, 3) -> ((6, 7), IN, 3) 1
f ((3, 0), OUT, 2) -> ((2, 0), (3, 0), EDGE_IN, 3) 1
f ((2, 0), (3, 0), EDGE_IN, 3) -> ((2, 0), (3, 0), EDGE_OUT, 3) 1
f ((2, 0), (3, 0), EDGE_OUT, 3) -> ((2, 0), IN, 3) 1
f ((0, 5), OUT, 2) -> ((0, 5), (0, 6), EDGE_IN, 3) 1
f ((0, 5), (0, 6), EDGE_IN, 3) -> ((0, 5), (0, 6), EDGE_OUT, 3) 1
f ((0, 5), (0, 6), EDGE_OUT, 3) -> ((0, 6), IN, 3) 1
f ((4, 6), OUT, 2) -> ((4, 5), (4, 6), EDGE_IN, 3) 1
f ((4, 5), (4, 6), EDGE_IN, 3) -> ((4, 5), (4, 6), EDGE_OUT, 3) 1
f ((4, 5), (4, 6), EDGE_OUT, 3) -> ((4, 5), IN, 3) 1
f ((5, 1), IN, 3) -> ((5, 1), OUT, 3) 1
f ((6, 7), IN, 3) -> ((6, 7), OUT, 3) 1
f ((2, 0), IN, 3) -> ((2, 0), OUT, 3) 1
f ((4, 5), IN, 3) -> ((4, 5), OUT, 3) 1
f ((0, 6), IN, 3) -> ((0, 6), OUT, 3) 1
f ((5, 1), OUT, 3) -> ((5, 1), (5, 2), EDGE_IN, 4) 1
f ((5, 1), (5, 2), EDGE_IN, 4) -> ((5, 1), (5, 2), EDGE_OUT, 4) 1
f ((5, 1), (5, 2), EDGE_OUT, 4) -> ((5, 2), IN, 4) 1
f ((6, 7), OUT, 3) -> ((5, 7), (6, 7), EDGE_IN, 4) 1
f ((5, 7), (6, 7), EDGE_IN, 4) -> ((5, 7), (6, 7), EDGE_OUT, 4) 1
f ((5, 7), (6, 7), EDGE_OUT, 4) -> ((6, 7), IN, 4) 1
f ((4, 5), OUT, 3) -> ((3, 5), (4, 5), EDGE_IN, 4) 1
f ((3, 5), (4, 5), EDGE_IN, 4) -> ((3, 5), (4, 5), EDGE_OUT, 4) 1
f ((3, 5), (4, 5), EDGE_OUT, 4) -> ((3, 5), IN, 4) 1
f ((0, 6), OUT, 3) -> ((0, 6), (0, 7), EDGE_IN, 4) 1
f ((0, 6), (0, 7), EDGE_IN, 4) -> ((0, 6), (0, 7), EDGE_OUT, 4) 1
f ((0, 6), (0, 7), EDGE_OUT, 4) -> ((0, 7), IN, 4) 1
f ((2, 0), OUT, 3) -> ((1, 0), (2, 0), EDGE_IN, 4) 1
f ((1, 0), (2, 0), EDGE_IN, 4) -> ((1, 0), (2, 0), EDGE_OUT, 4) 1
f ((1, 0), (2, 0), EDGE_OUT, 4) -> ((1, 0), IN, 4) 1
f ((5, 2), IN, 4) -> ((5, 2), OUT, 4) 1
f ((6, 7), IN, 4) -> ((6, 7), OUT, 4) 1
f ((3, 5), IN, 4) -> ((3, 5), OUT, 4) 1
f ((0, 7), IN, 4) -> ((0, 7), OUT, 4) 1
f ((1, 0), IN, 4) -> ((1, 0), OUT, 4) 1
f ((0, 7), OUT, 4) -> ((0, 7), IN, 5) 1
f ((5, 2), OUT, 4) -> ((5, 2), (5, 3), EDGE_IN, 5) 1
f ((5, 2), (5, 3), EDGE_IN, 5) -> ((5, 2), (5, 3), EDGE_OUT, 5) 1
f ((5, 2), (5, 3), EDGE_OUT, 5) -> ((5, 3), IN, 5) 1
f ((6, 7), OUT, 4) -> ((6, 7), (7, 7), EDGE_IN, 5) 1
f ((6, 7), (7, 7), EDGE_IN, 5) -> ((6, 7), (7, 7), EDGE_OUT, 5) 1
f ((6, 7), (7, 7), EDGE_OUT, 5) -> ((7, 7), IN, 5) 1
f ((3, 5), OUT, 4) -> ((2, 5), (3, 5), EDGE_IN, 5) 1
f ((2, 5), (3, 5), EDGE_IN, 5) -> ((2, 5), (3, 5), EDGE_OUT, 5) 1
f ((2, 5), (3, 5), EDGE_OUT, 5) -> ((2, 5), IN, 5) 1
f ((1, 0), OUT, 4) -> ((0, 0), (1, 0), EDGE_IN, 5) 1
f ((0, 0), (1, 0), EDGE_IN, 5) -> ((0, 0), (1, 0), EDGE_OUT, 5) 1
f ((0, 0), (1, 0), EDGE_OUT, 5) -> ((1, 0), IN, 5) 1
f ((7, 7), IN, 5) -> ((7, 7), OUT, 5) 1
f ((5, 3), IN, 5) -> ((5, 3), OUT, 5) 1
f ((2, 5), IN, 5) -> ((2, 5), OUT, 5) 1
f ((0, 7), IN, 5) -> ((0, 7), OUT, 5) 1
f ((1, 0), IN, 5) -> ((1, 0), OUT, 5) 1
f ((7, 7), OUT, 5) -> ((7, 6), (7, 7), EDGE_IN, 6) 1
f ((7, 6), (7, 7), EDGE_IN, 6) -> ((7, 6), (7, 7), EDGE_OUT, 6) 1
f ((7, 6), (7, 7), EDGE_OUT, 6) -> ((7, 6), IN, 6) 1
f ((2, 5), OUT, 5) -> ((1, 5), (2, 5), EDGE_IN, 6) 1
f ((1, 5), (2, 5), EDGE_IN, 6) -> ((1, 5), (2, 5), EDGE_OUT, 6) 1
f ((1, 5), (2, 5), EDGE_OUT, 6) -> ((1, 5), IN, 6) 1
f ((5, 3), OUT, 5) -> ((4, 3), (5, 3), EDGE_IN, 6) 1
f ((4, 3), (5, 3), EDGE_IN, 6) -> ((4, 3), (5, 3), EDGE_OUT, 6) 1
f ((4, 3), (5, 3), EDGE_OUT, 6) -> ((4, 3), IN, 6) 1
f ((1, 0), OUT, 5) -> ((1, 0), (1, 1), EDGE_IN, 6) 1
f ((1, 0), (1, 1), EDGE_IN, 6) -> ((1, 0), (1, 1), EDGE_OUT, 6) 1
f ((1, 0), (1, 1), EDGE_OUT, 6) -> ((1, 1), IN, 6) 1
f ((0, 7), OUT, 5) -> ((0, 7), (1, 7), EDGE_IN, 6) 1
f ((0, 7), (1, 7), EDGE_IN, 6) -> ((0, 7), (1, 7), EDGE_OUT, 6) 1
f ((0, 7), (1, 7), EDGE_OUT, 6) -> ((1, 7), IN, 6) 1
f ((7, 6), IN, 6) -> ((7, 6), OUT, 6) 1
f ((1, 1), IN, 6) -> ((1, 1), OUT, 6) 1
f ((1, 5), IN, 6) -> ((1, 5), OUT, 6) 1
f ((4, 3), IN, 6) -> ((4, 3), OUT, 6) 1
f ((1, 7), IN, 6) -> ((1, 7), OUT, 6) 1
f ((7, 6), OUT, 6) -> ((-1, -1), SINK, -1) 1
f ((1, 1), OUT, 6) -> ((-1, -1), SINK, -1) 1
f ((1, 5), OUT, 6) -> ((-1, -1), SINK, -1) 1
f ((4, 3), OUT, 6) -> ((-1, -1), SINK, -1) 1
f ((1, 7), OUT, 6) -> ((-1, -1), SINK, -1) 1
Minimum cost_type flow: 26
---- Agent 0 ----
Cost     Flow
[1]  ((6, 6), OUT, 0) -> E(5, 6)-(6, 6) -> ((5, 6), IN, 1)
[1]  ((5, 6), OUT, 1) -> E(4, 6)-(5, 6) -> ((4, 6), IN, 2)
[0]  ((4, 6), OUT, 2) -> E(4, 5)-(4, 6) -> ((4, 5), IN, 3)
[0]  ((4, 5), OUT, 3) -> E(3, 5)-(4, 5) -> ((3, 5), IN, 4)
[0]  ((3, 5), OUT, 4) -> E(2, 5)-(3, 5) -> ((2, 5), IN, 5)
[0]  ((2, 5), OUT, 5) -> E(1, 5)-(2, 5) -> ((1, 5), IN, 6)
[*]  ((1, 5), OUT, 6) -> SINK * DONE

---- Agent 1 ----
Cost     Flow
[1]  ((6, 5), OUT, 0) -> E(6, 5)-(7, 5) -> ((6, 5), IN, 1)
[1]  ((6, 5), OUT, 1) -> E(6, 5)-(6, 6) -> ((6, 6), IN, 2)
[1]  ((6, 6), OUT, 2) -> E(6, 6)-(6, 7) -> ((6, 7), IN, 3)
[1]  ((6, 7), OUT, 3) -> E(5, 7)-(6, 7) -> ((6, 7), IN, 4)
[1]  ((6, 7), OUT, 4) -> E(6, 7)-(7, 7) -> ((7, 7), IN, 5)
[1]  ((7, 7), OUT, 5) -> E(7, 6)-(7, 7) -> ((7, 6), IN, 6)
[*]  ((7, 6), OUT, 6) -> SINK * DONE

---- Agent 2 ----
Cost     Flow
[1]  ((3, 1), OUT, 0) -> E(2, 1)-(3, 1) -> ((3, 1), IN, 1)
[1]  ((3, 1), OUT, 1) -> E(3, 0)-(3, 1) -> ((3, 0), IN, 2)
[1]  ((3, 0), OUT, 2) -> E(2, 0)-(3, 0) -> ((2, 0), IN, 3)
[1]  ((2, 0), OUT, 3) -> E(1, 0)-(2, 0) -> ((1, 0), IN, 4)
[1]  ((1, 0), OUT, 4) -> E(0, 0)-(1, 0) -> ((1, 0), IN, 5)
[1]  ((1, 0), OUT, 5) -> E(1, 0)-(1, 1) -> ((1, 1), IN, 6)
[*]  ((1, 1), OUT, 6) -> SINK * DONE

---- Agent 3 ----
Cost     Flow
[1]  ((0, 4), OUT, 0) -> E(0, 4)-(0, 5) -> ((0, 5), IN, 1)
[1]  ((0, 5), OUT, 1) -> ((0, 5), IN, 2)
[1]  ((0, 5), OUT, 2) -> E(0, 5)-(0, 6) -> ((0, 6), IN, 3)
[1]  ((0, 6), OUT, 3) -> E(0, 6)-(0, 7) -> ((0, 7), IN, 4)
[1]  ((0, 7), OUT, 4) -> ((0, 7), IN, 5)
[1]  ((0, 7), OUT, 5) -> E(0, 7)-(1, 7) -> ((1, 7), IN, 6)
[*]  ((1, 7), OUT, 6) -> SINK * DONE

---- Agent 4 ----
Cost     Flow
[1]  ((5, 1), OUT, 0) -> E(4, 1)-(5, 1) -> ((4, 1), IN, 1)
[1]  ((4, 1), OUT, 1) -> E(4, 1)-(4, 2) -> ((4, 1), IN, 2)
[1]  ((4, 1), OUT, 2) -> E(4, 1)-(5, 1) -> ((5, 1), IN, 3)
[1]  ((5, 1), OUT, 3) -> E(5, 1)-(5, 2) -> ((5, 2), IN, 4)
[1]  ((5, 2), OUT, 4) -> E(5, 2)-(5, 3) -> ((5, 3), IN, 5)
[1]  ((5, 3), OUT, 5) -> E(4, 3)-(5, 3) -> ((4, 3), IN, 6)
[*]  ((4, 3), OUT, 6) -> SINK * DONE

No realization conflict detected, returning plan
Plan:
Agent 0: {0: (6, 6), 1: (5, 6), 2: (4, 6), 3: (4, 5), 4: (3, 5), 5: (2, 5), 6: (1, 5)}
Agent 1: {0: (6, 5), 1: (6, 5), 2: (6, 6), 3: (6, 7), 4: (6, 7), 5: (7, 7), 6: (7, 6)}
Agent 2: {0: (3, 1), 1: (3, 1), 2: (3, 0), 3: (2, 0), 4: (1, 0), 5: (1, 0), 6: (1, 1)}
Agent 3: {0: (0, 4), 1: (0, 5), 2: (0, 5), 3: (0, 6), 4: (0, 7), 5: (0, 7), 6: (1, 7)}
Agent 4: {0: (5, 1), 1: (4, 1), 2: (4, 1), 3: (5, 1), 4: (5, 2), 5: (5, 3), 6: (4, 3)}
Obs 0: {0: (6, 5)}
Obs 1: {1: (3, 2)}
Obs 2: {2: (4, 6), 3: (4, 5), 4: (3, 5), 5: (2, 5), 6: (1, 5)}
Obs 3: {1: (6, 7)}
Obs 4: {1: (5, 5)}
Makespan: 6
Elapsed time: 0.017 sec

