Map: /home/nir.miller/wh-rearrangement-CPLEX-main/wh_8x8-5-5-1-3/wh_8x8.map
Solver: NATCBS
Time limit: 60 sec
Scenario: /home/nir.miller/wh-rearrangement-CPLEX-main/wh_8x8-5-5-1-3/wh_8x8-5-5-1-0.scen
Map size: 8x8
Num of agents: 5
Num of obstacles: 5
Num of tasks: 1
Agent start locations: [(6, 0), (7, 3), (5, 1), (0, 7), (0, 4)]
Pickup locations: [(0, 4)]
Delivery locations: [(0, 4)]

Iteration: 1
No obs conflict detected, planning agent paths...
Updating graph from makespan 0 to 6
f ((-1, -1), SOURCE, -1) -> ((6, 0), OUT, 0) 1
f ((-1, -1), SOURCE, -1) -> ((7, 3), OUT, 0) 1
f ((-1, -1), SOURCE, -1) -> ((5, 1), OUT, 0) 1
f ((-1, -1), SOURCE, -1) -> ((0, 7), OUT, 0) 1
f ((-1, -1), SOURCE, -1) -> ((0, 4), OUT, 0) 1
f ((5, 1), OUT, 0) -> ((5, 1), IN, 1) 1
f ((0, 7), OUT, 0) -> ((0, 7), IN, 1) 1
f ((7, 3), OUT, 0) -> ((6, 3), (7, 3), EDGE_IN, 1) 1
f ((6, 3), (7, 3), EDGE_IN, 1) -> ((6, 3), (7, 3), EDGE_OUT, 1) 1
f ((6, 3), (7, 3), EDGE_OUT, 1) -> ((6, 3), IN, 1) 1
f ((6, 0), OUT, 0) -> ((6, 0), (6, 1), EDGE_IN, 1) 1
f ((6, 0), (6, 1), EDGE_IN, 1) -> ((6, 0), (6, 1), EDGE_OUT, 1) 1
f ((6, 0), (6, 1), EDGE_OUT, 1) -> ((6, 1), IN, 1) 1
f ((0, 4), OUT, 0) -> ((0, 3), (0, 4), EDGE_IN, 1) 1
f ((0, 3), (0, 4), EDGE_IN, 1) -> ((0, 3), (0, 4), EDGE_OUT, 1) 1
f ((0, 3), (0, 4), EDGE_OUT, 1) -> ((0, 3), IN, 1) 1
f ((5, 1), IN, 1) -> ((5, 1), OUT, 1) 1
f ((0, 7), IN, 1) -> ((0, 7), OUT, 1) 1
f ((6, 3), IN, 1) -> ((6, 3), OUT, 1) 1
f ((6, 1), IN, 1) -> ((6, 1), OUT, 1) 1
f ((0, 3), IN, 1) -> ((0, 3), OUT, 1) 1
f ((0, 7), OUT, 1) -> ((0, 6), (0, 7), EDGE_IN, 2) 1
f ((0, 6), (0, 7), EDGE_IN, 2) -> ((0, 6), (0, 7), EDGE_OUT, 2) 1
f ((0, 6), (0, 7), EDGE_OUT, 2) -> ((0, 6), IN, 2) 1
f ((6, 1), OUT, 1) -> ((5, 1), (6, 1), EDGE_IN, 2) 1
f ((5, 1), (6, 1), EDGE_IN, 2) -> ((5, 1), (6, 1), EDGE_OUT, 2) 1
f ((5, 1), (6, 1), EDGE_OUT, 2) -> ((5, 1), IN, 2) 1
f ((5, 1), OUT, 1) -> ((4, 1), (5, 1), EDGE_IN, 2) 1
f ((4, 1), (5, 1), EDGE_IN, 2) -> ((4, 1), (5, 1), EDGE_OUT, 2) 1
f ((4, 1), (5, 1), EDGE_OUT, 2) -> ((4, 1), IN, 2) 1
f ((0, 3), OUT, 1) -> ((0, 2), (0, 3), EDGE_IN, 2) 1
f ((0, 2), (0, 3), EDGE_IN, 2) -> ((0, 2), (0, 3), EDGE_OUT, 2) 1
f ((0, 2), (0, 3), EDGE_OUT, 2) -> ((0, 2), IN, 2) 1
f ((6, 3), OUT, 1) -> ((6, 2), (6, 3), EDGE_IN, 2) 1
f ((6, 2), (6, 3), EDGE_IN, 2) -> ((6, 2), (6, 3), EDGE_OUT, 2) 1
f ((6, 2), (6, 3), EDGE_OUT, 2) -> ((6, 3), IN, 2) 1
f ((5, 1), IN, 2) -> ((5, 1), OUT, 2) 1
f ((0, 6), IN, 2) -> ((0, 6), OUT, 2) 1
f ((6, 3), IN, 2) -> ((6, 3), OUT, 2) 1
f ((4, 1), IN, 2) -> ((4, 1), OUT, 2) 1
f ((0, 2), IN, 2) -> ((0, 2), OUT, 2) 1
f ((6, 3), OUT, 2) -> ((6, 3), (7, 3), EDGE_IN, 3) 1
f ((6, 3), (7, 3), EDGE_IN, 3) -> ((6, 3), (7, 3), EDGE_OUT, 3) 1
f ((6, 3), (7, 3), EDGE_OUT, 3) -> ((7, 3), IN, 3) 1
f ((5, 1), OUT, 2) -> ((4, 1), (5, 1), EDGE_IN, 3) 1
f ((4, 1), (5, 1), EDGE_IN, 3) -> ((4, 1), (5, 1), EDGE_OUT, 3) 1
f ((4, 1), (5, 1), EDGE_OUT, 3) -> ((4, 1), IN, 3) 1
f ((0, 6), OUT, 2) -> ((0, 5), (0, 6), EDGE_IN, 3) 1
f ((0, 5), (0, 6), EDGE_IN, 3) -> ((0, 5), (0, 6), EDGE_OUT, 3) 1
f ((0, 5), (0, 6), EDGE_OUT, 3) -> ((0, 5), IN, 3) 1
f ((4, 1), OUT, 2) -> ((4, 0), (4, 1), EDGE_IN, 3) 1
f ((4, 0), (4, 1), EDGE_IN, 3) -> ((4, 0), (4, 1), EDGE_OUT, 3) 1
f ((4, 0), (4, 1), EDGE_OUT, 3) -> ((4, 0), IN, 3) 1
f ((0, 2), OUT, 2) -> ((0, 1), (0, 2), EDGE_IN, 3) 1
f ((0, 1), (0, 2), EDGE_IN, 3) -> ((0, 1), (0, 2), EDGE_OUT, 3) 1
f ((0, 1), (0, 2), EDGE_OUT, 3) -> ((0, 1), IN, 3) 1
f ((7, 3), IN, 3) -> ((7, 3), OUT, 3) 1
f ((4, 1), IN, 3) -> ((4, 1), OUT, 3) 1
f ((0, 5), IN, 3) -> ((0, 5), OUT, 3) 1
f ((4, 0), IN, 3) -> ((4, 0), OUT, 3) 1
f ((0, 1), IN, 3) -> ((0, 1), OUT, 3) 1
f ((7, 3), OUT, 3) -> ((7, 2), (7, 3), EDGE_IN, 4) 1
f ((7, 2), (7, 3), EDGE_IN, 4) -> ((7, 2), (7, 3), EDGE_OUT, 4) 1
f ((7, 2), (7, 3), EDGE_OUT, 4) -> ((7, 2), IN, 4) 1
f ((4, 1), OUT, 3) -> ((4, 1), (5, 1), EDGE_IN, 4) 1
f ((4, 1), (5, 1), EDGE_IN, 4) -> ((4, 1), (5, 1), EDGE_OUT, 4) 1
f ((4, 1), (5, 1), EDGE_OUT, 4) -> ((4, 1), IN, 4) 1
f ((0, 5), OUT, 3) -> ((0, 5), (0, 6), EDGE_IN, 4) 1
f ((0, 5), (0, 6), EDGE_IN, 4) -> ((0, 5), (0, 6), EDGE_OUT, 4) 1
f ((0, 5), (0, 6), EDGE_OUT, 4) -> ((0, 5), IN, 4) 1
f ((4, 0), OUT, 3) -> ((4, 0), (4, 1), EDGE_IN, 4) 1
f ((4, 0), (4, 1), EDGE_IN, 4) -> ((4, 0), (4, 1), EDGE_OUT, 4) 1
f ((4, 0), (4, 1), EDGE_OUT, 4) -> ((4, 0), IN, 4) 1
f ((0, 1), OUT, 3) -> ((0, 1), (0, 2), EDGE_IN, 4) 1
f ((0, 1), (0, 2), EDGE_IN, 4) -> ((0, 1), (0, 2), EDGE_OUT, 4) 1
f ((0, 1), (0, 2), EDGE_OUT, 4) -> ((0, 2), IN, 4) 1
f ((7, 2), IN, 4) -> ((7, 2), OUT, 4) 1
f ((4, 1), IN, 4) -> ((4, 1), OUT, 4) 1
f ((0, 5), IN, 4) -> ((0, 5), OUT, 4) 1
f ((0, 2), IN, 4) -> ((0, 2), OUT, 4) 1
f ((4, 0), IN, 4) -> ((4, 0), OUT, 4) 1
f ((7, 2), OUT, 4) -> ((7, 2), IN, 5) 1
f ((0, 2), OUT, 4) -> ((0, 2), (0, 3), EDGE_IN, 5) 1
f ((0, 2), (0, 3), EDGE_IN, 5) -> ((0, 2), (0, 3), EDGE_OUT, 5) 1
f ((0, 2), (0, 3), EDGE_OUT, 5) -> ((0, 3), IN, 5) 1
f ((0, 5), OUT, 4) -> ((0, 5), (1, 5), EDGE_IN, 5) 1
f ((0, 5), (1, 5), EDGE_IN, 5) -> ((0, 5), (1, 5), EDGE_OUT, 5) 1
f ((0, 5), (1, 5), EDGE_OUT, 5) -> ((1, 5), IN, 5) 1
f ((4, 1), OUT, 4) -> ((4, 1), (4, 2), EDGE_IN, 5) 1
f ((4, 1), (4, 2), EDGE_IN, 5) -> ((4, 1), (4, 2), EDGE_OUT, 5) 1
f ((4, 1), (4, 2), EDGE_OUT, 5) -> ((4, 1), IN, 5) 1
f ((4, 0), OUT, 4) -> ((4, 0), (5, 0), EDGE_IN, 5) 1
f ((4, 0), (5, 0), EDGE_IN, 5) -> ((4, 0), (5, 0), EDGE_OUT, 5) 1
f ((4, 0), (5, 0), EDGE_OUT, 5) -> ((5, 0), IN, 5) 1
f ((7, 2), IN, 5) -> ((7, 2), OUT, 5) 1
f ((5, 0), IN, 5) -> ((5, 0), OUT, 5) 1
f ((4, 1), IN, 5) -> ((4, 1), OUT, 5) 1
f ((0, 3), IN, 5) -> ((0, 3), OUT, 5) 1
f ((1, 5), IN, 5) -> ((1, 5), OUT, 5) 1
f ((5, 0), OUT, 5) -> ((5, 0), (5, 1), EDGE_IN, 6) 1
f ((5, 0), (5, 1), EDGE_IN, 6) -> ((5, 0), (5, 1), EDGE_OUT, 6) 1
f ((5, 0), (5, 1), EDGE_OUT, 6) -> ((5, 0), IN, 6) 1
f ((0, 3), OUT, 5) -> ((0, 3), (1, 3), EDGE_IN, 6) 1
f ((0, 3), (1, 3), EDGE_IN, 6) -> ((0, 3), (1, 3), EDGE_OUT, 6) 1
f ((0, 3), (1, 3), EDGE_OUT, 6) -> ((1, 3), IN, 6) 1
f ((7, 2), OUT, 5) -> ((7, 1), (7, 2), EDGE_IN, 6) 1
f ((7, 1), (7, 2), EDGE_IN, 6) -> ((7, 1), (7, 2), EDGE_OUT, 6) 1
f ((7, 1), (7, 2), EDGE_OUT, 6) -> ((7, 1), IN, 6) 1
f ((4, 1), OUT, 5) -> ((4, 1), (4, 2), EDGE_IN, 6) 1
f ((4, 1), (4, 2), EDGE_IN, 6) -> ((4, 1), (4, 2), EDGE_OUT, 6) 1
f ((4, 1), (4, 2), EDGE_OUT, 6) -> ((4, 1), IN, 6) 1
f ((1, 5), OUT, 5) -> ((1, 5), (1, 6), EDGE_IN, 6) 1
f ((1, 5), (1, 6), EDGE_IN, 6) -> ((1, 5), (1, 6), EDGE_OUT, 6) 1
f ((1, 5), (1, 6), EDGE_OUT, 6) -> ((1, 5), IN, 6) 1
f ((5, 0), IN, 6) -> ((5, 0), OUT, 6) 1
f ((4, 1), IN, 6) -> ((4, 1), OUT, 6) 1
f ((7, 1), IN, 6) -> ((7, 1), OUT, 6) 1
f ((1, 3), IN, 6) -> ((1, 3), OUT, 6) 1
f ((1, 5), IN, 6) -> ((1, 5), OUT, 6) 1
f ((5, 0), OUT, 6) -> ((-1, -1), SINK, -1) 1
f ((4, 1), OUT, 6) -> ((-1, -1), SINK, -1) 1
f ((7, 1), OUT, 6) -> ((-1, -1), SINK, -1) 1
f ((1, 3), OUT, 6) -> ((-1, -1), SINK, -1) 1
f ((1, 5), OUT, 6) -> ((-1, -1), SINK, -1) 1
Minimum cost_type flow: 27
---- Agent 0 ----
Cost     Flow
[1]  ((6, 0), OUT, 0) -> E(6, 0)-(6, 1) -> ((6, 1), IN, 1)
[1]  ((6, 1), OUT, 1) -> E(5, 1)-(6, 1) -> ((5, 1), IN, 2)
[1]  ((5, 1), OUT, 2) -> E(4, 1)-(5, 1) -> ((4, 1), IN, 3)
[1]  ((4, 1), OUT, 3) -> E(4, 1)-(5, 1) -> ((4, 1), IN, 4)
[1]  ((4, 1), OUT, 4) -> E(4, 1)-(4, 2) -> ((4, 1), IN, 5)
[1]  ((4, 1), OUT, 5) -> E(4, 1)-(4, 2) -> ((4, 1), IN, 6)
[*]  ((4, 1), OUT, 6) -> SINK * DONE

---- Agent 1 ----
Cost     Flow
[1]  ((7, 3), OUT, 0) -> E(6, 3)-(7, 3) -> ((6, 3), IN, 1)
[1]  ((6, 3), OUT, 1) -> E(6, 2)-(6, 3) -> ((6, 3), IN, 2)
[1]  ((6, 3), OUT, 2) -> E(6, 3)-(7, 3) -> ((7, 3), IN, 3)
[1]  ((7, 3), OUT, 3) -> E(7, 2)-(7, 3) -> ((7, 2), IN, 4)
[1]  ((7, 2), OUT, 4) -> ((7, 2), IN, 5)
[1]  ((7, 2), OUT, 5) -> E(7, 1)-(7, 2) -> ((7, 1), IN, 6)
[*]  ((7, 1), OUT, 6) -> SINK * DONE

---- Agent 2 ----
Cost     Flow
[1]  ((5, 1), OUT, 0) -> ((5, 1), IN, 1)
[1]  ((5, 1), OUT, 1) -> E(4, 1)-(5, 1) -> ((4, 1), IN, 2)
[1]  ((4, 1), OUT, 2) -> E(4, 0)-(4, 1) -> ((4, 0), IN, 3)
[1]  ((4, 0), OUT, 3) -> E(4, 0)-(4, 1) -> ((4, 0), IN, 4)
[1]  ((4, 0), OUT, 4) -> E(4, 0)-(5, 0) -> ((5, 0), IN, 5)
[1]  ((5, 0), OUT, 5) -> E(5, 0)-(5, 1) -> ((5, 0), IN, 6)
[*]  ((5, 0), OUT, 6) -> SINK * DONE

---- Agent 3 ----
Cost     Flow
[1]  ((0, 7), OUT, 0) -> ((0, 7), IN, 1)
[1]  ((0, 7), OUT, 1) -> E(0, 6)-(0, 7) -> ((0, 6), IN, 2)
[1]  ((0, 6), OUT, 2) -> E(0, 5)-(0, 6) -> ((0, 5), IN, 3)
[1]  ((0, 5), OUT, 3) -> E(0, 5)-(0, 6) -> ((0, 5), IN, 4)
[1]  ((0, 5), OUT, 4) -> E(0, 5)-(1, 5) -> ((1, 5), IN, 5)
[1]  ((1, 5), OUT, 5) -> E(1, 5)-(1, 6) -> ((1, 5), IN, 6)
[*]  ((1, 5), OUT, 6) -> SINK * DONE

---- Agent 4 ----
Cost     Flow
[1]  ((0, 4), OUT, 0) -> E(0, 3)-(0, 4) -> ((0, 3), IN, 1)
[1]  ((0, 3), OUT, 1) -> E(0, 2)-(0, 3) -> ((0, 2), IN, 2)
[1]  ((0, 2), OUT, 2) -> E(0, 1)-(0, 2) -> ((0, 1), IN, 3)
[0]  ((0, 1), OUT, 3) -> E(0, 1)-(0, 2) -> ((0, 2), IN, 4)
[0]  ((0, 2), OUT, 4) -> E(0, 2)-(0, 3) -> ((0, 3), IN, 5)
[0]  ((0, 3), OUT, 5) -> E(0, 3)-(1, 3) -> ((1, 3), IN, 6)
[*]  ((1, 3), OUT, 6) -> SINK * DONE

No realization conflict detected, returning plan
Plan:
Agent 0: {0: (6, 0), 1: (6, 1), 2: (5, 1), 3: (4, 1), 4: (4, 1), 5: (4, 1), 6: (4, 1)}
Agent 1: {0: (7, 3), 1: (6, 3), 2: (6, 3), 3: (7, 3), 4: (7, 2), 5: (7, 2), 6: (7, 1)}
Agent 2: {0: (5, 1), 1: (5, 1), 2: (4, 1), 3: (4, 0), 4: (4, 0), 5: (5, 0), 6: (5, 0)}
Agent 3: {0: (0, 7), 1: (0, 7), 2: (0, 6), 3: (0, 5), 4: (0, 5), 5: (1, 5), 6: (1, 5)}
Agent 4: {0: (0, 4), 1: (0, 3), 2: (0, 2), 3: (0, 1), 4: (0, 2), 5: (0, 3), 6: (1, 3)}
Obs 0: {0: (0, 4)}
Obs 1: {0: (5, 1)}
Obs 2: {3: (3, 0)}
Obs 3: {3: (0, 1), 4: (0, 2), 5: (0, 3), 6: (1, 3)}
Obs 4: {1: (6, 3)}
Makespan: 6
Elapsed time: 0.023 sec

